ARM Linker, 4.1 [Build 481] [Standard]

==============================================================================

Section Cross References

    stm32f10x.o(RESET) refers to stm32f10x.o(STACK) for __initial_sp
    stm32f10x.o(RESET) refers to stm32f10x.o(.text) for Reset_Handler
    stm32f10x.o(RESET) refers to stm32f10x_it.o(i.NMIException) for NMIException
    stm32f10x.o(RESET) refers to stm32f10x_it.o(i.HardFaultException) for HardFaultException
    stm32f10x.o(RESET) refers to stm32f10x_it.o(i.MemManageException) for MemManageException
    stm32f10x.o(RESET) refers to stm32f10x_it.o(i.BusFaultException) for BusFaultException
    stm32f10x.o(RESET) refers to stm32f10x_it.o(i.UsageFaultException) for UsageFaultException
    stm32f10x.o(RESET) refers to stm32f10x_it.o(i.SVCHandler) for SVCHandler
    stm32f10x.o(RESET) refers to stm32f10x_it.o(i.DebugMonitor) for DebugMonitor
    stm32f10x.o(RESET) refers to stm32f10x_it.o(i.PendSVC) for PendSVC
    stm32f10x.o(RESET) refers to stm32f10x_it.o(i.SysTickHandler) for SysTickHandler
    stm32f10x.o(RESET) refers to stm32f10x_it.o(i.WWDG_IRQHandler) for WWDG_IRQHandler
    stm32f10x.o(RESET) refers to stm32f10x_it.o(i.PVD_IRQHandler) for PVD_IRQHandler
    stm32f10x.o(RESET) refers to stm32f10x_it.o(i.TAMPER_IRQHandler) for TAMPER_IRQHandler
    stm32f10x.o(RESET) refers to stm32f10x_it.o(i.RTC_IRQHandler) for RTC_IRQHandler
    stm32f10x.o(RESET) refers to stm32f10x_it.o(i.FLASH_IRQHandler) for FLASH_IRQHandler
    stm32f10x.o(RESET) refers to stm32f10x_it.o(i.RCC_IRQHandler) for RCC_IRQHandler
    stm32f10x.o(RESET) refers to stm32f10x_it.o(i.EXTI0_IRQHandler) for EXTI0_IRQHandler
    stm32f10x.o(RESET) refers to stm32f10x_it.o(i.EXTI1_IRQHandler) for EXTI1_IRQHandler
    stm32f10x.o(RESET) refers to stm32f10x_it.o(i.EXTI2_IRQHandler) for EXTI2_IRQHandler
    stm32f10x.o(RESET) refers to stm32f10x_it.o(i.EXTI3_IRQHandler) for EXTI3_IRQHandler
    stm32f10x.o(RESET) refers to stm32f10x_it.o(i.EXTI4_IRQHandler) for EXTI4_IRQHandler
    stm32f10x.o(RESET) refers to stm32f10x_it.o(i.DMAChannel1_IRQHandler) for DMAChannel1_IRQHandler
    stm32f10x.o(RESET) refers to stm32f10x_it.o(i.DMAChannel2_IRQHandler) for DMAChannel2_IRQHandler
    stm32f10x.o(RESET) refers to stm32f10x_it.o(i.DMAChannel3_IRQHandler) for DMAChannel3_IRQHandler
    stm32f10x.o(RESET) refers to stm32f10x_it.o(i.DMAChannel4_IRQHandler) for DMAChannel4_IRQHandler
    stm32f10x.o(RESET) refers to stm32f10x_it.o(i.DMAChannel5_IRQHandler) for DMAChannel5_IRQHandler
    stm32f10x.o(RESET) refers to stm32f10x_it.o(i.DMAChannel6_IRQHandler) for DMAChannel6_IRQHandler
    stm32f10x.o(RESET) refers to stm32f10x_it.o(i.DMAChannel7_IRQHandler) for DMAChannel7_IRQHandler
    stm32f10x.o(RESET) refers to stm32f10x_it.o(i.ADC_IRQHandler) for ADC_IRQHandler
    stm32f10x.o(RESET) refers to stm32f10x_it.o(i.USB_HP_CAN_TX_IRQHandler) for USB_HP_CAN_TX_IRQHandler
    stm32f10x.o(RESET) refers to stm32f10x_it.o(i.USB_LP_CAN_RX0_IRQHandler) for USB_LP_CAN_RX0_IRQHandler
    stm32f10x.o(RESET) refers to stm32f10x_it.o(i.CAN_RX1_IRQHandler) for CAN_RX1_IRQHandler
    stm32f10x.o(RESET) refers to stm32f10x_it.o(i.CAN_SCE_IRQHandler) for CAN_SCE_IRQHandler
    stm32f10x.o(RESET) refers to stm32f10x_it.o(i.EXTI9_5_IRQHandler) for EXTI9_5_IRQHandler
    stm32f10x.o(RESET) refers to stm32f10x_it.o(i.TIM1_BRK_IRQHandler) for TIM1_BRK_IRQHandler
    stm32f10x.o(RESET) refers to stm32f10x_it.o(i.TIM1_UP_IRQHandler) for TIM1_UP_IRQHandler
    stm32f10x.o(RESET) refers to stm32f10x_it.o(i.TIM1_TRG_COM_IRQHandler) for TIM1_TRG_COM_IRQHandler
    stm32f10x.o(RESET) refers to stm32f10x_it.o(i.TIM1_CC_IRQHandler) for TIM1_CC_IRQHandler
    stm32f10x.o(RESET) refers to stm32f10x_it.o(i.TIM2_IRQHandler) for TIM2_IRQHandler
    stm32f10x.o(RESET) refers to stm32f10x_it.o(i.TIM3_IRQHandler) for TIM3_IRQHandler
    stm32f10x.o(RESET) refers to stm32f10x_it.o(i.TIM4_IRQHandler) for TIM4_IRQHandler
    stm32f10x.o(RESET) refers to stm32f10x_it.o(i.I2C1_EV_IRQHandler) for I2C1_EV_IRQHandler
    stm32f10x.o(RESET) refers to stm32f10x_it.o(i.I2C1_ER_IRQHandler) for I2C1_ER_IRQHandler
    stm32f10x.o(RESET) refers to stm32f10x_it.o(i.I2C2_EV_IRQHandler) for I2C2_EV_IRQHandler
    stm32f10x.o(RESET) refers to stm32f10x_it.o(i.I2C2_ER_IRQHandler) for I2C2_ER_IRQHandler
    stm32f10x.o(RESET) refers to stm32f10x_it.o(i.SPI1_IRQHandler) for SPI1_IRQHandler
    stm32f10x.o(RESET) refers to stm32f10x_it.o(i.SPI2_IRQHandler) for SPI2_IRQHandler
    stm32f10x.o(RESET) refers to stm32f10x_it.o(i.USART1_IRQHandler) for USART1_IRQHandler
    stm32f10x.o(RESET) refers to stm32f10x_it.o(i.USART2_IRQHandler) for USART2_IRQHandler
    stm32f10x.o(RESET) refers to stm32f10x_it.o(i.USART3_IRQHandler) for USART3_IRQHandler
    stm32f10x.o(RESET) refers to stm32f10x_it.o(i.EXTI15_10_IRQHandler) for EXTI15_10_IRQHandler
    stm32f10x.o(RESET) refers to stm32f10x_it.o(i.RTCAlarm_IRQHandler) for RTCAlarm_IRQHandler
[...]
    lbs_prepare_and_send_command             0x08009845   Thumb Code   582  cmd.o(i.lbs_prepare_and_send_command)
    lbs_process_command_response             0x0800a0cd   Thumb Code   324  cmd.o(i.lbs_process_command_response)
    lbs_process_rxed_packet                  0x0800a211   Thumb Code   140  rx.o(i.lbs_process_rxed_packet)
    lbs_remove_wep_keys                      0x0800a3e9   Thumb Code    50  cmd.o(i.lbs_remove_wep_keys)
    lbs_rev_pkt                              0x0800a705   Thumb Code    92  marvell_ops.o(i.lbs_rev_pkt)
    lbs_scan_networks                        0x0800a8d1   Thumb Code   328  scan.o(i.lbs_scan_networks)
    lbs_scan_worker                          0x0800aaf1   Thumb Code    14  marvell_ops.o(i.lbs_scan_worker)
    lbs_sendpbuf                             0x0800ab01   Thumb Code   162  ethernetif.o(i.lbs_sendpbuf)
    lbs_set_channel                          0x0800ac3f   Thumb Code    66  cmd.o(i.lbs_set_channel)
    lbs_set_key_material                     0x0800ac81   Thumb Code    98  cmd.o(i.lbs_set_key_material)
    lbs_set_mac_control                      0x0800ace3   Thumb Code    38  cmd.o(i.lbs_set_mac_control)
    lbs_set_radio                            0x0800ad09   Thumb Code   126  cmd.o(i.lbs_set_radio)
    lbs_set_regiontable                      0x0800ad87   Thumb Code   116  marvel_main.o(i.lbs_set_regiontable)
    lbs_set_snmp_mib                         0x0800adfb   Thumb Code   126  cmd.o(i.lbs_set_snmp_mib)
    lbs_set_universaltable                   0x0800ae79   Thumb Code    88  11d.o(i.lbs_set_universaltable)
    lbs_ssid_cmp                             0x0800af31   Thumb Code    36  scan.o(i.lbs_ssid_cmp)
    lbs_start_card                           0x0800af55   Thumb Code    38  marvel_main.o(i.lbs_start_card)
    lbs_thread                               0x0800afa3   Thumb Code   362  marvel_main.o(i.lbs_thread)
    lbs_update_channel                       0x0800b187   Thumb Code    26  cmd.o(i.lbs_update_channel)
    lbs_update_hw_spec                       0x0800b1a1   Thumb Code   268  cmd.o(i.lbs_update_hw_spec)
    low_level_input                          0x0800b3cd   Thumb Code    84  ethernetif.o(i.low_level_input)
    main                                     0x0800b48d   Thumb Code   686  main.o(i.main)
    marvel_assoc_network                     0x0800b9bd   Thumb Code    28  marvell_ops.o(i.marvel_assoc_network)
    marvel_assoc_open_network                0x0800b9d9   Thumb Code    62  assoc.o(i.marvel_assoc_open_network)
    mdelay                                   0x0800ba1d   Thumb Code    20  common.o(i.mdelay)
    mem_free                                 0x0800ba31   Thumb Code    64  mem.o(i.mem_free)
    mem_init                                 0x0800ba7d   Thumb Code    82  mem.o(i.mem_init)
    mem_malloc                               0x0800bae9   Thumb Code   218  mem.o(i.mem_malloc)
    mem_realloc                              0x0800bbd1   Thumb Code   284  mem.o(i.mem_realloc)
    memp_free                                0x0800bcf9   Thumb Code    24  memp.o(i.memp_free)
    memp_init                                0x0800bd15   Thumb Code    82  memp.o(i.memp_init)
    memp_malloc                              0x0800bd79   Thumb Code    60  memp.o(i.memp_malloc)
    mmc_add_card                             0x0800be19   Thumb Code   126  core.o(i.mmc_add_card)
    mmc_align_data_size                      0x0800bf09   Thumb Code    12  core.o(i.mmc_align_data_size)
    mmc_alloc_card                           0x0800bf15   Thumb Code    22  core.o(i.mmc_alloc_card)
    mmc_alloc_host                           0x0800bf31   Thumb Code    36  core.o(i.mmc_alloc_host)
    mmc_attach_sdio                          0x0800bf59   Thumb Code   200  sdio.o(i.mmc_attach_sdio)
    mmc_delay                                0x0800c0f5   Thumb Code    26  common.o(i.mmc_delay)
    mmc_go_idle                              0x0800c115   Thumb Code   100  core.o(i.mmc_go_idle)
    mmc_io_rw_direct                         0x0800c179   Thumb Code   206  sdio.o(i.mmc_io_rw_direct)
    mmc_io_rw_extended                       0x0800c247   Thumb Code   286  sdio.o(i.mmc_io_rw_extended)
    mmc_request_done                         0x0800c3cd   Thumb Code    92  core.o(i.mmc_request_done)
    mmc_rescan                               0x0800c45d   Thumb Code    66  core.o(i.mmc_rescan)
    mmc_select_card                          0x0800c59d   Thumb Code    14  sdio.o(i.mmc_select_card)
    mmc_select_voltage                       0x0800c5ab   Thumb Code    44  core.o(i.mmc_select_voltage)
    mmc_send_if_cond                         0x0800c5d9   Thumb Code    90  sdio.o(i.mmc_send_if_cond)
    mmc_send_io_op_cond                      0x0800c639   Thumb Code   134  sdio.o(i.mmc_send_io_op_cond)
    mmc_send_relative_addr                   0x0800c6bf   Thumb Code    58  sdio.o(i.mmc_send_relative_addr)
    mmc_set_bus_mode                         0x0800c6f9   Thumb Code    18  core.o(i.mmc_set_bus_mode)
    mmc_set_bus_width                        0x0800c70b   Thumb Code    18  core.o(i.mmc_set_bus_width)
    mmc_set_chip_select                      0x0800c71d   Thumb Code    18  core.o(i.mmc_set_chip_select)
    mmc_set_clock                            0x0800c72f   Thumb Code    24  core.o(i.mmc_set_clock)
    mmc_set_data_timeout                     0x0800c749   Thumb Code   184  core.o(i.mmc_set_data_timeout)
    mmc_set_timing                           0x0800c825   Thumb Code    18  core.o(i.mmc_set_timing)
    mmc_wait_for_cmd                         0x0800c899   Thumb Code    48  core.o(i.mmc_wait_for_cmd)
    mmc_wait_for_req                         0x0800c8c9   Thumb Code    38  core.o(i.mmc_wait_for_req)
    ms_delay                                 0x0800c8f5   Thumb Code    14  common.o(i.ms_delay)
    netif_add                                0x0800c909   Thumb Code   126  netif.o(i.netif_add)
    netif_is_up                              0x0800c991   Thumb Code    12  netif.o(i.netif_is_up)
    netif_set_addr                           0x0800c99d   Thumb Code    40  netif.o(i.netif_set_addr)
    netif_set_default                        0x0800c9c5   Thumb Code    10  netif.o(i.netif_set_default)
    netif_set_down                           0x0800c9d5   Thumb Code    24  netif.o(i.netif_set_down)
    netif_set_gw                             0x0800c9ed   Thumb Code    16  netif.o(i.netif_set_gw)
    netif_set_ipaddr                         0x0800c9fd   Thumb Code   122  netif.o(i.netif_set_ipaddr)
    netif_set_netmask                        0x0800ca81   Thumb Code    16  netif.o(i.netif_set_netmask)
    netif_set_up                             0x0800ca91   Thumb Code    44  netif.o(i.netif_set_up)
    ntohl                                    0x0800cabd   Thumb Code    12  inet.o(i.ntohl)
    ntohs                                    0x0800cac9   Thumb Code    12  inet.o(i.ntohs)
    pbuf_alloc                               0x0800cc11   Thumb Code   402  pbuf.o(i.pbuf_alloc)
    pbuf_cat                                 0x0800cda5   Thumb Code    68  pbuf.o(i.pbuf_cat)
    pbuf_chain                               0x0800ce61   Thumb Code    26  pbuf.o(i.pbuf_chain)
    pbuf_clen                                0x0800ce7b   Thumb Code    18  pbuf.o(i.pbuf_clen)
    pbuf_copy                                0x0800ce8d   Thumb Code   232  pbuf.o(i.pbuf_copy)
    pbuf_copy_partial                        0x0800d011   Thumb Code   182  pbuf.o(i.pbuf_copy_partial)
    pbuf_free                                0x0800d14d   Thumb Code   112  pbuf.o(i.pbuf_free)
    pbuf_header                              0x0800d1bd   Thumb Code   154  pbuf.o(i.pbuf_header)
    pbuf_realloc                             0x0800d2b9   Thumb Code   100  pbuf.o(i.pbuf_realloc)
    pbuf_ref                                 0x0800d31d   Thumb Code    10  pbuf.o(i.pbuf_ref)
    pool_sdio_interrupt                      0x0800d455   Thumb Code    30  if_sdio.o(i.pool_sdio_interrupt)
    print_enckey                             0x0800d475   Thumb Code    34  assoc.o(i.print_enckey)
    print_ssid                               0x0800d4c9   Thumb Code   162  common.o(i.print_ssid)
    raw_input                                0x0800d65d   Thumb Code   100  raw.o(i.raw_input)
    recv_mac_event                           0x0800d6cd   Thumb Code    32  main.o(i.recv_mac_event)
    rest_sys_mem                             0x0800d6f1   Thumb Code    12  lwip.o(i.rest_sys_mem)
    sdio_add_func                            0x0800d6fd   Thumb Code    14  core.o(i.sdio_add_func)
    sdio_align_size                          0x0800d70b   Thumb Code   168  sdio.o(i.sdio_align_size)
    sdio_alloc_func                          0x0800d7b5   Thumb Code    20  core.o(i.sdio_alloc_func)
    sdio_bus_probe                           0x0800d7cd   Thumb Code    50  core.o(i.sdio_bus_probe)
    sdio_claim_irq                           0x0800d82f   Thumb Code   118  core.o(i.sdio_claim_irq)
    sdio_enable_func                         0x0800d8f3   Thumb Code   142  core.o(i.sdio_enable_func)
    sdio_io_rw_ext_helper                    0x0800daad   Thumb Code   314  sdio.o(i.sdio_io_rw_ext_helper)
    sdio_irq_thread                          0x0800dbe7   Thumb Code    36  sdio.o(i.sdio_irq_thread)
    sdio_read_common_cis                     0x0800e061   Thumb Code    14  sdio_cis.o(i.sdio_read_common_cis)
    sdio_read_func_cis                       0x0800e0cd   Thumb Code    44  sdio_cis.o(i.sdio_read_func_cis)
    sdio_readb                               0x0800e0f9   Thumb Code    52  sdio.o(i.sdio_readb)
    sdio_set_block_size                      0x0800e12d   Thumb Code   142  core.o(i.sdio_set_block_size)
    sdio_writeb                              0x0800e1bb   Thumb Code    42  sdio.o(i.sdio_writeb)
    set_bit                                  0x0800e315   Thumb Code    12  assoc.o(i.set_bit)
    state_pro                                0x0800e559   Thumb Code   370  netapp.o(i.state_pro)
    stm32_irq                                0x0800e811   Thumb Code   472  s3cmci.o(i.stm32_irq)
    stm32_probe                              0x0800eb4d   Thumb Code   116  s3cmci.o(i.stm32_probe)
    tcp_abandon                              0x0800efb5   Thumb Code   160  tcp.o(i.tcp_abandon)
    tcp_accept                               0x0800f079   Thumb Code     4  tcp.o(i.tcp_accept)
    tcp_alloc                                0x0800f085   Thumb Code   202  tcp.o(i.tcp_alloc)
    tcp_arg                                  0x0800f191   Thumb Code     4  tcp.o(i.tcp_arg)
    tcp_bind                                 0x0800f195   Thumb Code   262  tcp.o(i.tcp_bind)
    tcp_close                                0x0800f331   Thumb Code   304  tcp.o(i.tcp_close)
    tcp_debug_print                          0x0800f4c9   Thumb Code   384  tcp.o(i.tcp_debug_print)
    tcp_debug_print_flags                    0x0800f78d   Thumb Code   180  tcp.o(i.tcp_debug_print_flags)
    tcp_debug_print_state                    0x0800f885   Thumb Code   218  tcp.o(i.tcp_debug_print_state)
    tcp_eff_send_mss                         0x0800f9e9   Thumb Code    46  tcp.o(i.tcp_eff_send_mss)
    tcp_enqueue                              0x0800fa19   Thumb Code  1958  tcp_out.o(i.tcp_enqueue)
    tcp_err                                  0x08010239   Thumb Code     6  tcp.o(i.tcp_err)
    tcp_fasttmr                              0x08010241   Thumb Code   140  tcp.o(i.tcp_fasttmr)
    tcp_input                                0x08010311   Thumb Code  1750  tcp_in.o(i.tcp_input)
    tcp_keepalive                            0x08010a71   Thumb Code   214  tcp_out.o(i.tcp_keepalive)
    tcp_listen_with_backlog                  0x08010f9d   Thumb Code   236  tcp.o(i.tcp_listen_with_backlog)
    tcp_new                                  0x080110fd   Thumb Code    10  tcp.o(i.tcp_new)
    tcp_next_iss                             0x08011181   Thumb Code    20  tcp.o(i.tcp_next_iss)
    tcp_output                               0x0801119d   Thumb Code   832  tcp_out.o(i.tcp_output)
    tcp_pcb_purge                            0x080118ad   Thumb Code   196  tcp.o(i.tcp_pcb_purge)
    tcp_pcb_remove                           0x08011a29   Thumb Code   136  tcp.o(i.tcp_pcb_remove)
    tcp_recv                                 0x08012dd9   Thumb Code     6  tcp.o(i.tcp_recv)
    tcp_recved                               0x08012e09   Thumb Code    92  tcp.o(i.tcp_recved)
    tcp_rexmit                               0x08012e99   Thumb Code    86  tcp_out.o(i.tcp_rexmit)
    tcp_rexmit_rto                           0x08012eef   Thumb Code    58  tcp_out.o(i.tcp_rexmit_rto)
    tcp_rst                                  0x08012f29   Thumb Code   214  tcp_out.o(i.tcp_rst)
    tcp_seg_free                             0x08013055   Thumb Code    36  tcp.o(i.tcp_seg_free)
    tcp_segs_free                            0x08013079   Thumb Code    30  tcp.o(i.tcp_segs_free)
    tcp_send_ctrl                            0x08013097   Thumb Code    28  tcp_out.o(i.tcp_send_ctrl)
    tcp_sent                                 0x080130b3   Thumb Code     6  tcp.o(i.tcp_sent)
    tcp_server_init                          0x080130b9   Thumb Code    40  netapp.o(i.tcp_server_init)
    tcp_slowtmr                              0x080130e9   Thumb Code   870  tcp.o(i.tcp_slowtmr)
    tcp_update_rcv_ann_wnd                   0x08013651   Thumb Code    56  tcp.o(i.tcp_update_rcv_ann_wnd)
    tcp_write                                0x08013689   Thumb Code   106  tcp_out.o(i.tcp_write)
    tcp_zero_window_probe                    0x08013751   Thumb Code   230  tcp_out.o(i.tcp_zero_window_probe)
    test_bit                                 0x0801389d   Thumb Code    30  assoc.o(i.test_bit)
    time_after                               0x080138bb   Thumb Code    26  common.o(i.time_after)
    timer2_int                               0x080138d5   Thumb Code    74  lwip.o(i.timer2_int)
    timer_thread                             0x08013935   Thumb Code    62  lwip.o(i.timer_thread)
    timerbase_config                         0x08013981   Thumb Code    66  system.o(i.timerbase_config)
    udp_bind                                 0x080139e5   Thumb Code   122  udp.o(i.udp_bind)
    udp_connect                              0x08013a65   Thumb Code    98  udp.o(i.udp_connect)
    udp_input                                0x08013acd   Thumb Code   516  udp.o(i.udp_input)
    udp_new                                  0x08013cd5   Thumb Code    28  udp.o(i.udp_new)
    udp_recv                                 0x08013cf1   Thumb Code     6  udp.o(i.udp_recv)
    udp_remove                               0x08013cf9   Thumb Code    60  udp.o(i.udp_remove)
    udp_sendto_if                            0x08013d39   Thumb Code   268  udp.o(i.udp_sendto_if)
    wait_for_data_end                        0x08013f3d   Thumb Code    72  rx.o(i.wait_for_data_end)
    watch_dog_config                         0x08013fa5   Thumb Code    30  system.o(i.watch_dog_config)
    wpa_hexdump_key                          0x08013fc5   Thumb Code    30  common.o(i.wpa_hexdump_key)
    wpa_printf                               0x08013fe9   Thumb Code    38  common.o(i.wpa_printf)
    write_flash                              0x08014019   Thumb Code    94  system.o(i.write_flash)
    write_flash_config                       0x0801408d   Thumb Code    18  parmcfg.o(i.write_flash_config)
    if_sdio_ids                              0x08014100   Data          18  core.o(.constdata)
    help_firmware_array                      0x080144b7   Data        2140  help_firmware.o(.constdata)
    marvel_firmware_array                    0x08014d24   Data       96716  marvel8385_firmware.o(.constdata)
    const_chan_parm                          0x0802c6f0   Data          98  scan.o(.constdata)
    ethbroadcast                             0x0802c762   Data           6  etharp.o(.constdata)
    ethzero                                  0x0802c768   Data           6  etharp.o(.constdata)
    tcp_backoff                              0x0802c794   Data          13  tcp.o(.constdata)
    tcp_persist_backoff                      0x0802c7a1   Data           7  tcp.o(.constdata)
    ip_addr_any                              0x0802cb06   Data           4  ip_addr.o(.constdata)
    ip_addr_broadcast                        0x0802cb0a   Data           4  ip_addr.o(.constdata)
    html                                     0x0802cb0e   Data        3455  sample_http.o(.constdata)
    test_html                                0x0802d88d   Data         607  sample_http.o(.constdata)
    __ctype_table                            0x0802dbbe   Data         129  ctype_o.o(.constdata)
    Region$$Table$$Base                      0x0802dc44   Number         0  anon$$obj.o(Region$$Table)
    Region$$Table$$Limit                     0x0802dc64   Number         0  anon$$obj.o(Region$$Table)
    g_random                                 0x20000004   Data           4  common.o(.data)
    newpower_time_out_current_state          0x2000000c   Data           4  assoc.o(.data)
    wpa_debug_level                          0x20000010   Data           4  assoc.o(.data)
    psk_out                                  0x20000014   Data           4  assoc.o(.data)
    sdio_sys_wait                            0x20000018   Data           1  marvell_ops.o(.data)
    pgmarvel_priv                            0x2000001c   Data           4  marvell_ops.o(.data)
    app_time                                 0x20000024   Data           4  lwip.o(.data)
    app_time2                                0x20000028   Data           4  lwip.o(.data)
    netif_list                               0x20000058   Data           4  netif.o(.data)
    netif_default                            0x2000005c   Data           4  netif.o(.data)
    tcp_ticks                                0x2000006c   Data           4  tcp.o(.data)
    tcp_bound_pcbs                           0x20000070   Data           4  tcp.o(.data)
    tcp_listen_pcbs                          0x20000074   Data           4  tcp.o(.data)
    tcp_active_pcbs                          0x20000078   Data           4  tcp.o(.data)
    tcp_tw_pcbs                              0x2000007c   Data           4  tcp.o(.data)
    tcp_tmp_pcb                              0x20000080   Data           4  tcp.o(.data)
    tcp_input_pcb                            0x200000a4   Data           4  tcp_in.o(.data)
    udp_pcbs                                 0x200000a8   Data           4  udp.o(.data)
    runtime                                  0x200000c0   Data           4  sample_http.o(.data)
    counter                                  0x200000c4   Data           4  sample_http.o(.data)
    marvel_mode                              0x200000d0   Data           1  parmcfg.o(.data)
    marvel_ssid                              0x200000d1   Data          32  parmcfg.o(.data)
    marvel_key                               0x200000f1   Data          32  parmcfg.o(.data)
    wireless_ip                              0x20000111   Data           4  parmcfg.o(.data)
    wireless_mask                            0x20000115   Data           4  parmcfg.o(.data)
    wireless_gw                              0x20000119   Data           4  parmcfg.o(.data)
    wireless_dns                             0x2000011d   Data           4  parmcfg.o(.data)
    wireless_mac                             0x20000121   Data           6  parmcfg.o(.data)
    lbs_region_code_to_index                 0x20000454   Data          12  marvel_main.o(.data)
    lbs_bg_rates                             0x20000460   Data          14  marvel_main.o(.data)
    __stdout                                 0x2000047c   Data           4  stdout.o(.data)
    netif                                    0x200015cc   Data          56  lwip.o(.bss)
    enc_netif                                0x20001604   Data          56  lwip.o(.bss)
    default_netif                            0x2000163c   Data          56  lwip.o(.bss)
    html_buffer                              0x20005dd4   Data         512  sample_http.o(.bss)
    __initial_sp                             0x2000b198   Data           0  stm32f10x.o(STACK)



==============================================================================

Memory Map of the image

  Image Entry point : 0x08000131

  Load Region LR_IROM1 (Base: 0x08000000, Size: 0x0002e0e4, Max: 0x00040000, ABSOLUTE, COMPRESSED[0x0002ddc8])

    Execution Region ER_IROM1 (Base: 0x08000000, Size: 0x0002dc64, Max: 0x00040000, ABSOLUTE)

    Base Addr    Size         Type   Attr      Idx    E Section Name        Object

    0x08000000   0x00000130   Data   RO            3    RESET               stm32f10x.o
    0x08000130   0x00000000   Code   RO         6826  * .ARM.Collect$$$$00000000  mc_w.l(entry.o)(mc_w.l)
    0x08000130   0x00000004   Code   RO         7142    .ARM.Collect$$$$00000001  mc_w.l(entry2.o)(mc_w.l)
    0x08000134   0x00000004   Code   RO         7145    .ARM.Collect$$$$00000004  mc_w.l(entry5.o)(mc_w.l)
    0x08000138   0x00000008   Code   RO         7146    .ARM.Collect$$$$00000007  mc_w.l(entry7.o)(mc_w.l)
    0x08000140   0x00000004   Code   RO         7143    .ARM.Collect$$$$00002712  mc_w.l(entry2.o)(mc_w.l)
    0x08000144   0x00000008   Code   RO            4    .text               stm32f10x.o
    0x0800014c   0x00000008   Code   RO         6829    .text               mc_w.l(ctype_o.o)(mc_w.l)
    0x08000154   0x0000000c   Code   RO         6857    .text               mc_w.l(toupper.o)(mc_w.l)
    0x08000160   0x00000040   Code   RO         6861    .text               mc_w.l(memmovea.o)(mc_w.l)
    0x080001a0   0x00000026   Code   RO         6863    .text               mc_w.l(memseta.o)(mc_w.l)
    0x080001c6   0x00000010   Code   RO         6869    .text               mc_w.l(strlen.o)(mc_w.l)
    0x080001d6   0x0000001c   Code   RO         6871    .text               mc_w.l(strcmp.o)(mc_w.l)
    0x080001f2   0x0000001a   Code   RO         6873    .text               mc_w.l(memcmp.o)(mc_w.l)
    0x0800020c   0x00000012   Code   RO         6875    .text               mc_w.l(strcpy.o)(mc_w.l)
    0x0800021e   0x0000002c   Code   RO         7148    .text               mc_w.l(uidiv.o)(mc_w.l)
    0x0800024a   0x00000066   Code   RO         7150    .text               mc_w.l(uldiv.o)(mc_w.l)
    0x080002b0   0x00000000   Code   RO         7152    .text               mc_w.l(iusefp.o)(mc_w.l)
    0x080002b0   0x0000014a   Code   RO         7153    .text               mf_w.l(dadd.o)(mf_w.l)
    0x080003fa   0x000000e2   Code   RO         7155    .text               mf_w.l(dmul.o)(mf_w.l)
    0x080004dc   0x000000de   Code   RO         7157    .text               mf_w.l(ddiv.o)(mf_w.l)
    0x080005ba   0x00000030   Code   RO         7159    .text               mf_w.l(dfixul.o)(mf_w.l)
    0x080005ea   0x00000002   PAD
    0x080005ec   0x00000028   Code   RO         7161    .text               mf_w.l(cdrcmple.o)(mf_w.l)
    0x08000614   0x00000024   Code   RO         7163    .text               mc_w.l(init.o)(mc_w.l)
    0x08000638   0x0000001e   Code   RO         7165    .text               mc_w.l(llshl.o)(mc_w.l)
    0x08000656   0x00000020   Code   RO         7167    .text               mc_w.l(llushr.o)(mc_w.l)
    0x08000676   0x00000024   Code   RO         7169    .text               mc_w.l(llsshr.o)(mc_w.l)
    0x0800069a   0x000000c2   Code   RO         7171    .text               mf_w.l(depilogue.o)(mf_w.l)
    0x0800075c   0x0000005c   Code   RO         7181    .text               mc_w.l(__dczerorl2.o)(mc_w.l)
    0x080007b8   0x00000002   Code   RO           10    i.ADC3_IRQHander    stm32f10x_it.o
    0x080007ba   0x00000002   Code   RO           11    i.ADC_IRQHandler    stm32f10x_it.o
    0x080007bc   0x00000002   Code   RO           12    i.BusFaultException  stm32f10x_it.o
    0x080007be   0x00000002   Code   RO           13    i.CAN_RX1_IRQHandler  stm32f10x_it.o
    0x080007c0   0x00000002   Code   RO           14    i.CAN_SCE_IRQHandler  stm32f10x_it.o
    0x080007c2   0x00000002   Code   RO           15    i.DMA2_Channel1_IRQHander  stm32f10x_it.o
    0x080007c4   0x00000002   Code   RO           16    i.DMA2_Channel2_IRQHander  stm32f10x_it.o
    0x080007c6   0x00000002   Code   RO           17    i.DMA2_Channel3_IRQHander  stm32f10x_it.o
    0x080007c8   0x00000002   Code   RO           18    i.DMA2_Channel4_5_IRQHander  stm32f10x_it.o
    0x080007ca   0x00000002   Code   RO           19    i.DMAChannel1_IRQHandler  stm32f10x_it.o
    0x080007cc   0x00000002   Code   RO           20    i.DMAChannel2_IRQHandler  stm32f10x_it.o
    0x080007ce   0x00000002   Code   RO           21    i.DMAChannel3_IRQHandler  stm32f10x_it.o
    0x080007d0   0x00000002   Code   RO           22    i.DMAChannel4_IRQHandler  stm32f10x_it.o
    0x080007d2   0x00000002   Code   RO           23    i.DMAChannel5_IRQHandler  stm32f10x_it.o
    0x080007d4   0x00000002   Code   RO           24    i.DMAChannel6_IRQHandler  stm32f10x_it.o
    0x080007d6   0x00000002   Code   RO           25    i.DMAChannel7_IRQHandler  stm32f10x_it.o
    0x080007d8   0x00000014   Code   RO         4408    i.DMA_ClearFlag     STM32F10xR.LIB(stm32f10x_dma.o)(STM32F10xR.LIB)
    0x080007ec   0x00000014   Code   RO         4410    i.DMA_Cmd           STM32F10xR.LIB(stm32f10x_dma.o)(STM32F10xR.LIB)
    0x08000800   0x00000020   Code   RO         4413    i.DMA_GetFlagStatus  STM32F10xR.LIB(stm32f10x_dma.o)(STM32F10xR.LIB)
    0x08000820   0x0000003a   Code   RO         4416    i.DMA_Init          STM32F10xR.LIB(stm32f10x_dma.o)(STM32F10xR.LIB)
    0x0800085a   0x00000002   PAD
    0x0800085c   0x00000064   Code   RO         1087    i.DMA_RxConfiguration  s3cmci.o
    0x080008c0   0x00000064   Code   RO         1088    i.DMA_TxConfiguration  s3cmci.o
    0x08000924   0x00000002   Code   RO           26    i.DebugMonitor      stm32f10x_it.o
    0x08000926   0x00000020   Code   RO         1089    i.DisableIrq        s3cmci.o
    0x08000946   0x00000002   Code   RO          695    i.ERR_PTR           common.o
    0x08000948   0x00000002   Code   RO           27    i.EXTI0_IRQHandler  stm32f10x_it.o
    0x0800094a   0x00000002   Code   RO           28    i.EXTI15_10_IRQHandler  stm32f10x_it.o
    0x0800094c   0x00000002   Code   RO           29    i.EXTI1_IRQHandler  stm32f10x_it.o
    0x0800094e   0x00000002   Code   RO           30    i.EXTI2_IRQHandler  stm32f10x_it.o
    0x08000950   0x00000002   Code   RO           31    i.EXTI3_IRQHandler  stm32f10x_it.o
    0x08000952   0x00000002   Code   RO           32    i.EXTI4_IRQHandler  stm32f10x_it.o
    0x08000954   0x00000002   Code   RO           33    i.EXTI9_5_IRQHandler  stm32f10x_it.o
    0x08000956   0x00000022   Code   RO         1090    i.EnableIrq         s3cmci.o
    0x08000978   0x0000000c   Code   RO         4477    i.FLASH_ClearFlag   STM32F10xR.LIB(stm32f10x_flash.o)(STM32F10xR.LIB)
    0x08000984   0x00000040   Code   RO         4481    i.FLASH_ErasePage   STM32F10xR.LIB(stm32f10x_flash.o)(STM32F10xR.LIB)
    0x080009c4   0x00000028   Code   RO         4485    i.FLASH_GetStatus   STM32F10xR.LIB(stm32f10x_flash.o)(STM32F10xR.LIB)
    0x080009ec   0x00000002   Code   RO           34    i.FLASH_IRQHandler  stm32f10x_it.o
    0x080009ee   0x00000002   PAD
    0x080009f0   0x00000010   Code   RO         4490    i.FLASH_Lock        STM32F10xR.LIB(stm32f10x_flash.o)(STM32F10xR.LIB)
    0x08000a00   0x00000018   Code   RO         4491    i.FLASH_PrefetchBufferCmd  STM32F10xR.LIB(stm32f10x_flash.o)(STM32F10xR.LIB)
    0x08000a18   0x00000038   Code   RO         4492    i.FLASH_ProgramHalfWord  STM32F10xR.LIB(stm32f10x_flash.o)(STM32F10xR.LIB)
    0x08000a50   0x00000018   Code   RO         4496    i.FLASH_SetLatency  STM32F10xR.LIB(stm32f10x_flash.o)(STM32F10xR.LIB)
    0x08000a68   0x00000018   Code   RO         4497    i.FLASH_Unlock      STM32F10xR.LIB(stm32f10x_flash.o)(STM32F10xR.LIB)
    0x08000a80   0x00000028   Code   RO         4499    i.FLASH_WaitForLastOperation  STM32F10xR.LIB(stm32f10x_flash.o)(STM32F10xR.LIB)
    0x08000aa8   0x00000002   Code   RO           35    i.FSMC_IRQHander    stm32f10x_it.o
    0x08000aaa   0x00000002   PAD
    0x08000aac   0x00000124   Code   RO          522    i.GPIO_Configuration  system.o
    0x08000bd0   0x0000009a   Code   RO         4629    i.GPIO_Init         STM32F10xR.LIB(stm32f10x_gpio.o)(STM32F10xR.LIB)
    0x08000c6a   0x00000004   Code   RO         4637    i.GPIO_SetBits      STM32F10xR.LIB(stm32f10x_gpio.o)(STM32F10xR.LIB)
    0x08000c6e   0x00000002   PAD
    0x08000c70   0x0000001c   Code   RO           36    i.HardFaultException  stm32f10x_it.o
    0x08000c8c   0x00000002   Code   RO           37    i.I2C1_ER_IRQHandler  stm32f10x_it.o
    0x08000c8e   0x00000002   Code   RO           38    i.I2C1_EV_IRQHandler  stm32f10x_it.o
    0x08000c90   0x00000002   Code   RO           39    i.I2C2_ER_IRQHandler  stm32f10x_it.o
    0x08000c92   0x00000002   Code   RO           40    i.I2C2_EV_IRQHandler  stm32f10x_it.o
    0x08000c94   0x00000006   Code   RO         2065    i.INIT_LIST_HEAD    scan.o
    0x08000c9a   0x00000006   Code   RO         6627    i.INIT_LIST_HEAD    STM32F10xR.LIB(marvel_main.o)(STM32F10xR.LIB)
    0x08000ca0   0x00000010   Code   RO          696    i.IS_ERR            common.o
    0x08000cb0   0x00000010   Code   RO         4737    i.IWDG_ReloadCounter  STM32F10xR.LIB(stm32f10x_iwdg.o)(STM32F10xR.LIB)
    0x08000cc0   0x0000000c   Code   RO         4738    i.IWDG_SetPrescaler  STM32F10xR.LIB(stm32f10x_iwdg.o)(STM32F10xR.LIB)
    0x08000ccc   0x0000000c   Code   RO         4739    i.IWDG_SetReload    STM32F10xR.LIB(stm32f10x_iwdg.o)(STM32F10xR.LIB)
    0x08000cd8   0x0000000c   Code   RO         4740    i.IWDG_WriteAccessCmd  STM32F10xR.LIB(stm32f10x_iwdg.o)(STM32F10xR.LIB)
    0x08000ce4   0x00000194   Code   RO         2225    i.Init_lwIP         lwip.o
    0x08000e78   0x00000002   Code   RO           41    i.MemManageException  stm32f10x_it.o
    0x08000e7a   0x00000002   Code   RO           42    i.NMIException      stm32f10x_it.o
    0x08000e7c   0x0000002a   Code   RO          523    i.NVIC_Configuration  system.o
    0x08000ea6   0x00000002   PAD
    0x08000ea8   0x00000010   Code   RO         4785    i.NVIC_GenerateSystemReset  STM32F10xR.LIB(stm32f10x_nvic.o)(STM32F10xR.LIB)
    0x08000eb8   0x00000074   Code   RO         4796    i.NVIC_Init         STM32F10xR.LIB(stm32f10x_nvic.o)(STM32F10xR.LIB)
    0x08000f2c   0x00000014   Code   RO         4805    i.NVIC_SetVectorTable  STM32F10xR.LIB(stm32f10x_nvic.o)(STM32F10xR.LIB)
    0x08000f40   0x00000002   Code   RO          697    i.PTR_ERR           common.o
    0x08000f42   0x00000002   Code   RO           43    i.PVD_IRQHandler    stm32f10x_it.o
    0x08000f44   0x00000002   Code   RO           44    i.PendSVC           stm32f10x_it.o
    0x08000f46   0x00000002   PAD
    0x08000f48   0x00000014   Code   RO         4969    i.RCC_ADCCLKConfig  STM32F10xR.LIB(stm32f10x_rcc.o)(STM32F10xR.LIB)
    0x08000f5c   0x00000018   Code   RO         4970    i.RCC_AHBPeriphClockCmd  STM32F10xR.LIB(stm32f10x_rcc.o)(STM32F10xR.LIB)
    0x08000f74   0x00000018   Code   RO         4971    i.RCC_APB1PeriphClockCmd  STM32F10xR.LIB(stm32f10x_rcc.o)(STM32F10xR.LIB)
    0x08000f8c   0x00000018   Code   RO         4973    i.RCC_APB2PeriphClockCmd  STM32F10xR.LIB(stm32f10x_rcc.o)(STM32F10xR.LIB)
    0x08000fa4   0x0000009c   Code   RO          524    i.RCC_Configuration  system.o
    0x08001040   0x0000003c   Code   RO         4980    i.RCC_DeInit        STM32F10xR.LIB(stm32f10x_rcc.o)(STM32F10xR.LIB)
    0x0800107c   0x00000094   Code   RO         4981    i.RCC_GetClocksFreq  STM32F10xR.LIB(stm32f10x_rcc.o)(STM32F10xR.LIB)
    0x08001110   0x00000030   Code   RO         4982    i.RCC_GetFlagStatus  STM32F10xR.LIB(stm32f10x_rcc.o)(STM32F10xR.LIB)
    0x08001140   0x00000010   Code   RO         4984    i.RCC_GetSYSCLKSource  STM32F10xR.LIB(stm32f10x_rcc.o)(STM32F10xR.LIB)
    0x08001150   0x00000014   Code   RO         4985    i.RCC_HCLKConfig    STM32F10xR.LIB(stm32f10x_rcc.o)(STM32F10xR.LIB)
    0x08001164   0x00000034   Code   RO         4986    i.RCC_HSEConfig     STM32F10xR.LIB(stm32f10x_rcc.o)(STM32F10xR.LIB)
    0x08001198   0x00000002   Code   RO           45    i.RCC_IRQHandler    stm32f10x_it.o
    0x0800119a   0x00000002   PAD
    0x0800119c   0x00000014   Code   RO         4992    i.RCC_PCLK1Config   STM32F10xR.LIB(stm32f10x_rcc.o)(STM32F10xR.LIB)
    0x080011b0   0x00000014   Code   RO         4993    i.RCC_PCLK2Config   STM32F10xR.LIB(stm32f10x_rcc.o)(STM32F10xR.LIB)
    0x080011c4   0x0000000c   Code   RO         4994    i.RCC_PLLCmd        STM32F10xR.LIB(stm32f10x_rcc.o)(STM32F10xR.LIB)
    0x080011d0   0x00000014   Code   RO         4995    i.RCC_PLLConfig     STM32F10xR.LIB(stm32f10x_rcc.o)(STM32F10xR.LIB)
    0x080011e4   0x00000014   Code   RO         4998    i.RCC_SYSCLKConfig  STM32F10xR.LIB(stm32f10x_rcc.o)(STM32F10xR.LIB)
    0x080011f8   0x00000034   Code   RO         5000    i.RCC_WaitForHSEStartUp  STM32F10xR.LIB(stm32f10x_rcc.o)(STM32F10xR.LIB)
    0x0800122c   0x00000002   Code   RO           46    i.RTCAlarm_IRQHandler  stm32f10x_it.o
    0x0800122e   0x00000002   Code   RO           47    i.RTC_IRQHandler    stm32f10x_it.o
    0x08001230   0x0000000c   Code   RO         5171    i.SDIO_ClearFlag    STM32F10xR.LIB(stm32f10x_sdio.o)(STM32F10xR.LIB)
    0x0800123c   0x0000000c   Code   RO         5173    i.SDIO_ClockCmd     STM32F10xR.LIB(stm32f10x_sdio.o)(STM32F10xR.LIB)
    0x08001248   0x0000000c   Code   RO         5176    i.SDIO_DMACmd       STM32F10xR.LIB(stm32f10x_sdio.o)(STM32F10xR.LIB)
    0x08001254   0x0000002c   Code   RO         5177    i.SDIO_DataConfig   STM32F10xR.LIB(stm32f10x_sdio.o)(STM32F10xR.LIB)
    0x08001280   0x00000008   Code   RO           48    i.SDIO_IRQHander    stm32f10x_it.o
    0x08001288   0x00000018   Code   RO         5187    i.SDIO_ITConfig     STM32F10xR.LIB(stm32f10x_sdio.o)(STM32F10xR.LIB)
    0x080012a0   0x0000002c   Code   RO         5188    i.SDIO_Init         STM32F10xR.LIB(stm32f10x_sdio.o)(STM32F10xR.LIB)
    0x080012cc   0x00000028   Code   RO         5191    i.SDIO_SendCommand  STM32F10xR.LIB(stm32f10x_sdio.o)(STM32F10xR.LIB)
    0x080012f4   0x00000018   Code   RO         5193    i.SDIO_SetPowerState  STM32F10xR.LIB(stm32f10x_sdio.o)(STM32F10xR.LIB)
    0x0800130c   0x00000002   Code   RO           49    i.SPI1_IRQHandler   stm32f10x_it.o
    0x0800130e   0x00000002   Code   RO           50    i.SPI2_IRQHandler   stm32f10x_it.o
    0x08001310   0x00000002   Code   RO           51    i.SPI3_IRQHander    stm32f10x_it.o
    0x08001312   0x00000002   Code   RO           52    i.SVCHandler        stm32f10x_it.o
    0x08001314   0x00000002   Code   RO           53    i.SysTickHandler    stm32f10x_it.o
    0x08001316   0x00000002   Code   RO           54    i.TAMPER_IRQHandler  stm32f10x_it.o
    0x08001318   0x00000002   Code   RO           55    i.TIM1_BRK_IRQHandler  stm32f10x_it.o
    0x0800131a   0x00000002   Code   RO           56    i.TIM1_CC_IRQHandler  stm32f10x_it.o
    0x0800131c   0x00000002   Code   RO           57    i.TIM1_TRG_COM_IRQHandler  stm32f10x_it.o
    0x0800131e   0x00000002   Code   RO           58    i.TIM1_UP_IRQHandler  stm32f10x_it.o
    0x08001320   0x00000008   Code   RO           59    i.TIM2_IRQHandler   stm32f10x_it.o
    0x08001328   0x00000002   Code   RO           60    i.TIM3_IRQHandler   stm32f10x_it.o
    0x0800132a   0x00000002   Code   RO           61    i.TIM4_IRQHandler   stm32f10x_it.o
    0x0800132c   0x00000002   Code   RO           62    i.TIM5_IRQHander    stm32f10x_it.o
    0x0800132e   0x00000002   Code   RO           63    i.TIM6_IRQHander    stm32f10x_it.o
    0x08001330   0x00000002   Code   RO           64    i.TIM7_IRQHander    stm32f10x_it.o
    0x08001332   0x00000002   Code   RO           65    i.TIM8_BRK_IRQHander  stm32f10x_it.o
    0x08001334   0x00000002   Code   RO           66    i.TIM8_CC_IRQHander  stm32f10x_it.o
    0x08001336   0x00000002   Code   RO           67    i.TIM8_TRG_COM_IRQHander  stm32f10x_it.o
    0x08001338   0x00000002   Code   RO           68    i.TIM8_UP_IRQHander  stm32f10x_it.o
    0x0800133a   0x00000006   Code   RO         5368    i.TIM_ClearITPendingBit  STM32F10xR.LIB(stm32f10x_tim.o)(STM32F10xR.LIB)
    0x08001340   0x00000016   Code   RO         5373    i.TIM_Cmd           STM32F10xR.LIB(stm32f10x_tim.o)(STM32F10xR.LIB)
    0x08001356   0x00000018   Code   RO         5394    i.TIM_GetITStatus   STM32F10xR.LIB(stm32f10x_tim.o)(STM32F10xR.LIB)
    0x0800136e   0x00000010   Code   RO         5398    i.TIM_ITConfig      STM32F10xR.LIB(stm32f10x_tim.o)(STM32F10xR.LIB)
    0x0800137e   0x00000006   Code   RO         5422    i.TIM_PrescalerConfig  STM32F10xR.LIB(stm32f10x_tim.o)(STM32F10xR.LIB)
    0x08001384   0x0000003c   Code   RO         5444    i.TIM_TimeBaseInit  STM32F10xR.LIB(stm32f10x_tim.o)(STM32F10xR.LIB)
    0x080013c0   0x00000002   Code   RO           69    i.UART4_IRQHander   stm32f10x_it.o
    0x080013c2   0x00000002   Code   RO           70    i.UART5_IRQHander   stm32f10x_it.o
    0x080013c4   0x00000002   Code   RO           71    i.USART1_IRQHandler  stm32f10x_it.o
    0x080013c6   0x00000002   Code   RO           72    i.USART2_IRQHandler  stm32f10x_it.o
    0x080013c8   0x00000002   Code   RO           73    i.USART3_IRQHandler  stm32f10x_it.o
    0x080013ca   0x0000001e   Code   RO         5897    i.USART_ClockInit   STM32F10xR.LIB(stm32f10x_usart.o)(STM32F10xR.LIB)
    0x080013e8   0x00000014   Code   RO         5899    i.USART_Cmd         STM32F10xR.LIB(stm32f10x_usart.o)(STM32F10xR.LIB)
    0x080013fc   0x00000058   Code   RO          525    i.USART_Configuration  system.o
    0x08001454   0x0000000e   Code   RO         5902    i.USART_GetFlagStatus  STM32F10xR.LIB(stm32f10x_usart.o)(STM32F10xR.LIB)
    0x08001462   0x00000002   PAD
    0x08001464   0x0000008c   Code   RO         5906    i.USART_Init        STM32F10xR.LIB(stm32f10x_usart.o)(STM32F10xR.LIB)
    0x080014f0   0x00000008   Code   RO         5914    i.USART_SendData    STM32F10xR.LIB(stm32f10x_usart.o)(STM32F10xR.LIB)
    0x080014f8   0x00000002   Code   RO           74    i.USBWakeUp_IRQHandler  stm32f10x_it.o
    0x080014fa   0x00000002   Code   RO           75    i.USB_HP_CAN_TX_IRQHandler  stm32f10x_it.o
    0x080014fc   0x00000002   Code   RO           76    i.USB_LP_CAN_RX0_IRQHandler  stm32f10x_it.o
    0x080014fe   0x00000002   Code   RO           77    i.UsageFaultException  stm32f10x_it.o
    0x08001500   0x00000002   Code   RO           78    i.WWDG_IRQHandler   stm32f10x_it.o
    0x08001502   0x00000002   PAD
    0x08001504   0x00000020   Code   RO         7088    i.__0printf$8       mc_w.l(printf8.o)(mc_w.l)
    0x08001524   0x00000028   Code   RO         7089    i.__0snprintf$8     mc_w.l(printf8.o)(mc_w.l)
    0x0800154c   0x00000028   Code   RO         7090    i.__0sprintf$8      mc_w.l(printf8.o)(mc_w.l)
    0x08001574   0x00000010   Code   RO         7118    i.__0vprintf        mc_w.l(printfa.o)(mc_w.l)
    0x08001584   0x00000028   Code   RO         6309    i.__lbs_cleanup_and_insert_cmd  STM32F10xR.LIB(cmd.o)(STM32F10xR.LIB)
    0x080015ac   0x0000010c   Code   RO         6310    i.__lbs_cmd         STM32F10xR.LIB(cmd.o)(STM32F10xR.LIB)
    0x080016b8   0x000000ac   Code   RO         6311    i.__lbs_cmd_async   STM32F10xR.LIB(cmd.o)(STM32F10xR.LIB)
    0x08001764   0x0000000a   Code   RO         6312    i.__list_add        STM32F10xR.LIB(cmd.o)(STM32F10xR.LIB)
    0x0800176e   0x0000000a   Code   RO         6628    i.__list_add        STM32F10xR.LIB(marvel_main.o)(STM32F10xR.LIB)
    0x08001778   0x0000000e   Code   RO         7175    i.__scatterload_copy  mc_w.l(handlers.o)(mc_w.l)
    0x08001786   0x00000002   Code   RO         7176    i.__scatterload_null  mc_w.l(handlers.o)(mc_w.l)
    0x08001788   0x0000000e   Code   RO         7177    i.__scatterload_zeroinit  mc_w.l(handlers.o)(mc_w.l)
    0x08001796   0x00000002   PAD
    0x08001798   0x00000154   Code   RO         7121    i._fp_digits        mc_w.l(printfa.o)(mc_w.l)
    0x080018ec   0x00000040   Code   RO         1308    i._mmc_select_card  sdio.o
    0x0800192c   0x00000428   Code   RO         7095    i._printf_core      mc_w.l(printf8.o)(mc_w.l)
    0x08001d54   0x000006d4   Code   RO         7122    i._printf_core      mc_w.l(printfa.o)(mc_w.l)
    0x08002428   0x00000026   Code   RO         7096    i._printf_post_padding  mc_w.l(printf8.o)(mc_w.l)
    0x0800244e   0x00000026   Code   RO         7123    i._printf_post_padding  mc_w.l(printfa.o)(mc_w.l)
    0x08002474   0x0000002e   Code   RO         7097    i._printf_pre_padding  mc_w.l(printf8.o)(mc_w.l)
    0x080024a2   0x0000002e   Code   RO         7124    i._printf_pre_padding  mc_w.l(printfa.o)(mc_w.l)
    0x080024d0   0x00000016   Code   RO         7098    i._snputc           mc_w.l(printf8.o)(mc_w.l)
    0x080024e6   0x0000000a   Code   RO         7099    i._sputc            mc_w.l(printf8.o)(mc_w.l)
    0x080024f0   0x00000098   Code   RO          698    i._wpa_hexdump      common.o
    0x08002588   0x00000016   Code   RO         1309    i.align_power2      sdio.o
    0x0800259e   0x00000002   PAD
    0x080025a0   0x00000060   Code   RO         1518    i.assoc_helper_associate  assoc.o
    0x08002600   0x000000d4   Code   RO         1519    i.assoc_helper_bssid  assoc.o
    0x080026d4   0x00000148   Code   RO         1520    i.assoc_helper_channel  assoc.o
    0x0800281c   0x00000150   Code   RO         1521    i.assoc_helper_essid  assoc.o
    0x0800296c   0x00000040   Code   RO         1522    i.assoc_helper_mode  assoc.o
    0x080029ac   0x000000dc   Code   RO         1523    i.assoc_helper_secinfo  assoc.o
    0x08002a88   0x000000a6   Code   RO         1524    i.assoc_helper_wep_keys  assoc.o
    0x08002b2e   0x0000004c   Code   RO         1525    i.assoc_helper_wpa_ie  assoc.o
    0x08002b7a   0x00000074   Code   RO         1526    i.assoc_helper_wpa_keys  assoc.o
    0x08002bee   0x00000002   PAD
    0x08002bf0   0x00000074   Code   RO         1452    i.cistpl_funce      sdio_cis.o
    0x08002c64   0x00000048   Code   RO         1453    i.cistpl_funce_common  sdio_cis.o
    0x08002cac   0x00000062   Code   RO         1454    i.cistpl_funce_func  sdio_cis.o
    0x08002d0e   0x00000002   PAD
    0x08002d10   0x00000020   Code   RO         1455    i.cistpl_funce_whitelisted  sdio_cis.o
    0x08002d30   0x0000002a   Code   RO         1456    i.cistpl_manfid     sdio_cis.o
    0x08002d5a   0x00000002   PAD
    0x08002d5c   0x0000008c   Code   RO         1457    i.cistpl_vers_1     sdio_cis.o
    0x08002de8   0x0000000c   Code   RO         1727    i.clear_bit         assoc.o
    0x08002df4   0x00000010   Code   RO         2066    i.clear_bss_descriptor  scan.o
    0x08002e04   0x00000014   Code   RO         1091    i.clear_imask       s3cmci.o
    0x08002e18   0x00000034   Code   RO         6313    i.clear_wpa_wpa2_info  STM32F10xR.LIB(cmd.o)(STM32F10xR.LIB)
    0x08002e4c   0x0000002c   Code   RO         3934    i.close_conn        sample_http.o
    0x08002e78   0x00000028   Code   RO         1527    i.compare_ether_addr  assoc.o
    0x08002ea0   0x00000022   Code   RO         4053    i.config_delay      parmcfg.o
    0x08002ec2   0x00000010   Code   RO         3935    i.conn_err          sample_http.o
    0x08002ed2   0x00000012   Code   RO          699    i.convert_from_bytes_to_power_of_two  common.o
    0x08002ee4   0x0000009c   Code   RO         2504    i.dhcp_arp_reply    dhcp.o
    0x08002f80   0x000001b0   Code   RO         2505    i.dhcp_bind         dhcp.o
    0x08003130   0x00000046   Code   RO         2506    i.dhcp_check        dhcp.o
    0x08003176   0x00000002   PAD
    0x08003178   0x000001d4   Code   RO         2508    i.dhcp_create_request  dhcp.o
    0x0800334c   0x000000b0   Code   RO         2509    i.dhcp_decline      dhcp.o
    0x080033fc   0x000000d8   Code   RO         2510    i.dhcp_delete_request  dhcp.o
    0x080034d4   0x00000100   Code   RO         2511    i.dhcp_discover     dhcp.o
    0x080035d4   0x00000028   Code   RO         2513    i.dhcp_free_reply   dhcp.o
    0x080035fc   0x0000000a   Code   RO         2514    i.dhcp_get_option_byte  dhcp.o
    0x08003606   0x00000024   Code   RO         2515    i.dhcp_get_option_long  dhcp.o
    0x0800362a   0x000000c2   Code   RO         2516    i.dhcp_get_option_ptr  dhcp.o
    0x080036ec   0x0000011c   Code   RO         2517    i.dhcp_handle_ack   dhcp.o
    0x08003808   0x0000003c   Code   RO         2518    i.dhcp_handle_nak   dhcp.o
    0x08003844   0x00000046   Code   RO         2519    i.dhcp_handle_offer  dhcp.o
    0x0800388a   0x0000001c   Code   RO         2521    i.dhcp_option       dhcp.o
    0x080038a6   0x0000000e   Code   RO         2522    i.dhcp_option_byte  dhcp.o
    0x080038b4   0x0000003e   Code   RO         2523    i.dhcp_option_long  dhcp.o
    0x080038f2   0x0000001e   Code   RO         2524    i.dhcp_option_short  dhcp.o
    0x08003910   0x000000b4   Code   RO         2525    i.dhcp_option_trailer  dhcp.o
    0x080039c4   0x00000132   Code   RO         2527    i.dhcp_recv         dhcp.o
    0x08003af6   0x00000002   PAD
    0x08003af8   0x00000118   Code   RO         2530    i.dhcp_select       dhcp.o
    0x08003c10   0x0000000e   Code   RO         2531    i.dhcp_set_state    dhcp.o
    0x08003c1e   0x00000002   PAD
    0x08003c20   0x00000148   Code   RO         2532    i.dhcp_start        dhcp.o
    0x08003d68   0x000000c0   Code   RO         2533    i.dhcp_stop         dhcp.o
    0x08003e28   0x00000118   Code   RO         2537    i.dhcp_unfold_reply  dhcp.o
    0x08003f40   0x0000001c   Code   RO         1092    i.disable_imask     s3cmci.o
    0x08003f5c   0x0000000e   Code   RO          534    i.disable_timer     system.o
    0x08003f6a   0x0000003c   Code   RO         2700    i.dns_compare_name  dns.o
    0x08003fa6   0x00000002   PAD
    0x08003fa8   0x00000064   Code   RO         2704    i.dns_init          dns.o
    0x0800400c   0x0000002a   Code   RO         2706    i.dns_parse_name    dns.o
    0x08004036   0x00000002   PAD
    0x08004038   0x0000032c   Code   RO         2707    i.dns_recv          dns.o
    0x08004364   0x00000024   Code   RO         2709    i.dns_setserver     dns.o
    0x08004388   0x0000001c   Code   RO         1093    i.enable_imask      s3cmci.o
    0x080043a4   0x0000000c   Code   RO          535    i.enable_timer      system.o
    0x080043b0   0x000001b0   Code   RO         2402    i.etharp_arp_input  etharp.o
    0x08004560   0x000000a0   Code   RO         2404    i.etharp_ip_input   etharp.o
    0x08004600   0x000000c8   Code   RO         2405    i.etharp_output     etharp.o
    0x080046c8   0x00000198   Code   RO         2406    i.etharp_query      etharp.o
    0x08004860   0x000000b8   Code   RO         2407    i.etharp_raw        etharp.o
    0x08004918   0x00000030   Code   RO         2408    i.etharp_request    etharp.o
    0x08004948   0x00000042   Code   RO         2409    i.etharp_send_ip    etharp.o
    0x0800498a   0x00000002   PAD
    0x0800498c   0x0000008c   Code   RO         2411    i.ethernet_input    etharp.o
    0x08004a18   0x00000048   Code   RO         2327    i.ethernetif_init   ethernetif.o
    0x08004a60   0x00000034   Code   RO         2328    i.ethernetif_input  ethernetif.o
    0x08004a94   0x00000040   Code   RO          825    i.ffs               core.o
    0x08004ad4   0x000000dc   Code   RO         1094    i.finalize_request  s3cmci.o
    0x08004bb0   0x00000200   Code   RO         2412    i.find_entry        etharp.o
    0x08004db0   0x00000040   Code   RO          826    i.fls               core.o
    0x08004df0   0x00000040   Code   RO          536    i.fputc             system.o
    0x08004e30   0x0000001e   Code   RO         2413    i.free_etharp_q     etharp.o
    0x08004e4e   0x00000002   PAD
    0x08004e50   0x0000012c   Code   RO         6066    i.generate_domain_info_11d  STM32F10xR.LIB(11d.o)(STM32F10xR.LIB)
    0x08004f7c   0x000000c4   Code   RO         1528    i.get_common_rates  assoc.o
    0x08005040   0x0000017c   Code   RO         6314    i.handle_cmd_response  STM32F10xR.LIB(cmd.o)(STM32F10xR.LIB)
    0x080051bc   0x00000070   Code   RO         3936    i.hex_trans         sample_http.o
    0x0800522c   0x0000052c   Code   RO         3937    i.html_cgi          sample_http.o
    0x08005758   0x0000001a   Code   RO         3626    i.htonl             inet.o
    0x08005772   0x0000000c   Code   RO         3627    i.htons             inet.o
    0x0800577e   0x00000002   PAD
    0x08005780   0x0000004c   Code   RO         3938    i.http_accept       sample_http.o
    0x080057cc   0x000001f4   Code   RO         3939    i.http_recv         sample_http.o
    0x080059c0   0x00000048   Code   RO         3940    i.http_sent         sample_http.o
    0x08005a08   0x00000038   Code   RO         3941    i.httpd_init        sample_http.o
    0x08005a40   0x00000012   Code   RO         3591    i.icmp_dest_unreach  icmp.o
    0x08005a52   0x000001b8   Code   RO         3592    i.icmp_input        icmp.o
    0x08005c0a   0x00000082   Code   RO         3593    i.icmp_send_response  icmp.o
    0x08005c8c   0x00000012   Code   RO         3594    i.icmp_time_exceeded  icmp.o
    0x08005c9e   0x00000002   PAD
    0x08005ca0   0x00000188   Code   RO         1790    i.if_sdio_card_to_host  if_sdio.o
    0x08005e28   0x0000004a   Code   RO         1791    i.if_sdio_handle_cmd  if_sdio.o
    0x08005e72   0x0000002c   Code   RO         1792    i.if_sdio_handle_data  if_sdio.o
    0x08005e9e   0x00000002   PAD
    0x08005ea0   0x00000084   Code   RO         1793    i.if_sdio_handle_event  if_sdio.o
    0x08005f24   0x000000aa   Code   RO         1794    i.if_sdio_host_to_card  if_sdio.o
    0x08005fce   0x00000074   Code   RO         1795    i.if_sdio_host_to_card_worker  if_sdio.o
    0x08006042   0x00000002   PAD
    0x08006044   0x0000005c   Code   RO         1796    i.if_sdio_interrupt  if_sdio.o
    0x080060a0   0x00000224   Code   RO         1797    i.if_sdio_probe     if_sdio.o
    0x080062c4   0x000000b0   Code   RO         1798    i.if_sdio_prog_firmware  if_sdio.o
    0x08006374   0x00000160   Code   RO         1799    i.if_sdio_prog_helper  if_sdio.o
    0x080064d4   0x000001c8   Code   RO         1800    i.if_sdio_prog_real  if_sdio.o
    0x0800669c   0x00000052   Code   RO         1801    i.if_sdio_read_rx_len  if_sdio.o
    0x080066ee   0x0000003a   Code   RO         1802    i.if_sdio_read_scratch  if_sdio.o
    0x08006728   0x0000008c   Code   RO         1803    i.if_sdio_send_data  if_sdio.o
    0x080067b4   0x00000014   Code   RO         3675    i.inet_chksum       inet_chksum.o
    0x080067c8   0x00000056   Code   RO         3676    i.inet_chksum_pbuf  inet_chksum.o
    0x0800681e   0x000000aa   Code   RO         3677    i.inet_chksum_pseudo  inet_chksum.o
    0x080068c8   0x00000124   Code   RO         1529    i.init_marvel_adhoc_assoc  assoc.o
    0x080069ec   0x000000d8   Code   RO         1950    i.init_marvell_driver  marvell_ops.o
    0x08006ac4   0x0000002c   Code   RO         1095    i.init_stm32_struct  s3cmci.o
    0x08006af0   0x0000004e   Code   RO         3760    i.ip_addr_isbroadcast  ip_addr.o
    0x08006b3e   0x000000b6   Code   RO         3713    i.ip_forward        ip.o
    0x08006bf4   0x00000154   Code   RO         3782    i.ip_frag           ip_frag.o
    0x08006d48   0x0000023c   Code   RO         3714    i.ip_input          ip.o
    0x08006f84   0x00000038   Code   RO         3715    i.ip_output         ip.o
    0x08006fbc   0x0000010c   Code   RO         3716    i.ip_output_if      ip.o
    0x080070c8   0x000001ac   Code   RO         3783    i.ip_reass          ip_frag.o
    0x08007274   0x00000140   Code   RO         3784    i.ip_reass_chain_frag_into_datagram_and_validate  ip_frag.o
    0x080073b4   0x00000028   Code   RO         3785    i.ip_reass_dequeue_datagram  ip_frag.o
    0x080073dc   0x00000058   Code   RO         3786    i.ip_reass_enqueue_new_datagram  ip_frag.o
    0x08007434   0x00000074   Code   RO         3787    i.ip_reass_free_complete_datagram  ip_frag.o
    0x080074a8   0x0000007c   Code   RO         3788    i.ip_reass_remove_oldest_datagram  ip_frag.o
    0x08007524   0x00000054   Code   RO         3717    i.ip_route          ip.o
    0x08007578   0x00000012   Code   RO         6315    i.is_command_allowed_in_ps  STM32F10xR.LIB(cmd.o)(STM32F10xR.LIB)
    0x0800758a   0x00000002   PAD
    0x0800758c   0x000001f4   Code   RO         1530    i.is_network_compatible  assoc.o
    0x08007780   0x00000056   Code   RO         2068    i.is_same_network   scan.o
    0x080077d6   0x00000002   PAD
    0x080077d8   0x0000004c   Code   RO         1531    i.iw_auth_to_ieee_auth  assoc.o
    0x08007824   0x000000e8   Code   RO         3841    i.jdq_pro           netapp.o
    0x0800790c   0x00000090   Code   RO         6629    i.lbs_add_card      STM32F10xR.LIB(marvel_main.o)(STM32F10xR.LIB)
    0x0800799c   0x0000048c   Code   RO         1532    i.lbs_adhoc_join    assoc.o
    0x08007e28   0x0000013c   Code   RO         1533    i.lbs_adhoc_post    assoc.o
    0x08007f64   0x0000026c   Code   RO         1534    i.lbs_adhoc_start   assoc.o
    0x080081d0   0x00000020   Code   RO         1535    i.lbs_adhoc_stop    assoc.o
    0x080081f0   0x0000006c   Code   RO         6316    i.lbs_allocate_cmd_buffer  STM32F10xR.LIB(cmd.o)(STM32F10xR.LIB)
    0x0800825c   0x00000240   Code   RO         1536    i.lbs_assoc_post    assoc.o
    0x0800849c   0x00000214   Code   RO         1537    i.lbs_associate     assoc.o
    0x080086b0   0x000004b4   Code   RO         1538    i.lbs_association_worker  assoc.o
    0x08008b64   0x00000010   Code   RO         6317    i.lbs_cleanup_and_insert_cmd  STM32F10xR.LIB(cmd.o)(STM32F10xR.LIB)
    0x08008b74   0x0000003c   Code   RO         1539    i.lbs_cmd_80211_deauthenticate  assoc.o
    0x08008bb0   0x00000048   Code   RO         6318    i.lbs_cmd_802_11_enable_rsn  STM32F10xR.LIB(cmd.o)(STM32F10xR.LIB)
    0x08008bf8   0x00000132   Code   RO         6319    i.lbs_cmd_802_11_key_material  STM32F10xR.LIB(cmd.o)(STM32F10xR.LIB)
    0x08008d2a   0x0000001e   Code   RO         6320    i.lbs_cmd_802_11_monitor_mode  STM32F10xR.LIB(cmd.o)(STM32F10xR.LIB)
    0x08008d48   0x0000003c   Code   RO         6321    i.lbs_cmd_802_11_ps_mode  STM32F10xR.LIB(cmd.o)(STM32F10xR.LIB)
    0x08008d84   0x00000038   Code   RO         6322    i.lbs_cmd_802_11_rssi  STM32F10xR.LIB(cmd.o)(STM32F10xR.LIB)
    0x08008dbc   0x000000be   Code   RO         6323    i.lbs_cmd_802_11_set_wep  STM32F10xR.LIB(cmd.o)(STM32F10xR.LIB)
    0x08008e7a   0x00000002   PAD
    0x08008e7c   0x0000006c   Code   RO         6324    i.lbs_cmd_async     STM32F10xR.LIB(cmd.o)(STM32F10xR.LIB)
    0x08008ee8   0x00000006   Code   RO         6325    i.lbs_cmd_async_callback  STM32F10xR.LIB(cmd.o)(STM32F10xR.LIB)
    0x08008eee   0x00000024   Code   RO         6326    i.lbs_cmd_bcn_ctrl  STM32F10xR.LIB(cmd.o)(STM32F10xR.LIB)
    0x08008f12   0x00000002   PAD
    0x08008f14   0x000000bc   Code   RO         6327    i.lbs_cmd_bt_access  STM32F10xR.LIB(cmd.o)(STM32F10xR.LIB)
    0x08008fd0   0x0000002c   Code   RO         6328    i.lbs_cmd_copyback  STM32F10xR.LIB(cmd.o)(STM32F10xR.LIB)
    0x08008ffc   0x00000038   Code   RO         6329    i.lbs_cmd_fwt_access  STM32F10xR.LIB(cmd.o)(STM32F10xR.LIB)
    0x08009034   0x0000005c   Code   RO         6330    i.lbs_cmd_reg_access  STM32F10xR.LIB(cmd.o)(STM32F10xR.LIB)
    0x08009090   0x00000028   Code   RO         6576    i.lbs_cmd_with_response  STM32F10xR.LIB(cmd.o)(STM32F10xR.LIB)
    0x080090b8   0x00000038   Code   RO         6331    i.lbs_complete_command  STM32F10xR.LIB(cmd.o)(STM32F10xR.LIB)
    0x080090f0   0x000000dc   Code   RO         2069    i.lbs_do_scan       scan.o
    0x080091cc   0x00000108   Code   RO         6332    i.lbs_execute_next_command  STM32F10xR.LIB(cmd.o)(STM32F10xR.LIB)
    0x080092d4   0x00000062   Code   RO         1540    i.lbs_find_best_network_ssid  assoc.o
    0x08009336   0x00000086   Code   RO         1541    i.lbs_find_best_ssid_in_list  assoc.o
    0x080093bc   0x0000006c   Code   RO         1542    i.lbs_find_bssid_in_list  assoc.o
    0x08009428   0x000000e2   Code   RO         1543    i.lbs_find_ssid_in_list  assoc.o
    0x0800950a   0x00000002   PAD
    0x0800950c   0x00000050   Code   RO         6073    i.lbs_get_chan_11d  STM32F10xR.LIB(11d.o)(STM32F10xR.LIB)
    0x0800955c   0x00000038   Code   RO         6333    i.lbs_get_channel   STM32F10xR.LIB(cmd.o)(STM32F10xR.LIB)
    0x08009594   0x00000028   Code   RO         6334    i.lbs_get_cmd_ctrl_node  STM32F10xR.LIB(cmd.o)(STM32F10xR.LIB)
    0x080095bc   0x00000040   Code   RO         6631    i.lbs_get_region_cfp_table  STM32F10xR.LIB(marvel_main.o)(STM32F10xR.LIB)
    0x080095fc   0x00000050   Code   RO         6335    i.lbs_get_tx_power  STM32F10xR.LIB(cmd.o)(STM32F10xR.LIB)
    0x0800964c   0x00000064   Code   RO          700    i.lbs_hex           common.o
    0x080096b0   0x0000001e   Code   RO         6632    i.lbs_host_to_card_done  STM32F10xR.LIB(marvel_main.o)(STM32F10xR.LIB)
    0x080096ce   0x00000016   Code   RO         6075    i.lbs_init_11d      STM32F10xR.LIB(11d.o)(STM32F10xR.LIB)
    0x080096e4   0x00000108   Code   RO         6633    i.lbs_init_adapter  STM32F10xR.LIB(marvel_main.o)(STM32F10xR.LIB)
    0x080097ec   0x00000056   Code   RO         6076    i.lbs_parse_dnld_countryinfo_11d  STM32F10xR.LIB(11d.o)(STM32F10xR.LIB)
    0x08009842   0x00000002   PAD
    0x08009844   0x00000284   Code   RO         6336    i.lbs_prepare_and_send_command  STM32F10xR.LIB(cmd.o)(STM32F10xR.LIB)
    0x08009ac8   0x00000604   Code   RO         2070    i.lbs_process_bss   scan.o
    0x0800a0cc   0x00000144   Code   RO         6337    i.lbs_process_command_response  STM32F10xR.LIB(cmd.o)(STM32F10xR.LIB)
    0x0800a210   0x000000d0   Code   RO         6761    i.lbs_process_rxed_packet  STM32F10xR.LIB(rx.o)(STM32F10xR.LIB)
    0x0800a2e0   0x0000005e   Code   RO         6338    i.lbs_queue_cmd     STM32F10xR.LIB(cmd.o)(STM32F10xR.LIB)
    0x0800a33e   0x00000002   PAD
    0x0800a340   0x00000050   Code   RO         6077    i.lbs_region_2_code  STM32F10xR.LIB(11d.o)(STM32F10xR.LIB)
    0x0800a390   0x00000058   Code   RO         6078    i.lbs_region_chan_supported_11d  STM32F10xR.LIB(11d.o)(STM32F10xR.LIB)
    0x0800a3e8   0x00000032   Code   RO         6339    i.lbs_remove_wep_keys  STM32F10xR.LIB(cmd.o)(STM32F10xR.LIB)
    0x0800a41a   0x00000002   PAD
    0x0800a41c   0x00000220   Code   RO         2071    i.lbs_ret_80211_scan  scan.o
    0x0800a63c   0x0000001c   Code   RO         6340    i.lbs_ret_802_11_bcn_ctrl  STM32F10xR.LIB(cmd.o)(STM32F10xR.LIB)
    0x0800a658   0x0000005e   Code   RO         6341    i.lbs_ret_802_11_rssi  STM32F10xR.LIB(cmd.o)(STM32F10xR.LIB)
    0x0800a6b6   0x0000004e   Code   RO         6342    i.lbs_ret_reg_access  STM32F10xR.LIB(cmd.o)(STM32F10xR.LIB)
    0x0800a704   0x0000007c   Code   RO         1955    i.lbs_rev_pkt       marvell_ops.o
    0x0800a780   0x00000028   Code   RO         2072    i.lbs_scan_add_chanlist_tlv  scan.o
    0x0800a7a8   0x00000050   Code   RO         2073    i.lbs_scan_add_rates_tlv  scan.o
    0x0800a7f8   0x00000028   Code   RO         2074    i.lbs_scan_add_ssid_tlv  scan.o
    0x0800a820   0x000000b0   Code   RO         2075    i.lbs_scan_create_channel_list  scan.o
    0x0800a8d0   0x00000220   Code   RO         2076    i.lbs_scan_networks  scan.o
    0x0800aaf0   0x0000000e   Code   RO         1956    i.lbs_scan_worker   marvell_ops.o
    0x0800aafe   0x00000002   PAD
    0x0800ab00   0x000000a8   Code   RO         2329    i.lbs_sendpbuf      ethernetif.o
    0x0800aba8   0x00000068   Code   RO         1544    i.lbs_set_authentication  assoc.o
    0x0800ac10   0x0000002e   Code   RO         1545    i.lbs_set_basic_rate_flags  assoc.o
    0x0800ac3e   0x00000042   Code   RO         6343    i.lbs_set_channel   STM32F10xR.LIB(cmd.o)(STM32F10xR.LIB)
    0x0800ac80   0x00000062   Code   RO         6344    i.lbs_set_key_material  STM32F10xR.LIB(cmd.o)(STM32F10xR.LIB)
    0x0800ace2   0x00000026   Code   RO         6345    i.lbs_set_mac_control  STM32F10xR.LIB(cmd.o)(STM32F10xR.LIB)
    0x0800ad08   0x0000007e   Code   RO         6346    i.lbs_set_radio     STM32F10xR.LIB(cmd.o)(STM32F10xR.LIB)
    0x0800ad86   0x00000074   Code   RO         6637    i.lbs_set_regiontable  STM32F10xR.LIB(marvel_main.o)(STM32F10xR.LIB)
    0x0800adfa   0x0000007e   Code   RO         6347    i.lbs_set_snmp_mib  STM32F10xR.LIB(cmd.o)(STM32F10xR.LIB)
    0x0800ae78   0x0000005c   Code   RO         6080    i.lbs_set_universaltable  STM32F10xR.LIB(11d.o)(STM32F10xR.LIB)
    0x0800aed4   0x0000005c   Code   RO         6638    i.lbs_setup_firmware  STM32F10xR.LIB(marvel_main.o)(STM32F10xR.LIB)
    0x0800af30   0x00000024   Code   RO         2078    i.lbs_ssid_cmp      scan.o
    0x0800af54   0x00000026   Code   RO         6639    i.lbs_start_card    STM32F10xR.LIB(marvel_main.o)(STM32F10xR.LIB)
    0x0800af7a   0x00000028   Code   RO         6348    i.lbs_submit_command  STM32F10xR.LIB(cmd.o)(STM32F10xR.LIB)
    0x0800afa2   0x0000016a   Code   RO         6640    i.lbs_thread        STM32F10xR.LIB(marvel_main.o)(STM32F10xR.LIB)
    0x0800b10c   0x00000064   Code   RO         1546    i.lbs_try_associate  assoc.o
    0x0800b170   0x00000016   Code   RO         2079    i.lbs_unset_basic_rate_flags  scan.o
    0x0800b186   0x0000001a   Code   RO         6349    i.lbs_update_channel  STM32F10xR.LIB(cmd.o)(STM32F10xR.LIB)
    0x0800b1a0   0x00000110   Code   RO         6350    i.lbs_update_hw_spec  STM32F10xR.LIB(cmd.o)(STM32F10xR.LIB)
    0x0800b2b0   0x0000000e   Code   RO         2080    i.list_add_tail     scan.o
    0x0800b2be   0x00000012   Code   RO         6351    i.list_add_tail     STM32F10xR.LIB(cmd.o)(STM32F10xR.LIB)
    0x0800b2d0   0x00000010   Code   RO         6352    i.list_del          STM32F10xR.LIB(cmd.o)(STM32F10xR.LIB)
    0x0800b2e0   0x00000010   Code   RO         6353    i.list_empty        STM32F10xR.LIB(cmd.o)(STM32F10xR.LIB)
    0x0800b2f0   0x0000001a   Code   RO         2081    i.list_move_tail    scan.o
    0x0800b30a   0x00000002   PAD
    0x0800b30c   0x000000c0   Code   RO         2330    i.low_level_init    ethernetif.o
    0x0800b3cc   0x00000058   Code   RO         2331    i.low_level_input   ethernetif.o
    0x0800b424   0x0000001c   Code   RO         2332    i.low_level_output  ethernetif.o
    0x0800b440   0x0000004a   Code   RO         3678    i.lwip_standard_chksum  inet_chksum.o
    0x0800b48a   0x00000002   PAD
    0x0800b48c   0x00000530   Code   RO         4009    i.main              main.o
    0x0800b9bc   0x0000001c   Code   RO         1958    i.marvel_assoc_network  marvell_ops.o
    0x0800b9d8   0x00000044   Code   RO         1547    i.marvel_assoc_open_network  assoc.o
    0x0800ba1c   0x00000014   Code   RO          701    i.mdelay            common.o
    0x0800ba30   0x0000004c   Code   RO         2818    i.mem_free          mem.o
    0x0800ba7c   0x0000006c   Code   RO         2819    i.mem_init          mem.o
    0x0800bae8   0x000000e8   Code   RO         2820    i.mem_malloc        mem.o
    0x0800bbd0   0x00000128   Code   RO         2821    i.mem_realloc       mem.o
    0x0800bcf8   0x0000001c   Code   RO         2862    i.memp_free         memp.o
    0x0800bd14   0x00000064   Code   RO         2863    i.memp_init         memp.o
    0x0800bd78   0x000000a0   Code   RO         2864    i.memp_malloc       memp.o
    0x0800be18   0x000000f0   Code   RO          827    i.mmc_add_card      core.o
    0x0800bf08   0x0000000c   Code   RO          828    i.mmc_align_data_size  core.o
    0x0800bf14   0x0000001c   Code   RO          829    i.mmc_alloc_card    core.o
    0x0800bf30   0x00000028   Code   RO          830    i.mmc_alloc_host    core.o
    0x0800bf58   0x0000019c   Code   RO         1310    i.mmc_attach_sdio   sdio.o
    0x0800c0f4   0x00000020   Code   RO          702    i.mmc_delay         common.o
    0x0800c114   0x00000064   Code   RO          831    i.mmc_go_idle       core.o
    0x0800c178   0x000000ce   Code   RO         1311    i.mmc_io_rw_direct  sdio.o
    0x0800c246   0x0000011e   Code   RO         1312    i.mmc_io_rw_extended  sdio.o
    0x0800c364   0x00000068   Code   RO          832    i.mmc_power_up      core.o
    0x0800c3cc   0x00000090   Code   RO          833    i.mmc_request_done  core.o
    0x0800c45c   0x00000070   Code   RO          834    i.mmc_rescan        core.o
    0x0800c4cc   0x000000d0   Code   RO         1313    i.mmc_sdio_init_card  sdio.o
    0x0800c59c   0x0000000e   Code   RO         1314    i.mmc_select_card   sdio.o
    0x0800c5aa   0x0000002c   Code   RO          835    i.mmc_select_voltage  core.o
    0x0800c5d6   0x00000002   PAD
    0x0800c5d8   0x00000060   Code   RO         1315    i.mmc_send_if_cond  sdio.o
    0x0800c638   0x00000086   Code   RO         1316    i.mmc_send_io_op_cond  sdio.o
    0x0800c6be   0x0000003a   Code   RO         1317    i.mmc_send_relative_addr  sdio.o
    0x0800c6f8   0x00000012   Code   RO          836    i.mmc_set_bus_mode  core.o
    0x0800c70a   0x00000012   Code   RO          837    i.mmc_set_bus_width  core.o
    0x0800c71c   0x00000012   Code   RO          838    i.mmc_set_chip_select  core.o
    0x0800c72e   0x00000018   Code   RO          839    i.mmc_set_clock     core.o
    0x0800c746   0x00000002   PAD
    0x0800c748   0x000000c8   Code   RO          840    i.mmc_set_data_timeout  core.o
    0x0800c810   0x00000014   Code   RO          841    i.mmc_set_ios       core.o
    0x0800c824   0x00000012   Code   RO          842    i.mmc_set_timing    core.o
    0x0800c836   0x00000016   Code   RO         1096    i.mmc_signal_sdio_irq  s3cmci.o
    0x0800c84c   0x00000044   Code   RO          844    i.mmc_start_request  core.o
    0x0800c890   0x00000008   Code   RO          845    i.mmc_wait_done     core.o
    0x0800c898   0x00000030   Code   RO          846    i.mmc_wait_for_cmd  core.o
    0x0800c8c8   0x0000002c   Code   RO          847    i.mmc_wait_for_req  core.o
    0x0800c8f4   0x00000014   Code   RO          703    i.ms_delay          common.o
    0x0800c908   0x00000088   Code   RO         2934    i.netif_add         netif.o
    0x0800c990   0x0000000c   Code   RO         2936    i.netif_is_up       netif.o
    0x0800c99c   0x00000028   Code   RO         2938    i.netif_set_addr    netif.o
    0x0800c9c4   0x00000010   Code   RO         2939    i.netif_set_default  netif.o
    0x0800c9d4   0x00000018   Code   RO         2940    i.netif_set_down    netif.o
    0x0800c9ec   0x00000010   Code   RO         2941    i.netif_set_gw      netif.o
    0x0800c9fc   0x00000084   Code   RO         2942    i.netif_set_ipaddr  netif.o
    0x0800ca80   0x00000010   Code   RO         2943    i.netif_set_netmask  netif.o
    0x0800ca90   0x0000002c   Code   RO         2944    i.netif_set_up      netif.o
    0x0800cabc   0x0000000c   Code   RO         3631    i.ntohl             inet.o
    0x0800cac8   0x0000000c   Code   RO         3632    i.ntohs             inet.o
    0x0800cad4   0x0000013c   Code   RO         6082    i.parse_domain_info_11d  STM32F10xR.LIB(11d.o)(STM32F10xR.LIB)
    0x0800cc10   0x00000192   Code   RO         3012    i.pbuf_alloc        pbuf.o
    0x0800cda2   0x00000002   PAD
    0x0800cda4   0x000000bc   Code   RO         3013    i.pbuf_cat          pbuf.o
    0x0800ce60   0x0000001a   Code   RO         3014    i.pbuf_chain        pbuf.o
    0x0800ce7a   0x00000012   Code   RO         3015    i.pbuf_clen         pbuf.o
    0x0800ce8c   0x00000184   Code   RO         3017    i.pbuf_copy         pbuf.o
    0x0800d010   0x0000013c   Code   RO         3018    i.pbuf_copy_partial  pbuf.o
    0x0800d14c   0x00000070   Code   RO         3020    i.pbuf_free         pbuf.o
    0x0800d1bc   0x000000fc   Code   RO         3021    i.pbuf_header       pbuf.o
    0x0800d2b8   0x00000064   Code   RO         3022    i.pbuf_realloc      pbuf.o
    0x0800d31c   0x0000000a   Code   RO         3023    i.pbuf_ref          pbuf.o
    0x0800d326   0x00000002   PAD
    0x0800d328   0x000000b4   Code   RO         1097    i.pio_tasklet       s3cmci.o
    0x0800d3dc   0x00000078   Code   RO         2822    i.plug_holes        mem.o
    0x0800d454   0x0000001e   Code   RO         1805    i.pool_sdio_interrupt  if_sdio.o
    0x0800d472   0x00000002   PAD
    0x0800d474   0x00000054   Code   RO         1549    i.print_enckey      assoc.o
    0x0800d4c8   0x000000ac   Code   RO          704    i.print_ssid        common.o
    0x0800d574   0x000000e8   Code   RO         1319    i.process_sdio_pending_irqs  sdio.o
    0x0800d65c   0x00000068   Code   RO         3101    i.raw_input         raw.o
    0x0800d6c4   0x00000006   Code   RO         1098    i.readl             s3cmci.o
    0x0800d6ca   0x00000002   PAD
    0x0800d6cc   0x00000024   Code   RO         4011    i.recv_mac_event    main.o
    0x0800d6f0   0x0000000c   Code   RO         2226    i.rest_sys_mem      lwip.o
    0x0800d6fc   0x0000000e   Code   RO          848    i.sdio_add_func     core.o
    0x0800d70a   0x000000a8   Code   RO         1320    i.sdio_align_size   sdio.o
    0x0800d7b2   0x00000002   PAD
    0x0800d7b4   0x00000018   Code   RO          849    i.sdio_alloc_func   core.o
    0x0800d7cc   0x00000054   Code   RO          850    i.sdio_bus_probe    core.o
    0x0800d820   0x0000000e   Code   RO          851    i.sdio_card_irq_get  core.o
    0x0800d82e   0x00000076   Code   RO          852    i.sdio_claim_irq    core.o
    0x0800d8a4   0x0000004e   Code   RO         1321    i.sdio_disable_cd   sdio.o
    0x0800d8f2   0x0000008e   Code   RO          853    i.sdio_enable_func  core.o
    0x0800d980   0x00000076   Code   RO         1322    i.sdio_enable_hs    sdio.o
    0x0800d9f6   0x00000078   Code   RO         1323    i.sdio_enable_wide  sdio.o
    0x0800da6e   0x0000003e   Code   RO         1324    i.sdio_init_func    sdio.o
    0x0800daac   0x0000013a   Code   RO         1325    i.sdio_io_rw_ext_helper  sdio.o
    0x0800dbe6   0x00000024   Code   RO         1326    i.sdio_irq_thread   sdio.o
    0x0800dc0a   0x00000002   PAD
    0x0800dc0c   0x00000034   Code   RO          854    i.sdio_match_device  core.o
    0x0800dc40   0x00000044   Code   RO          855    i.sdio_match_one    core.o
    0x0800dc84   0x00000040   Code   RO         1327    i.sdio_max_byte_size  sdio.o
    0x0800dcc4   0x00000150   Code   RO         1328    i.sdio_read_cccr    sdio.o
    0x0800de14   0x0000024c   Code   RO         1459    i.sdio_read_cis     sdio_cis.o
    0x0800e060   0x0000000e   Code   RO         1460    i.sdio_read_common_cis  sdio_cis.o
    0x0800e06e   0x0000005e   Code   RO         1329    i.sdio_read_fbr     sdio.o
    0x0800e0cc   0x0000002c   Code   RO         1461    i.sdio_read_func_cis  sdio_cis.o
    0x0800e0f8   0x00000034   Code   RO         1330    i.sdio_readb        sdio.o
    0x0800e12c   0x0000008e   Code   RO          856    i.sdio_set_block_size  core.o
    0x0800e1ba   0x0000002a   Code   RO         1331    i.sdio_writeb       sdio.o
    0x0800e1e4   0x0000003c   Code   RO         3943    i.send_data         sample_http.o
    0x0800e220   0x00000020   Code   RO         3842    i.server_accept     netapp.o
    0x0800e240   0x000000d4   Code   RO         3843    i.server_recv       netapp.o
    0x0800e314   0x0000000c   Code   RO         1722    i.set_bit           assoc.o
    0x0800e320   0x00000006   Code   RO         1550    i.set_bssinfo_to_priv  assoc.o
    0x0800e326   0x00000026   Code   RO         6083    i.set_domain_info_11d  STM32F10xR.LIB(11d.o)(STM32F10xR.LIB)
    0x0800e34c   0x00000056   Code   RO         6355    i.set_one_wpa_key   STM32F10xR.LIB(cmd.o)(STM32F10xR.LIB)
    0x0800e3a2   0x00000002   PAD
    0x0800e3a4   0x00000158   Code   RO         1551    i.should_deauth_infrastructure  assoc.o
    0x0800e4fc   0x0000005c   Code   RO         1552    i.should_stop_adhoc  assoc.o
    0x0800e558   0x00000188   Code   RO         3844    i.state_pro         netapp.o
    0x0800e6e0   0x00000006   Code   RO         1099    i.stm32_card_present  s3cmci.o
    0x0800e6e6   0x00000002   Code   RO         1100    i.stm32_check_sdio_irq  s3cmci.o
    0x0800e6e8   0x00000020   Code   RO         1101    i.stm32_disable_irq  s3cmci.o
    0x0800e708   0x00000038   Code   RO         1102    i.stm32_enable_dma  s3cmci.o
    0x0800e740   0x00000042   Code   RO         1103    i.stm32_enable_irq  s3cmci.o
    0x0800e782   0x00000082   Code   RO         1104    i.stm32_enable_sdio_irq  s3cmci.o
    0x0800e804   0x00000006   Code   RO         1105    i.stm32_get_ro      s3cmci.o
    0x0800e80a   0x00000006   Code   RO         1106    i.stm32_host_usedma  s3cmci.o
    0x0800e810   0x0000033c   Code   RO         1107    i.stm32_irq         s3cmci.o
    0x0800eb4c   0x00000080   Code   RO         1108    i.stm32_probe       s3cmci.o
    0x0800ebcc   0x00000044   Code   RO         1109    i.stm32_request     s3cmci.o
    0x0800ec10   0x0000007c   Code   RO         1110    i.stm32_send_command  s3cmci.o
    0x0800ec8c   0x00000084   Code   RO         1111    i.stm32_send_request  s3cmci.o
    0x0800ed10   0x00000080   Code   RO         1112    i.stm32_set_clk     s3cmci.o
    0x0800ed90   0x000000d0   Code   RO         1113    i.stm32_set_ios     s3cmci.o
    0x0800ee60   0x00000154   Code   RO         1114    i.stm32_setup_data  s3cmci.o
    0x0800efb4   0x000000c4   Code   RO         3167    i.tcp_abandon       tcp.o
    0x0800f078   0x00000004   Code   RO         3168    i.tcp_accept        tcp.o
    0x0800f07c   0x00000008   Code   RO         3169    i.tcp_accept_null   tcp.o
    0x0800f084   0x0000010c   Code   RO         3170    i.tcp_alloc         tcp.o
    0x0800f190   0x00000004   Code   RO         3171    i.tcp_arg           tcp.o
    0x0800f194   0x0000019c   Code   RO         3172    i.tcp_bind          tcp.o
    0x0800f330   0x00000198   Code   RO         3173    i.tcp_close         tcp.o
    0x0800f4c8   0x000002c4   Code   RO         3175    i.tcp_debug_print   tcp.o
    0x0800f78c   0x000000f8   Code   RO         3176    i.tcp_debug_print_flags  tcp.o
    0x0800f884   0x00000164   Code   RO         3178    i.tcp_debug_print_state  tcp.o
    0x0800f9e8   0x0000002e   Code   RO         3179    i.tcp_eff_send_mss  tcp.o
    0x0800fa16   0x00000002   PAD
    0x0800fa18   0x00000820   Code   RO         3435    i.tcp_enqueue       tcp_out.o
    0x08010238   0x00000006   Code   RO         3180    i.tcp_err           tcp.o
    0x0801023e   0x00000002   PAD
    0x08010240   0x000000d0   Code   RO         3181    i.tcp_fasttmr       tcp.o
    0x08010310   0x00000760   Code   RO         3386    i.tcp_input         tcp_in.o
    0x08010a70   0x00000178   Code   RO         3436    i.tcp_keepalive     tcp_out.o
    0x08010be8   0x00000098   Code   RO         3182    i.tcp_kill_prio     tcp.o
    0x08010c80   0x0000008c   Code   RO         3183    i.tcp_kill_timewait  tcp.o
    0x08010d0c   0x00000290   Code   RO         3387    i.tcp_listen_input  tcp_in.o
    0x08010f9c   0x00000160   Code   RO         3184    i.tcp_listen_with_backlog  tcp.o
    0x080110fc   0x0000000a   Code   RO         3185    i.tcp_new           tcp.o
    0x08011106   0x00000002   PAD
    0x08011108   0x00000078   Code   RO         3186    i.tcp_new_port      tcp.o
    0x08011180   0x0000001c   Code   RO         3187    i.tcp_next_iss      tcp.o
    0x0801119c   0x000003bc   Code   RO         3437    i.tcp_output        tcp_out.o
    0x08011558   0x00000158   Code   RO         3438    i.tcp_output_segment  tcp_out.o
    0x080116b0   0x00000084   Code   RO         3439    i.tcp_output_set_header  tcp_out.o
    0x08011734   0x00000178   Code   RO         3388    i.tcp_parseopt      tcp_in.o
    0x080118ac   0x0000017c   Code   RO         3188    i.tcp_pcb_purge     tcp.o
    0x08011a28   0x0000008c   Code   RO         3189    i.tcp_pcb_remove    tcp.o
    0x08011ab4   0x00000770   Code   RO         3389    i.tcp_process       tcp_in.o
    0x08012224   0x00000bb4   Code   RO         3390    i.tcp_receive       tcp_in.o
    0x08012dd8   0x00000006   Code   RO         3192    i.tcp_recv          tcp.o
    0x08012dde   0x00000028   Code   RO         3193    i.tcp_recv_null     tcp.o
    0x08012e06   0x00000002   PAD
    0x08012e08   0x00000090   Code   RO         3194    i.tcp_recved        tcp.o
    0x08012e98   0x00000056   Code   RO         3440    i.tcp_rexmit        tcp_out.o
    0x08012eee   0x0000003a   Code   RO         3441    i.tcp_rexmit_rto    tcp_out.o
    0x08012f28   0x0000012c   Code   RO         3442    i.tcp_rst           tcp_out.o
    0x08013054   0x00000024   Code   RO         3195    i.tcp_seg_free      tcp.o
    0x08013078   0x0000001e   Code   RO         3196    i.tcp_segs_free     tcp.o
    0x08013096   0x0000001c   Code   RO         3443    i.tcp_send_ctrl     tcp_out.o
    0x080130b2   0x00000006   Code   RO         3197    i.tcp_sent          tcp.o
    0x080130b8   0x00000030   Code   RO         3847    i.tcp_server_init   netapp.o
    0x080130e8   0x00000518   Code   RO         3199    i.tcp_slowtmr       tcp.o
    0x08013600   0x00000050   Code   RO         3391    i.tcp_timewait_input  tcp_in.o
    0x08013650   0x00000038   Code   RO         3201    i.tcp_update_rcv_ann_wnd  tcp.o
    0x08013688   0x000000c8   Code   RO         3444    i.tcp_write         tcp_out.o
    0x08013750   0x0000014c   Code   RO         3445    i.tcp_zero_window_probe  tcp_out.o
    0x0801389c   0x0000001e   Code   RO         1716    i.test_bit          assoc.o
    0x080138ba   0x0000001a   Code   RO          705    i.time_after        common.o
    0x080138d4   0x00000060   Code   RO         2227    i.timer2_int        lwip.o
    0x08013934   0x0000004c   Code   RO         2228    i.timer_thread      lwip.o
    0x08013980   0x00000042   Code   RO          542    i.timerbase_config  system.o
    0x080139c2   0x00000020   Code   RO         1115    i.udelay            s3cmci.o
    0x080139e2   0x00000002   PAD
    0x080139e4   0x00000080   Code   RO         3506    i.udp_bind          udp.o
    0x08013a64   0x00000068   Code   RO         3507    i.udp_connect       udp.o
    0x08013acc   0x00000208   Code   RO         3509    i.udp_input         udp.o
    0x08013cd4   0x0000001c   Code   RO         3510    i.udp_new           udp.o
    0x08013cf0   0x00000006   Code   RO         3511    i.udp_recv          udp.o
    0x08013cf6   0x00000002   PAD
    0x08013cf8   0x00000040   Code   RO         3512    i.udp_remove        udp.o
    0x08013d38   0x0000010c   Code   RO         3515    i.udp_sendto_if     udp.o
    0x08013e44   0x000000f8   Code   RO         2414    i.update_arp_entry  etharp.o
    0x08013f3c   0x00000068   Code   RO         6763    i.wait_for_data_end  STM32F10xR.LIB(rx.o)(STM32F10xR.LIB)
    0x08013fa4   0x0000001e   Code   RO          543    i.watch_dog_config  system.o
    0x08013fc2   0x00000002   PAD
    0x08013fc4   0x00000024   Code   RO          708    i.wpa_hexdump_key   common.o
    0x08013fe8   0x00000030   Code   RO          709    i.wpa_printf        common.o
    0x08014018   0x00000074   Code   RO          544    i.write_flash       system.o
    0x0801408c   0x00000018   Code   RO         4058    i.write_flash_config  parmcfg.o
    0x080140a4   0x00000004   Code   RO         1116    i.writel            s3cmci.o
    0x080140a8   0x0000004c   Code   RO         2083    i.xdbug_buf         scan.o
    0x080140f4   0x0000000c   Code   RO         1554    i.xxx_find_ssid     assoc.o
    0x08014100   0x00000012   Data   RO          859    .constdata          core.o
    0x08014112   0x00000002   PAD
    0x08014114   0x00000055   Data   RO         1333    .constdata          sdio.o
    0x08014169   0x00000003   PAD
    0x0801416c   0x00000054   Data   RO         1464    .constdata          sdio_cis.o
    0x080141c0   0x000002f7   Data   RO         1556    .constdata          assoc.o
    0x080144b7   0x0000085c   Data   RO         1777    .constdata          help_firmware.o
    0x08014d13   0x00000001   PAD
    0x08014d14   0x00000010   Data   RO         1810    .constdata          if_sdio.o
    0x08014d24   0x000179cc   Data   RO         1936    .constdata          marvel8385_firmware.o
    0x0802c6f0   0x00000072   Data   RO         2084    .constdata          scan.o
    0x0802c762   0x0000000c   Data   RO         2417    .constdata          etharp.o
    0x0802c76e   0x00000024   Data   RO         2866    .constdata          memp.o
    0x0802c792   0x00000002   PAD
    0x0802c794   0x0000005d   Data   RO         3202    .constdata          tcp.o
    0x0802c7f1   0x00000003   PAD
    0x0802c7f4   0x000000f2   Data   RO         3393    .constdata          tcp_in.o
    0x0802c8e6   0x00000002   PAD
    0x0802c8e8   0x0000021e   Data   RO         3446    .constdata          tcp_out.o
    0x0802cb06   0x00000008   Data   RO         3761    .constdata          ip_addr.o
    0x0802cb0e   0x0000100b   Data   RO         3946    .constdata          sample_http.o
    0x0802db19   0x00000003   PAD
    0x0802db1c   0x00000048   Data   RO         4013    .constdata          main.o
    0x0802db64   0x00000014   Data   RO         5001    .constdata          STM32F10xR.LIB(stm32f10x_rcc.o)(STM32F10xR.LIB)
    0x0802db78   0x00000046   Data   RO         6358    .constdata          STM32F10xR.LIB(cmd.o)(STM32F10xR.LIB)
    0x0802dbbe   0x00000081   Data   RO         6830    .constdata          mc_w.l(ctype_o.o)(mc_w.l)
    0x0802dc3f   0x00000001   PAD
    0x0802dc40   0x00000004   Data   RO         6831    .constdata          mc_w.l(ctype_o.o)(mc_w.l)
    0x0802dc44   0x00000020   Data   RO         7173    Region$$Table       anon$$obj.o


    Execution Region RW_IRAM1 (Base: 0x20000000, Size: 0x0000b198, Max: 0x0000c000, ABSOLUTE, COMPRESSED[0x00000164])

    Base Addr    Size         Type   Attr      Idx    E Section Name        Object

    0x20000000   0x00000008   Data   RW          711    .data               common.o
    0x20000008   0x00000004   Data   RW         1119    .data               s3cmci.o
    0x2000000c   0x0000000c   Data   RW         1557    .data               assoc.o
    0x20000018   0x00000008   Data   RW         1963    .data               marvell_ops.o
    0x20000020   0x0000000c   Data   RW         2230    .data               lwip.o
    0x2000002c   0x00000001   Data   RW         2418    .data               etharp.o
    0x2000002d   0x00000003   PAD
    0x20000030   0x00000004   Data   RW         2538    .data               dhcp.o
    0x20000034   0x0000000d   Data   RW         2712    .data               dns.o
    0x20000041   0x00000003   PAD
    0x20000044   0x0000000d   Data   RW         2824    .data               mem.o
    0x20000051   0x00000003   PAD
    0x20000054   0x0000000c   Data   RW         2945    .data               netif.o
    0x20000060   0x00000004   Data   RW         3107    .data               raw.o
    0x20000064   0x00000021   Data   RW         3203    .data               tcp.o
    0x20000085   0x00000003   PAD
    0x20000088   0x00000020   Data   RW         3394    .data               tcp_in.o
    0x200000a8   0x00000004   Data   RW         3516    .data               udp.o
    0x200000ac   0x0000000c   Data   RW         3718    .data               ip.o
    0x200000b8   0x00000006   Data   RW         3791    .data               ip_frag.o
    0x200000be   0x00000002   PAD
    0x200000c0   0x00000008   Data   RW         3947    .data               sample_http.o
    0x200000c8   0x00000008   Data   RW         4014    .data               main.o
    0x200000d0   0x00000057   Data   RW         4061    .data               parmcfg.o
    0x20000127   0x00000001   PAD
    0x20000128   0x00000008   Data   RW         5002    .data               STM32F10xR.LIB(stm32f10x_rcc.o)(STM32F10xR.LIB)
    0x20000130   0x000000cc   Data   RW         6085    .data               STM32F10xR.LIB(11d.o)(STM32F10xR.LIB)
    0x200001fc   0x00000280   Data   RW         6644    .data               STM32F10xR.LIB(marvel_main.o)(STM32F10xR.LIB)
    0x2000047c   0x00000004   Data   RW         7147    .data               mc_w.l(stdout.o)(mc_w.l)
    0x20000480   0x000001e8   Zero   RW          858    .bss                core.o
    0x20000668   0x0000001c   Zero   RW         1118    .bss                s3cmci.o
    0x20000684   0x0000058c   Zero   RW         1463    .bss                sdio_cis.o
    0x20000c10   0x00000358   Zero   RW         1555    .bss                assoc.o
    0x20000f68   0x00000664   Zero   RW         1809    .bss                if_sdio.o
    0x200015cc   0x000000a8   Zero   RW         2229    .bss                lwip.o
    0x20001674   0x000000c8   Zero   RW         2416    .bss                etharp.o
    0x2000173c   0x00000660   Zero   RW         2711    .bss                dns.o
    0x20001d9c   0x00001014   Zero   RW         2823    .bss                mem.o
    0x20002db0   0x00002a2f   Zero   RW         2865    .bss                memp.o
    0x200057df   0x00000001   PAD
    0x200057e0   0x00000014   Zero   RW         3392    .bss                tcp_in.o
    0x200057f4   0x000005e0   Zero   RW         3790    .bss                ip_frag.o
    0x20005dd4   0x00000200   Zero   RW         3945    .bss                sample_http.o
    0x20005fd4   0x0000041c   Zero   RW         6357    .bss                STM32F10xR.LIB(cmd.o)(STM32F10xR.LIB)
    0x200063f0   0x000028a8   Zero   RW         6643    .bss                STM32F10xR.LIB(marvel_main.o)(STM32F10xR.LIB)
    0x20008c98   0x00002500   Zero   RW            1    STACK               stm32f10x.o


==============================================================================

Image component sizes


      Code (inc. data)   RO Data    RW Data    ZI Data      Debug   Object Name

      8698       2726        759         12        856          0   assoc.o
       644        128          0          8          0          0   common.o
      2094        292         18          0        488          0   core.o
      4182        896          0          4          0          0   dhcp.o
      1050        270          0         13       1632          0   dns.o
      2428        216         12          1        200          0   etharp.o
       600        100          0          0          0          0   ethernetif.o
         0          0       2140          0          0          0   help_firmware.o
       606          0          0          0          0          0   icmp.o
      2862        448         16          0       1636          0   if_sdio.o
        62          0          0          0          0          0   inet.o
       350          0          0          0          0          0   inet_chksum.o
         0          0          0          0          0          0   init.o
      1162         26          0         12          0          0   ip.o
        78          0          8          0          0          0   ip_addr.o
      1456         38          0          6       1504          0   ip_frag.o
       588        150          0         12        168          0   lwip.o
      1364        646         72          8          0          0   main.o
         0          0      96716          0          0          0   marvel8385_firmware.o
       382        148          0          8          0          0   marvell_ops.o
       832         76          0         13       4116          0   mem.o
       288        122         36          0      10799          0   memp.o
       916         76          0          0          0          0   netapp.o
       436         26          0         12          0          0   netif.o
        58          6          0         87          0          0   parmcfg.o
      1812        508          0          0          0          0   pbuf.o
       104          4          0          4          0          0   raw.o
      3110        714          0          4         28          0   s3cmci.o
      2260        330       4107          8        512          0   sample_http.o
      3466       1180        114          0          0          0   scan.o
      3216        406         85          0          0          0   sdio.o
      1146        182         84          0       1420          0   sdio_cis.o
         8          4        304          0       9472          0   stm32f10x.o
       176         18          0          0          0          0   stm32f10x_it.o
       880         52          0          0          0          0   system.o
      5816       1914         93         33          0          0   tcp.o
      7900       2060        242         32         20          0   tcp_in.o
      4892       1452        542          0          0          0   tcp_out.o
      1118         20          0          4          0          0   udp.o

    ----------------------------------------------------------------------
     67122      15234     105396        296      32852          0   Object Totals
         0          0         32          0          0          0   (incl. Generated)
        82          0         16         15          1          2   (incl. Padding)

    ----------------------------------------------------------------------

      Code (inc. data)   RO Data    RW Data    ZI Data      Debug   Library Member Name

      1102         94          0        204          0          0   11d.o
      5084        394         70          0       1052          0   cmd.o
      1126        110          0        640      10408          0   marvel_main.o
       312        100          0          0          0          0   rx.o
         0          0          0          0          0          0   stm32f10x_adc.o
       130         10          0          0          0          0   stm32f10x_dma.o
       300         50          0          0          0          0   stm32f10x_flash.o
       158          0          0          0          0          0   stm32f10x_gpio.o
        52         24          0          0          0          0   stm32f10x_iwdg.o
       152         16          0          0          0          0   stm32f10x_nvic.o
       580        106         20          8          0          0   stm32f10x_rcc.o
       212         46          0          0          0          0   stm32f10x_sdio.o
       134         10          0          0          0          0   stm32f10x_tim.o
       212          6          0          0          0          0   stm32f10x_usart.o
        92          0          0          0          0          0   __dczerorl2.o
         8          4        133          0          0          0   ctype_o.o
         0          0          0          0          0          0   entry.o
         8          4          0          0          0          0   entry2.o
         4          0          0          0          0          0   entry5.o
         8          4          0          0          0          0   entry7.o
        30          0          0          0          0          0   handlers.o
        36          8          0          0          0          0   init.o
         0          0          0          0          0          0   iusefp.o
        30          0          0          0          0          0   llshl.o
        36          0          0          0          0          0   llsshr.o
        32          0          0          0          0          0   llushr.o
        26          0          0          0          0          0   memcmp.o
        64          0          0          0          0          0   memmovea.o
        38          0          0          0          0          0   memseta.o
      1292         64          0          0          0          0   printf8.o
      2188         90          0          0          0          0   printfa.o
         0          0          0          4          0          0   stdout.o
        28          0          0          0          0          0   strcmp.o
        18          0          0          0          0          0   strcpy.o
        16          0          0          0          0          0   strlen.o
        12          0          0          0          0          0   toupper.o
        44          0          0          0          0          0   uidiv.o
       102          0          0          0          0          0   uldiv.o
        40          2          0          0          0          0   cdrcmple.o
       330          0          0          0          0          0   dadd.o
       222          0          0          0          0          0   ddiv.o
       194          0          0          0          0          0   depilogue.o
        48          0          0          0          0          0   dfixul.o
       226          0          0          0          0          0   dmul.o

    ----------------------------------------------------------------------
     14750       1142        224        856      11460          0   Library Totals
        24          0          1          0          0          0   (incl. Padding)

    ----------------------------------------------------------------------

      Code (inc. data)   RO Data    RW Data    ZI Data      Debug   Library Name

      9554        966         90        852      11460     305888   STM32F10xR.LIB
      4112        174        133          4          0       2156   mc_w.l
      1060          2          0          0          0        664   mf_w.l

    ----------------------------------------------------------------------
     14750       1142        224        856      11460          0   Library Totals

    ----------------------------------------------------------------------

==============================================================================


      Code (inc. data)   RO Data    RW Data    ZI Data      Debug   

     81872      16376     105620       1152      44312     928880   Grand Totals
     81872      16376     105620        356      44312     928880   ELF Image Totals (compressed)
     81872      16376     105620        356          0          0   ROM Totals

==============================================================================

    Total RO  Size (Code + RO Data)               187492 ( 183.10kB)
    Total RW  Size (RW Data + ZI Data)             45464 (  44.40kB)
    Total ROM Size (Code + RO Data + RW Data)     187848 ( 183.45kB)

==============================================================================

