<!doctype html public "-//w3c//dtd html 4.0 transitional//en">
<html><head>
<title>Static Call Graph - [.\obj\wifi.axf]</title></head>
<body><HR>
<H1>Static Call Graph for image .\obj\wifi.axf</H1><HR>
<BR><P>#&#060CALLGRAPH&#062# ARM Linker, 4.1 [Build 481]: Last Updated: Sun Dec 22 08:53:41 2013
<BR><P>
<H3>Maximum Stack Usage =       4448 bytes + Unknown(Cycles, Untraceable Function Pointers)</H3><H3>
Call chain for Maximum Stack Depth:</H3>
if_sdio_host_to_card &rArr; if_sdio_host_to_card_worker &rArr; sdio_io_rw_ext_helper &rArr; mmc_io_rw_extended &rArr; mmc_wait_for_req &rArr; mmc_start_request
<P>
<H3>
Mutually Recursive functions
</H3> <LI><a href="#[4a]">fputc</a>&nbsp;&nbsp;&nbsp;&rArr;&nbsp;&nbsp;&nbsp;<a href="#[4a]">fputc</a><BR>
</UL>
<P>
<H3>
Function Pointers
</H3><UL>
 <LI><a href="#[0]">Reset_Handler</a> from stm32f10x.o(.text) referenced from stm32f10x.o(RESET)
 <LI><a href="#[1]">NMIException</a> from stm32f10x_it.o(i.NMIException) referenced from stm32f10x.o(RESET)
 <LI><a href="#[2]">HardFaultException</a> from stm32f10x_it.o(i.HardFaultException) referenced from stm32f10x.o(RESET)
 <LI><a href="#[3]">MemManageException</a> from stm32f10x_it.o(i.MemManageException) referenced from stm32f10x.o(RESET)
 <LI><a href="#[4]">BusFaultException</a> from stm32f10x_it.o(i.BusFaultException) referenced from stm32f10x.o(RESET)
 <LI><a href="#[5]">UsageFaultException</a> from stm32f10x_it.o(i.UsageFaultException) referenced from stm32f10x.o(RESET)
 <LI><a href="#[6]">SVCHandler</a> from stm32f10x_it.o(i.SVCHandler) referenced from stm32f10x.o(RESET)
 <LI><a href="#[7]">DebugMonitor</a> from stm32f10x_it.o(i.DebugMonitor) referenced from stm32f10x.o(RESET)
 <LI><a href="#[8]">PendSVC</a> from stm32f10x_it.o(i.PendSVC) referenced from stm32f10x.o(RESET)
 <LI><a href="#[9]">SysTickHandler</a> from stm32f10x_it.o(i.SysTickHandler) referenced from stm32f10x.o(RESET)
 <LI><a href="#[a]">WWDG_IRQHandler</a> from stm32f10x_it.o(i.WWDG_IRQHandler) referenced from stm32f10x.o(RESET)
 <LI><a href="#[b]">PVD_IRQHandler</a> from stm32f10x_it.o(i.PVD_IRQHandler) referenced from stm32f10x.o(RESET)
 <LI><a href="#[c]">TAMPER_IRQHandler</a> from stm32f10x_it.o(i.TAMPER_IRQHandler) referenced from stm32f10x.o(RESET)
 <LI><a href="#[d]">RTC_IRQHandler</a> from stm32f10x_it.o(i.RTC_IRQHandler) referenced from stm32f10x.o(RESET)
 <LI><a href="#[e]">FLASH_IRQHandler</a> from stm32f10x_it.o(i.FLASH_IRQHandler) referenced from stm32f10x.o(RESET)
 <LI><a href="#[f]">RCC_IRQHandler</a> from stm32f10x_it.o(i.RCC_IRQHandler) referenced from stm32f10x.o(RESET)
 <LI><a href="#[10]">EXTI0_IRQHandler</a> from stm32f10x_it.o(i.EXTI0_IRQHandler) referenced from stm32f10x.o(RESET)
 <LI><a href="#[11]">EXTI1_IRQHandler</a> from stm32f10x_it.o(i.EXTI1_IRQHandler) referenced from stm32f10x.o(RESET)
 <LI><a href="#[12]">EXTI2_IRQHandler</a> from stm32f10x_it.o(i.EXTI2_IRQHandler) referenced from stm32f10x.o(RESET)
 <LI><a href="#[13]">EXTI3_IRQHandler</a> from stm32f10x_it.o(i.EXTI3_IRQHandler) referenced from stm32f10x.o(RESET)
 <LI><a href="#[14]">EXTI4_IRQHandler</a> from stm32f10x_it.o(i.EXTI4_IRQHandler) referenced from stm32f10x.o(RESET)
 <LI><a href="#[15]">DMAChannel1_IRQHandler</a> from stm32f10x_it.o(i.DMAChannel1_IRQHandler) referenced from stm32f10x.o(RESET)
 <LI><a href="#[16]">DMAChannel2_IRQHandler</a> from stm32f10x_it.o(i.DMAChannel2_IRQHandler) referenced from stm32f10x.o(RESET)
 <LI><a href="#[17]">DMAChannel3_IRQHandler</a> from stm32f10x_it.o(i.DMAChannel3_IRQHandler) referenced from stm32f10x.o(RESET)
 <LI><a href="#[18]">DMAChannel4_IRQHandler</a> from stm32f10x_it.o(i.DMAChannel4_IRQHandler) referenced from stm32f10x.o(RESET)
 <LI><a href="#[19]">DMAChannel5_IRQHandler</a> from stm32f10x_it.o(i.DMAChannel5_IRQHandler) referenced from stm32f10x.o(RESET)
 <LI><a href="#[1a]">DMAChannel6_IRQHandler</a> from stm32f10x_it.o(i.DMAChannel6_IRQHandler) referenced from stm32f10x.o(RESET)
 <LI><a href="#[1b]">DMAChannel7_IRQHandler</a> from stm32f10x_it.o(i.DMAChannel7_IRQHandler) referenced from stm32f10x.o(RESET)
 <LI><a href="#[1c]">ADC_IRQHandler</a> from stm32f10x_it.o(i.ADC_IRQHandler) referenced from stm32f10x.o(RESET)
 <LI><a href="#[1d]">USB_HP_CAN_TX_IRQHandler</a> from stm32f10x_it.o(i.USB_HP_CAN_TX_IRQHandler) referenced from stm32f10x.o(RESET)
 <LI><a href="#[1e]">USB_LP_CAN_RX0_IRQHandler</a> from stm32f10x_it.o(i.USB_LP_CAN_RX0_IRQHandler) referenced from stm32f10x.o(RESET)
 <LI><a href="#[1f]">CAN_RX1_IRQHandler</a> from stm32f10x_it.o(i.CAN_RX1_IRQHandler) referenced from stm32f10x.o(RESET)
 <LI><a href="#[20]">CAN_SCE_IRQHandler</a> from stm32f10x_it.o(i.CAN_SCE_IRQHandler) referenced from stm32f10x.o(RESET)
 <LI><a href="#[21]">EXTI9_5_IRQHandler</a> from stm32f10x_it.o(i.EXTI9_5_IRQHandler) referenced from stm32f10x.o(RESET)
 <LI><a href="#[22]">TIM1_BRK_IRQHandler</a> from stm32f10x_it.o(i.TIM1_BRK_IRQHandler) referenced from stm32f10x.o(RESET)
 <LI><a href="#[23]">TIM1_UP_IRQHandler</a> from stm32f10x_it.o(i.TIM1_UP_IRQHandler) referenced from stm32f10x.o(RESET)
 <LI><a href="#[24]">TIM1_TRG_COM_IRQHandler</a> from stm32f10x_it.o(i.TIM1_TRG_COM_IRQHandler) referenced from stm32f10x.o(RESET)
 <LI><a href="#[25]">TIM1_CC_IRQHandler</a> from stm32f10x_it.o(i.TIM1_CC_IRQHandler) referenced from stm32f10x.o(RESET)
 <LI><a href="#[26]">TIM2_IRQHandler</a> from stm32f10x_it.o(i.TIM2_IRQHandler) referenced from stm32f10x.o(RESET)
 <LI><a href="#[27]">TIM3_IRQHandler</a> from stm32f10x_it.o(i.TIM3_IRQHandler) referenced from stm32f10x.o(RESET)
 <LI><a href="#[28]">TIM4_IRQHandler</a> from stm32f10x_it.o(i.TIM4_IRQHandler) referenced from stm32f10x.o(RESET)
 <LI><a href="#[29]">I2C1_EV_IRQHandler</a> from stm32f10x_it.o(i.I2C1_EV_IRQHandler) referenced from stm32f10x.o(RESET)
 <LI><a href="#[2a]">I2C1_ER_IRQHandler</a> from stm32f10x_it.o(i.I2C1_ER_IRQHandler) referenced from stm32f10x.o(RESET)
 <LI><a href="#[2b]">I2C2_EV_IRQHandler</a> from stm32f10x_it.o(i.I2C2_EV_IRQHandler) referenced from stm32f10x.o(RESET)
 <LI><a href="#[2c]">I2C2_ER_IRQHandler</a> from stm32f10x_it.o(i.I2C2_ER_IRQHandler) referenced from stm32f10x.o(RESET)
 <LI><a href="#[2d]">SPI1_IRQHandler</a> from stm32f10x_it.o(i.SPI1_IRQHandler) referenced from stm32f10x.o(RESET)
 <LI><a href="#[2e]">SPI2_IRQHandler</a> from stm32f10x_it.o(i.SPI2_IRQHandler) referenced from stm32f10x.o(RESET)
 <LI><a href="#[2f]">USART1_IRQHandler</a> from stm32f10x_it.o(i.USART1_IRQHandler) referenced from stm32f10x.o(RESET)
 <LI><a href="#[30]">USART2_IRQHandler</a> from stm32f10x_it.o(i.USART2_IRQHandler) referenced from stm32f10x.o(RESET)
 <LI><a href="#[31]">USART3_IRQHandler</a> from stm32f10x_it.o(i.USART3_IRQHandler) referenced from stm32f10x.o(RESET)
 <LI><a href="#[32]">EXTI15_10_IRQHandler</a> from stm32f10x_it.o(i.EXTI15_10_IRQHandler) referenced from stm32f10x.o(RESET)
 <LI><a href="#[33]">RTCAlarm_IRQHandler</a> from stm32f10x_it.o(i.RTCAlarm_IRQHandler) referenced from stm32f10x.o(RESET)
 <LI><a href="#[34]">USBWakeUp_IRQHandler</a> from stm32f10x_it.o(i.USBWakeUp_IRQHandler) referenced from stm32f10x.o(RESET)
 <LI><a href="#[35]">TIM8_BRK_IRQHander</a> from stm32f10x_it.o(i.TIM8_BRK_IRQHander) referenced from stm32f10x.o(RESET)
 <LI><a href="#[36]">TIM8_UP_IRQHander</a> from stm32f10x_it.o(i.TIM8_UP_IRQHander) referenced from stm32f10x.o(RESET)
 <LI><a href="#[37]">TIM8_TRG_COM_IRQHander</a> from stm32f10x_it.o(i.TIM8_TRG_COM_IRQHander) referenced from stm32f10x.o(RESET)
 <LI><a href="#[38]">TIM8_CC_IRQHander</a> from stm32f10x_it.o(i.TIM8_CC_IRQHander) referenced from stm32f10x.o(RESET)
 <LI><a href="#[39]">ADC3_IRQHander</a> from stm32f10x_it.o(i.ADC3_IRQHander) referenced from stm32f10x.o(RESET)
 <LI><a href="#[3a]">FSMC_IRQHander</a> from stm32f10x_it.o(i.FSMC_IRQHander) referenced from stm32f10x.o(RESET)
 <LI><a href="#[3b]">SDIO_IRQHander</a> from stm32f10x_it.o(i.SDIO_IRQHander) referenced from stm32f10x.o(RESET)
 <LI><a href="#[3c]">TIM5_IRQHander</a> from stm32f10x_it.o(i.TIM5_IRQHander) referenced from stm32f10x.o(RESET)
 <LI><a href="#[3d]">SPI3_IRQHander</a> from stm32f10x_it.o(i.SPI3_IRQHander) referenced from stm32f10x.o(RESET)
 <LI><a href="#[3e]">UART4_IRQHander</a> from stm32f10x_it.o(i.UART4_IRQHander) referenced from stm32f10x.o(RESET)
 <LI><a href="#[3f]">UART5_IRQHander</a> from stm32f10x_it.o(i.UART5_IRQHander) referenced from stm32f10x.o(RESET)
 <LI><a href="#[40]">TIM6_IRQHander</a> from stm32f10x_it.o(i.TIM6_IRQHander) referenced from stm32f10x.o(RESET)
 <LI><a href="#[41]">TIM7_IRQHander</a> from stm32f10x_it.o(i.TIM7_IRQHander) referenced from stm32f10x.o(RESET)
 <LI><a href="#[42]">DMA2_Channel1_IRQHander</a> from stm32f10x_it.o(i.DMA2_Channel1_IRQHander) referenced from stm32f10x.o(RESET)
 <LI><a href="#[43]">DMA2_Channel2_IRQHander</a> from stm32f10x_it.o(i.DMA2_Channel2_IRQHander) referenced from stm32f10x.o(RESET)
 <LI><a href="#[44]">DMA2_Channel3_IRQHander</a> from stm32f10x_it.o(i.DMA2_Channel3_IRQHander) referenced from stm32f10x.o(RESET)
 <LI><a href="#[45]">DMA2_Channel4_5_IRQHander</a> from stm32f10x_it.o(i.DMA2_Channel4_5_IRQHander) referenced from stm32f10x.o(RESET)
 <LI><a href="#[46]">main</a> from main.o(i.main) referenced from entry7.o(.ARM.Collect$$$$00000007)
 <LI><a href="#[47]">__main</a> from entry.o(.ARM.Collect$$$$00000000) referenced from stm32f10x.o(.text)
 <LI><a href="#[48]">ethernet_input</a> from etharp.o(i.ethernet_input) referenced from lwip.o(i.Init_lwIP)
 <LI><a href="#[49]">ethernetif_init</a> from ethernetif.o(i.ethernetif_init) referenced from lwip.o(i.Init_lwIP)
 <LI><a href="#[4a]">fputc</a> from system.o(i.fputc) referenced from printf8.o(i.__0printf$8)
 <LI><a href="#[4b]">_snputc</a> from printf8.o(i._snputc) referenced from printf8.o(i.__0snprintf$8)
 <LI><a href="#[4c]">_sputc</a> from printf8.o(i._sputc) referenced from printf8.o(i.__0sprintf$8)
 <LI><a href="#[4a]">fputc</a> from system.o(i.fputc) referenced from printfa.o(i.__0vprintf)
 <LI><a href="#[4d]">dhcp_recv</a> from dhcp.o(i.dhcp_recv) referenced from dhcp.o(i.dhcp_start)
 <LI><a href="#[4e]">dns_recv</a> from dns.o(i.dns_recv) referenced from dns.o(i.dns_init)
 <LI><a href="#[4f]">etharp_output</a> from etharp.o(i.etharp_output) referenced from ethernetif.o(i.ethernetif_init)
 <LI><a href="#[50]">low_level_output</a> from ethernetif.o(i.low_level_output) referenced from ethernetif.o(i.ethernetif_init)
 <LI><a href="#[51]">http_recv</a> from sample_http.o(i.http_recv) referenced from sample_http.o(i.http_accept)
 <LI><a href="#[52]">conn_err</a> from sample_http.o(i.conn_err) referenced from sample_http.o(i.http_accept)
 <LI><a href="#[53]">http_sent</a> from sample_http.o(i.http_sent) referenced from sample_http.o(i.http_recv)
 <LI><a href="#[54]">http_accept</a> from sample_http.o(i.http_accept) referenced from sample_http.o(i.httpd_init)
 <LI><a href="#[55]">if_sdio_interrupt</a> from if_sdio.o(i.if_sdio_interrupt) referenced from if_sdio.o(i.if_sdio_probe)
 <LI><a href="#[56]">if_sdio_host_to_card</a> from if_sdio.o(i.if_sdio_host_to_card) referenced from if_sdio.o(i.if_sdio_probe)
 <LI><a href="#[57]">stm32_request</a> from s3cmci.o(i.stm32_request) referenced from s3cmci.o(i.init_stm32_struct)
 <LI><a href="#[58]">stm32_set_ios</a> from s3cmci.o(i.stm32_set_ios) referenced from s3cmci.o(i.init_stm32_struct)
 <LI><a href="#[59]">stm32_get_ro</a> from s3cmci.o(i.stm32_get_ro) referenced from s3cmci.o(i.init_stm32_struct)
 <LI><a href="#[5a]">stm32_card_present</a> from s3cmci.o(i.stm32_card_present) referenced from s3cmci.o(i.init_stm32_struct)
 <LI><a href="#[5b]">stm32_enable_sdio_irq</a> from s3cmci.o(i.stm32_enable_sdio_irq) referenced from s3cmci.o(i.init_stm32_struct)
 <LI><a href="#[5c]">lbs_cmd_async_callback</a> from cmd.o(i.lbs_cmd_async_callback) referenced from cmd.o(i.lbs_cmd_async)
 <LI><a href="#[5d]">lbs_cmd_copyback</a> from cmd.o(i.lbs_cmd_copyback) referenced from cmd.o(i.lbs_cmd_with_response)
 <LI><a href="#[5c]">lbs_cmd_async_callback</a> from cmd.o(i.lbs_cmd_async_callback) referenced from cmd.o(i.lbs_complete_command)
 <LI><a href="#[5e]">lbs_ret_80211_scan</a> from scan.o(i.lbs_ret_80211_scan) referenced from scan.o(i.lbs_do_scan)
 <LI><a href="#[5f]">mmc_wait_done</a> from core.o(i.mmc_wait_done) referenced from core.o(i.mmc_wait_for_req)
 <LI><a href="#[60]">server_recv</a> from netapp.o(i.server_recv) referenced from netapp.o(i.server_accept)
 <LI><a href="#[61]">tcp_recv_null</a> from tcp.o(i.tcp_recv_null) referenced from tcp.o(i.tcp_alloc)
 <LI><a href="#[62]">tcp_accept_null</a> from tcp.o(i.tcp_accept_null) referenced from tcp.o(i.tcp_listen_with_backlog)
 <LI><a href="#[63]">server_accept</a> from netapp.o(i.server_accept) referenced from netapp.o(i.tcp_server_init)
 <LI><a href="#[64]">cistpl_vers_1</a> from sdio_cis.o(i.cistpl_vers_1) referenced from sdio_cis.o(.constdata)
 <LI><a href="#[65]">cistpl_manfid</a> from sdio_cis.o(i.cistpl_manfid) referenced from sdio_cis.o(.constdata)
 <LI><a href="#[66]">cistpl_funce</a> from sdio_cis.o(i.cistpl_funce) referenced from sdio_cis.o(.constdata)
</UL>
<P>
<H3>
Global Symbols
</H3>
<P><STRONG><a name="[47]"></a>__main</STRONG> (Thumb, 0 bytes, Stack size unknown bytes, entry.o(.ARM.Collect$$$$00000000))
<BR>[Address Reference Count : 1]<UL><LI> stm32f10x.o(.text)
</UL>
<P><STRONG><a name="[2e7]"></a>_main_stk</STRONG> (Thumb, 0 bytes, Stack size unknown bytes, entry2.o(.ARM.Collect$$$$00000001))

<P><STRONG><a name="[67]"></a>_main_scatterload</STRONG> (Thumb, 0 bytes, Stack size unknown bytes, entry5.o(.ARM.Collect$$$$00000004))
<BR><BR>[Calls]<UL><LI><a href="#[68]">&gt;&gt;</a>&nbsp;&nbsp;&nbsp;__scatterload
</UL>

<P><STRONG><a name="[78]"></a>__main_after_scatterload</STRONG> (Thumb, 0 bytes, Stack size unknown bytes, entry5.o(.ARM.Collect$$$$00000004))
<BR><BR>[Called By]<UL><LI><a href="#[68]">&gt;&gt;</a>&nbsp;&nbsp;&nbsp;__scatterload
</UL>

<P><STRONG><a name="[2e8]"></a>_main_init</STRONG> (Thumb, 0 bytes, Stack size unknown bytes, entry7.o(.ARM.Collect$$$$00000007))

<P><STRONG><a name="[0]"></a>Reset_Handler</STRONG> (Thumb, 4 bytes, Stack size 0 bytes, stm32f10x.o(.text))
<BR>[Address Reference Count : 1]<UL><LI> stm32f10x.o(RESET)
</UL>
<P><STRONG><a name="[215]"></a>__rt_ctype_table</STRONG> (Thumb, 4 bytes, Stack size 0 bytes, ctype_o.o(.text))
<BR><BR>[Called By]<UL><LI><a href="#[1a4]">&gt;&gt;</a>&nbsp;&nbsp;&nbsp;print_ssid
</UL>

<P><STRONG><a name="[1cf]"></a>toupper</STRONG> (Thumb, 12 bytes, Stack size 0 bytes, toupper.o(.text))
<BR><BR>[Called By]<UL><LI><a href="#[1ce]">&gt;&gt;</a>&nbsp;&nbsp;&nbsp;lbs_region_2_code
</UL>

<P><STRONG><a name="[2e9]"></a>___aeabi_memcpy8$move</STRONG> (Thumb, 0 bytes, Stack size 8 bytes, memmovea.o(.text), UNUSED)

<P><STRONG><a name="[c0]"></a>__aeabi_memcpy</STRONG> (Thumb, 64 bytes, Stack size 8 bytes, memmovea.o(.text))
<BR><BR>[Stack]<UL><LI>Max Depth = 8<LI>Call Chain = __aeabi_memcpy
</UL>
<BR>[Called By]<UL><LI><a href="#[166]">&gt;&gt;</a>&nbsp;&nbsp;&nbsp;sdio_io_rw_ext_helper
<LI><a href="#[1b3]">&gt;&gt;</a>&nbsp;&nbsp;&nbsp;lbs_scan_add_ssid_tlv
<LI><a href="#[1b4]">&gt;&gt;</a>&nbsp;&nbsp;&nbsp;lbs_scan_add_chanlist_tlv
<LI><a href="#[1ca]">&gt;&gt;</a>&nbsp;&nbsp;&nbsp;lbs_process_bss
<LI><a href="#[ee]">&gt;&gt;</a>&nbsp;&nbsp;&nbsp;lbs_set_key_material
<LI><a href="#[178]">&gt;&gt;</a>&nbsp;&nbsp;&nbsp;if_sdio_prog_real
<LI><a href="#[177]">&gt;&gt;</a>&nbsp;&nbsp;&nbsp;if_sdio_prog_helper
<LI><a href="#[56]">&gt;&gt;</a>&nbsp;&nbsp;&nbsp;if_sdio_host_to_card
<LI><a href="#[167]">&gt;&gt;</a>&nbsp;&nbsp;&nbsp;if_sdio_handle_cmd
<LI><a href="#[1bc]">&gt;&gt;</a>&nbsp;&nbsp;&nbsp;lbs_scan_networks
<LI><a href="#[e6]">&gt;&gt;</a>&nbsp;&nbsp;&nbsp;lbs_cmd_802_11_key_material
<LI><a href="#[1a8]">&gt;&gt;</a>&nbsp;&nbsp;&nbsp;lbs_find_best_network_ssid
<LI><a href="#[1a2]">&gt;&gt;</a>&nbsp;&nbsp;&nbsp;lbs_associate
<LI><a href="#[1a1]">&gt;&gt;</a>&nbsp;&nbsp;&nbsp;lbs_assoc_post
<LI><a href="#[db]">&gt;&gt;</a>&nbsp;&nbsp;&nbsp;lbs_adhoc_start
<LI><a href="#[19d]">&gt;&gt;</a>&nbsp;&nbsp;&nbsp;lbs_adhoc_post
<LI><a href="#[d5]">&gt;&gt;</a>&nbsp;&nbsp;&nbsp;lbs_adhoc_join
<LI><a href="#[17d]">&gt;&gt;</a>&nbsp;&nbsp;&nbsp;init_marvel_adhoc_assoc
<LI><a href="#[144]">&gt;&gt;</a>&nbsp;&nbsp;&nbsp;get_common_rates
<LI><a href="#[e4]">&gt;&gt;</a>&nbsp;&nbsp;&nbsp;assoc_helper_wpa_keys
<LI><a href="#[e3]">&gt;&gt;</a>&nbsp;&nbsp;&nbsp;assoc_helper_wpa_ie
<LI><a href="#[e1]">&gt;&gt;</a>&nbsp;&nbsp;&nbsp;assoc_helper_wep_keys
<LI><a href="#[d1]">&gt;&gt;</a>&nbsp;&nbsp;&nbsp;assoc_helper_essid
<LI><a href="#[11c]">&gt;&gt;</a>&nbsp;&nbsp;&nbsp;pbuf_copy_partial
<LI><a href="#[12f]">&gt;&gt;</a>&nbsp;&nbsp;&nbsp;pbuf_copy
<LI><a href="#[136]">&gt;&gt;</a>&nbsp;&nbsp;&nbsp;low_level_input
<LI><a href="#[1d8]">&gt;&gt;</a>&nbsp;&nbsp;&nbsp;lbs_sendpbuf
<LI><a href="#[191]">&gt;&gt;</a>&nbsp;&nbsp;&nbsp;ip_reass_free_complete_datagram
<LI><a href="#[18d]">&gt;&gt;</a>&nbsp;&nbsp;&nbsp;ip_reass_enqueue_new_datagram
<LI><a href="#[187]">&gt;&gt;</a>&nbsp;&nbsp;&nbsp;ip_reass
<LI><a href="#[184]">&gt;&gt;</a>&nbsp;&nbsp;&nbsp;ip_frag
<LI><a href="#[15a]">&gt;&gt;</a>&nbsp;&nbsp;&nbsp;icmp_send_response
<LI><a href="#[241]">&gt;&gt;</a>&nbsp;&nbsp;&nbsp;tcp_enqueue
<LI><a href="#[14c]">&gt;&gt;</a>&nbsp;&nbsp;&nbsp;html_cgi
<LI><a href="#[5d]">&gt;&gt;</a>&nbsp;&nbsp;&nbsp;lbs_cmd_copyback
<LI><a href="#[1ad]">&gt;&gt;</a>&nbsp;&nbsp;&nbsp;set_one_wpa_key
<LI><a href="#[1b0]">&gt;&gt;</a>&nbsp;&nbsp;&nbsp;lbs_cmd_fwt_access
<LI><a href="#[145]">&gt;&gt;</a>&nbsp;&nbsp;&nbsp;handle_cmd_response
<LI><a href="#[b8]">&gt;&gt;</a>&nbsp;&nbsp;&nbsp;__lbs_cmd_async
</UL>

<P><STRONG><a name="[d3]"></a>__aeabi_memcpy4</STRONG> (Thumb, 0 bytes, Stack size 8 bytes, memmovea.o(.text))
<BR><BR>[Stack]<UL><LI>Max Depth = 8<LI>Call Chain = __aeabi_memcpy4
</UL>
<BR>[Called By]<UL><LI><a href="#[5e]">&gt;&gt;</a>&nbsp;&nbsp;&nbsp;lbs_ret_80211_scan
<LI><a href="#[db]">&gt;&gt;</a>&nbsp;&nbsp;&nbsp;lbs_adhoc_start
<LI><a href="#[d1]">&gt;&gt;</a>&nbsp;&nbsp;&nbsp;assoc_helper_essid
<LI><a href="#[d0]">&gt;&gt;</a>&nbsp;&nbsp;&nbsp;assoc_helper_bssid
</UL>

<P><STRONG><a name="[147]"></a>__aeabi_memmove</STRONG> (Thumb, 0 bytes, Stack size 8 bytes, memmovea.o(.text))
<BR><BR>[Stack]<UL><LI>Max Depth = 8<LI>Call Chain = __aeabi_memmove
</UL>
<BR>[Called By]<UL><LI><a href="#[19a]">&gt;&gt;</a>&nbsp;&nbsp;&nbsp;lbs_prepare_and_send_command
<LI><a href="#[e2]">&gt;&gt;</a>&nbsp;&nbsp;&nbsp;lbs_cmd_802_11_set_wep
<LI><a href="#[1dc]">&gt;&gt;</a>&nbsp;&nbsp;&nbsp;lbs_update_hw_spec
<LI><a href="#[145]">&gt;&gt;</a>&nbsp;&nbsp;&nbsp;handle_cmd_response
</UL>

<P><STRONG><a name="[2ea]"></a>__aeabi_memmove4</STRONG> (Thumb, 0 bytes, Stack size 8 bytes, memmovea.o(.text), UNUSED)

<P><STRONG><a name="[2eb]"></a>__aeabi_memmove8</STRONG> (Thumb, 0 bytes, Stack size 8 bytes, memmovea.o(.text), UNUSED)

<P><STRONG><a name="[6a]"></a>__aeabi_memset</STRONG> (Thumb, 14 bytes, Stack size 0 bytes, memseta.o(.text))
<BR><BR>[Called By]<UL><LI><a href="#[6b]">&gt;&gt;</a>&nbsp;&nbsp;&nbsp;_memset$wrapper
<LI><a href="#[69]">&gt;&gt;</a>&nbsp;&nbsp;&nbsp;__aeabi_memclr
<LI><a href="#[1db]">&gt;&gt;</a>&nbsp;&nbsp;&nbsp;lbs_setup_firmware
<LI><a href="#[196]">&gt;&gt;</a>&nbsp;&nbsp;&nbsp;lbs_init_adapter
</UL>

<P><STRONG><a name="[2ec]"></a>__aeabi_memset4</STRONG> (Thumb, 0 bytes, Stack size 0 bytes, memseta.o(.text), UNUSED)

<P><STRONG><a name="[2ed]"></a>__aeabi_memset8</STRONG> (Thumb, 0 bytes, Stack size 0 bytes, memseta.o(.text), UNUSED)

<P><STRONG><a name="[69]"></a>__aeabi_memclr</STRONG> (Thumb, 4 bytes, Stack size 0 bytes, memseta.o(.text))
<BR><BR>[Calls]<UL><LI><a href="#[6a]">&gt;&gt;</a>&nbsp;&nbsp;&nbsp;__aeabi_memset
</UL>
<BR>[Called By]<UL><LI><a href="#[1b2]">&gt;&gt;</a>&nbsp;&nbsp;&nbsp;lbs_do_scan
<LI><a href="#[178]">&gt;&gt;</a>&nbsp;&nbsp;&nbsp;if_sdio_prog_real
<LI><a href="#[177]">&gt;&gt;</a>&nbsp;&nbsp;&nbsp;if_sdio_prog_helper
<LI><a href="#[1bc]">&gt;&gt;</a>&nbsp;&nbsp;&nbsp;lbs_scan_networks
<LI><a href="#[19b]">&gt;&gt;</a>&nbsp;&nbsp;&nbsp;lbs_parse_dnld_countryinfo_11d
<LI><a href="#[e6]">&gt;&gt;</a>&nbsp;&nbsp;&nbsp;lbs_cmd_802_11_key_material
<LI><a href="#[1a2]">&gt;&gt;</a>&nbsp;&nbsp;&nbsp;lbs_associate
<LI><a href="#[db]">&gt;&gt;</a>&nbsp;&nbsp;&nbsp;lbs_adhoc_start
<LI><a href="#[d5]">&gt;&gt;</a>&nbsp;&nbsp;&nbsp;lbs_adhoc_join
<LI><a href="#[144]">&gt;&gt;</a>&nbsp;&nbsp;&nbsp;get_common_rates
<LI><a href="#[e3]">&gt;&gt;</a>&nbsp;&nbsp;&nbsp;assoc_helper_wpa_ie
<LI><a href="#[1d8]">&gt;&gt;</a>&nbsp;&nbsp;&nbsp;lbs_sendpbuf
<LI><a href="#[14c]">&gt;&gt;</a>&nbsp;&nbsp;&nbsp;html_cgi
<LI><a href="#[1c0]">&gt;&gt;</a>&nbsp;&nbsp;&nbsp;lbs_init_11d
<LI><a href="#[19f]">&gt;&gt;</a>&nbsp;&nbsp;&nbsp;lbs_allocate_cmd_buffer
<LI><a href="#[1b0]">&gt;&gt;</a>&nbsp;&nbsp;&nbsp;lbs_cmd_fwt_access
<LI><a href="#[b5]">&gt;&gt;</a>&nbsp;&nbsp;&nbsp;__lbs_cleanup_and_insert_cmd
</UL>

<P><STRONG><a name="[c5]"></a>__aeabi_memclr4</STRONG> (Thumb, 0 bytes, Stack size 0 bytes, memseta.o(.text))
<BR><BR>[Called By]<UL><LI><a href="#[200]">&gt;&gt;</a>&nbsp;&nbsp;&nbsp;mmc_send_relative_addr
<LI><a href="#[1f7]">&gt;&gt;</a>&nbsp;&nbsp;&nbsp;mmc_io_rw_extended
<LI><a href="#[c4]">&gt;&gt;</a>&nbsp;&nbsp;&nbsp;_mmc_select_card
<LI><a href="#[1ff]">&gt;&gt;</a>&nbsp;&nbsp;&nbsp;mmc_send_io_op_cond
<LI><a href="#[1f6]">&gt;&gt;</a>&nbsp;&nbsp;&nbsp;mmc_io_rw_direct
<LI><a href="#[16f]">&gt;&gt;</a>&nbsp;&nbsp;&nbsp;if_sdio_probe
<LI><a href="#[21a]">&gt;&gt;</a>&nbsp;&nbsp;&nbsp;sdio_alloc_func
<LI><a href="#[c6]">&gt;&gt;</a>&nbsp;&nbsp;&nbsp;mmc_wait_for_cmd
<LI><a href="#[1f3]">&gt;&gt;</a>&nbsp;&nbsp;&nbsp;mmc_go_idle
<LI><a href="#[1ec]">&gt;&gt;</a>&nbsp;&nbsp;&nbsp;mmc_alloc_host
<LI><a href="#[1eb]">&gt;&gt;</a>&nbsp;&nbsp;&nbsp;mmc_alloc_card
<LI><a href="#[8f]">&gt;&gt;</a>&nbsp;&nbsp;&nbsp;dhcp_start
<LI><a href="#[5e]">&gt;&gt;</a>&nbsp;&nbsp;&nbsp;lbs_ret_80211_scan
<LI><a href="#[ec]">&gt;&gt;</a>&nbsp;&nbsp;&nbsp;clear_bss_descriptor
<LI><a href="#[ee]">&gt;&gt;</a>&nbsp;&nbsp;&nbsp;lbs_set_key_material
<LI><a href="#[174]">&gt;&gt;</a>&nbsp;&nbsp;&nbsp;lbs_add_card
<LI><a href="#[dd]">&gt;&gt;</a>&nbsp;&nbsp;&nbsp;lbs_set_snmp_mib
<LI><a href="#[d8]">&gt;&gt;</a>&nbsp;&nbsp;&nbsp;lbs_set_channel
<LI><a href="#[1ac]">&gt;&gt;</a>&nbsp;&nbsp;&nbsp;lbs_remove_wep_keys
<LI><a href="#[19b]">&gt;&gt;</a>&nbsp;&nbsp;&nbsp;lbs_parse_dnld_countryinfo_11d
<LI><a href="#[e2]">&gt;&gt;</a>&nbsp;&nbsp;&nbsp;lbs_cmd_802_11_set_wep
<LI><a href="#[1e6]">&gt;&gt;</a>&nbsp;&nbsp;&nbsp;marvel_assoc_open_network
<LI><a href="#[1a2]">&gt;&gt;</a>&nbsp;&nbsp;&nbsp;lbs_associate
<LI><a href="#[db]">&gt;&gt;</a>&nbsp;&nbsp;&nbsp;lbs_adhoc_start
<LI><a href="#[d5]">&gt;&gt;</a>&nbsp;&nbsp;&nbsp;lbs_adhoc_join
<LI><a href="#[118]">&gt;&gt;</a>&nbsp;&nbsp;&nbsp;udp_new
<LI><a href="#[18d]">&gt;&gt;</a>&nbsp;&nbsp;&nbsp;ip_reass_enqueue_new_datagram
<LI><a href="#[236]">&gt;&gt;</a>&nbsp;&nbsp;&nbsp;tcp_alloc
<LI><a href="#[196]">&gt;&gt;</a>&nbsp;&nbsp;&nbsp;lbs_init_adapter
<LI><a href="#[1dc]">&gt;&gt;</a>&nbsp;&nbsp;&nbsp;lbs_update_hw_spec
<LI><a href="#[1be]">&gt;&gt;</a>&nbsp;&nbsp;&nbsp;lbs_get_channel
<LI><a href="#[19f]">&gt;&gt;</a>&nbsp;&nbsp;&nbsp;lbs_allocate_cmd_buffer
</UL>

<P><STRONG><a name="[2ee]"></a>__aeabi_memclr8</STRONG> (Thumb, 0 bytes, Stack size 0 bytes, memseta.o(.text), UNUSED)

<P><STRONG><a name="[6b]"></a>_memset$wrapper</STRONG> (Thumb, 20 bytes, Stack size 8 bytes, memseta.o(.text), UNUSED)
<BR><BR>[Calls]<UL><LI><a href="#[6a]">&gt;&gt;</a>&nbsp;&nbsp;&nbsp;__aeabi_memset
</UL>

<P><STRONG><a name="[eb]"></a>strlen</STRONG> (Thumb, 16 bytes, Stack size 0 bytes, strlen.o(.text))
<BR><BR>[Called By]<UL><LI><a href="#[64]">&gt;&gt;</a>&nbsp;&nbsp;&nbsp;cistpl_vers_1
<LI><a href="#[17d]">&gt;&gt;</a>&nbsp;&nbsp;&nbsp;init_marvel_adhoc_assoc
<LI><a href="#[51]">&gt;&gt;</a>&nbsp;&nbsp;&nbsp;http_recv
</UL>

<P><STRONG><a name="[170]"></a>strcmp</STRONG> (Thumb, 28 bytes, Stack size 8 bytes, strcmp.o(.text))
<BR><BR>[Stack]<UL><LI>Max Depth = 8<LI>Call Chain = strcmp
</UL>
<BR>[Called By]<UL><LI><a href="#[16f]">&gt;&gt;</a>&nbsp;&nbsp;&nbsp;if_sdio_probe
</UL>

<P><STRONG><a name="[14b]"></a>memcmp</STRONG> (Thumb, 26 bytes, Stack size 12 bytes, memcmp.o(.text))
<BR><BR>[Stack]<UL><LI>Max Depth = 12<LI>Call Chain = memcmp
</UL>
<BR>[Called By]<UL><LI><a href="#[194]">&gt;&gt;</a>&nbsp;&nbsp;&nbsp;is_same_network
<LI><a href="#[16a]">&gt;&gt;</a>&nbsp;&nbsp;&nbsp;lbs_process_rxed_packet
<LI><a href="#[197]">&gt;&gt;</a>&nbsp;&nbsp;&nbsp;lbs_ssid_cmp
<LI><a href="#[51]">&gt;&gt;</a>&nbsp;&nbsp;&nbsp;http_recv
<LI><a href="#[14a]">&gt;&gt;</a>&nbsp;&nbsp;&nbsp;hex_trans
<LI><a href="#[1ce]">&gt;&gt;</a>&nbsp;&nbsp;&nbsp;lbs_region_2_code
</UL>

<P><STRONG><a name="[ea]"></a>strcpy</STRONG> (Thumb, 18 bytes, Stack size 0 bytes, strcpy.o(.text))
<BR><BR>[Called By]<UL><LI><a href="#[64]">&gt;&gt;</a>&nbsp;&nbsp;&nbsp;cistpl_vers_1
</UL>

<P><STRONG><a name="[2ef]"></a>__aeabi_uidiv</STRONG> (Thumb, 0 bytes, Stack size 12 bytes, uidiv.o(.text), UNUSED)

<P><STRONG><a name="[cb]"></a>__aeabi_uidivmod</STRONG> (Thumb, 44 bytes, Stack size 12 bytes, uidiv.o(.text), UNUSED)
<BR><BR>[Called By]<UL><LI><a href="#[b4]">&gt;&gt;</a>&nbsp;&nbsp;&nbsp;_printf_core
</UL>

<P><STRONG><a name="[6c]"></a>__aeabi_uldivmod</STRONG> (Thumb, 102 bytes, Stack size 40 bytes, uldiv.o(.text), UNUSED)
<BR><BR>[Calls]<UL><LI><a href="#[6d]">&gt;&gt;</a>&nbsp;&nbsp;&nbsp;__aeabi_llsr
<LI><a href="#[6e]">&gt;&gt;</a>&nbsp;&nbsp;&nbsp;__aeabi_llsl
</UL>
<BR>[Called By]<UL><LI><a href="#[b4]">&gt;&gt;</a>&nbsp;&nbsp;&nbsp;_printf_core
<LI><a href="#[c2]">&gt;&gt;</a>&nbsp;&nbsp;&nbsp;_fp_digits
<LI><a href="#[b0]">&gt;&gt;</a>&nbsp;&nbsp;&nbsp;_printf_core
</UL>

<P><STRONG><a name="[2f0]"></a>__I$use$fp</STRONG> (Thumb, 0 bytes, Stack size 48 bytes, iusefp.o(.text), UNUSED)

<P><STRONG><a name="[6f]"></a>__aeabi_dadd</STRONG> (Thumb, 318 bytes, Stack size 48 bytes, dadd.o(.text), UNUSED)
<BR><BR>[Calls]<UL><LI><a href="#[70]">&gt;&gt;</a>&nbsp;&nbsp;&nbsp;__aeabi_lasr
<LI><a href="#[6e]">&gt;&gt;</a>&nbsp;&nbsp;&nbsp;__aeabi_llsl
<LI><a href="#[72]">&gt;&gt;</a>&nbsp;&nbsp;&nbsp;_double_round
<LI><a href="#[71]">&gt;&gt;</a>&nbsp;&nbsp;&nbsp;_double_epilogue
</UL>
<BR>[Called By]<UL><LI><a href="#[74]">&gt;&gt;</a>&nbsp;&nbsp;&nbsp;__aeabi_drsub
<LI><a href="#[73]">&gt;&gt;</a>&nbsp;&nbsp;&nbsp;__aeabi_dsub
<LI><a href="#[c2]">&gt;&gt;</a>&nbsp;&nbsp;&nbsp;_fp_digits
</UL>

<P><STRONG><a name="[73]"></a>__aeabi_dsub</STRONG> (Thumb, 6 bytes, Stack size 0 bytes, dadd.o(.text), UNUSED)
<BR><BR>[Calls]<UL><LI><a href="#[6f]">&gt;&gt;</a>&nbsp;&nbsp;&nbsp;__aeabi_dadd
</UL>

<P><STRONG><a name="[74]"></a>__aeabi_drsub</STRONG> (Thumb, 6 bytes, Stack size 0 bytes, dadd.o(.text), UNUSED)
<BR><BR>[Calls]<UL><LI><a href="#[6f]">&gt;&gt;</a>&nbsp;&nbsp;&nbsp;__aeabi_dadd
</UL>

<P><STRONG><a name="[75]"></a>__aeabi_dmul</STRONG> (Thumb, 226 bytes, Stack size 48 bytes, dmul.o(.text), UNUSED)
<BR><BR>[Calls]<UL><LI><a href="#[71]">&gt;&gt;</a>&nbsp;&nbsp;&nbsp;_double_epilogue
</UL>
<BR>[Called By]<UL><LI><a href="#[c2]">&gt;&gt;</a>&nbsp;&nbsp;&nbsp;_fp_digits
</UL>

<P><STRONG><a name="[76]"></a>__aeabi_ddiv</STRONG> (Thumb, 222 bytes, Stack size 32 bytes, ddiv.o(.text), UNUSED)
<BR><BR>[Calls]<UL><LI><a href="#[72]">&gt;&gt;</a>&nbsp;&nbsp;&nbsp;_double_round
</UL>
<BR>[Called By]<UL><LI><a href="#[c2]">&gt;&gt;</a>&nbsp;&nbsp;&nbsp;_fp_digits
</UL>

<P><STRONG><a name="[77]"></a>__aeabi_d2ulz</STRONG> (Thumb, 48 bytes, Stack size 0 bytes, dfixul.o(.text), UNUSED)
<BR><BR>[Calls]<UL><LI><a href="#[6d]">&gt;&gt;</a>&nbsp;&nbsp;&nbsp;__aeabi_llsr
<LI><a href="#[6e]">&gt;&gt;</a>&nbsp;&nbsp;&nbsp;__aeabi_llsl
</UL>
<BR>[Called By]<UL><LI><a href="#[c2]">&gt;&gt;</a>&nbsp;&nbsp;&nbsp;_fp_digits
</UL>

<P><STRONG><a name="[c3]"></a>__aeabi_cdrcmple</STRONG> (Thumb, 38 bytes, Stack size 0 bytes, cdrcmple.o(.text), UNUSED)
<BR><BR>[Called By]<UL><LI><a href="#[c2]">&gt;&gt;</a>&nbsp;&nbsp;&nbsp;_fp_digits
</UL>

<P><STRONG><a name="[68]"></a>__scatterload</STRONG> (Thumb, 28 bytes, Stack size 0 bytes, init.o(.text))
<BR><BR>[Calls]<UL><LI><a href="#[78]">&gt;&gt;</a>&nbsp;&nbsp;&nbsp;__main_after_scatterload
</UL>
<BR>[Called By]<UL><LI><a href="#[67]">&gt;&gt;</a>&nbsp;&nbsp;&nbsp;_main_scatterload
</UL>

<P><STRONG><a name="[2f1]"></a>__scatterload_rt2</STRONG> (Thumb, 0 bytes, Stack size 0 bytes, init.o(.text), UNUSED)

<P><STRONG><a name="[6e]"></a>__aeabi_llsl</STRONG> (Thumb, 30 bytes, Stack size 0 bytes, llshl.o(.text), UNUSED)
<BR><BR>[Called By]<UL><LI><a href="#[71]">&gt;&gt;</a>&nbsp;&nbsp;&nbsp;_double_epilogue
<LI><a href="#[6c]">&gt;&gt;</a>&nbsp;&nbsp;&nbsp;__aeabi_uldivmod
<LI><a href="#[6f]">&gt;&gt;</a>&nbsp;&nbsp;&nbsp;__aeabi_dadd
<LI><a href="#[77]">&gt;&gt;</a>&nbsp;&nbsp;&nbsp;__aeabi_d2ulz
</UL>

<P><STRONG><a name="[2f2]"></a>_ll_shift_l</STRONG> (Thumb, 0 bytes, Stack size 0 bytes, llshl.o(.text), UNUSED)

<P><STRONG><a name="[6d]"></a>__aeabi_llsr</STRONG> (Thumb, 32 bytes, Stack size 0 bytes, llushr.o(.text), UNUSED)
<BR><BR>[Called By]<UL><LI><a href="#[71]">&gt;&gt;</a>&nbsp;&nbsp;&nbsp;_double_epilogue
<LI><a href="#[6c]">&gt;&gt;</a>&nbsp;&nbsp;&nbsp;__aeabi_uldivmod
<LI><a href="#[77]">&gt;&gt;</a>&nbsp;&nbsp;&nbsp;__aeabi_d2ulz
</UL>

<P><STRONG><a name="[2f3]"></a>_ll_ushift_r</STRONG> (Thumb, 0 bytes, Stack size 0 bytes, llushr.o(.text), UNUSED)

<P><STRONG><a name="[70]"></a>__aeabi_lasr</STRONG> (Thumb, 36 bytes, Stack size 0 bytes, llsshr.o(.text), UNUSED)
<BR><BR>[Called By]<UL><LI><a href="#[6f]">&gt;&gt;</a>&nbsp;&nbsp;&nbsp;__aeabi_dadd
</UL>

<P><STRONG><a name="[2f4]"></a>_ll_sshift_r</STRONG> (Thumb, 0 bytes, Stack size 0 bytes, llsshr.o(.text), UNUSED)

<P><STRONG><a name="[72]"></a>_double_round</STRONG> (Thumb, 26 bytes, Stack size 8 bytes, depilogue.o(.text), UNUSED)
<BR><BR>[Called By]<UL><LI><a href="#[71]">&gt;&gt;</a>&nbsp;&nbsp;&nbsp;_double_epilogue
<LI><a href="#[76]">&gt;&gt;</a>&nbsp;&nbsp;&nbsp;__aeabi_ddiv
<LI><a href="#[6f]">&gt;&gt;</a>&nbsp;&nbsp;&nbsp;__aeabi_dadd
</UL>

<P><STRONG><a name="[71]"></a>_double_epilogue</STRONG> (Thumb, 168 bytes, Stack size 48 bytes, depilogue.o(.text), UNUSED)
<BR><BR>[Calls]<UL><LI><a href="#[6d]">&gt;&gt;</a>&nbsp;&nbsp;&nbsp;__aeabi_llsr
<LI><a href="#[6e]">&gt;&gt;</a>&nbsp;&nbsp;&nbsp;__aeabi_llsl
<LI><a href="#[72]">&gt;&gt;</a>&nbsp;&nbsp;&nbsp;_double_round
</UL>
<BR>[Called By]<UL><LI><a href="#[75]">&gt;&gt;</a>&nbsp;&nbsp;&nbsp;__aeabi_dmul
<LI><a href="#[6f]">&gt;&gt;</a>&nbsp;&nbsp;&nbsp;__aeabi_dadd
</UL>

<P><STRONG><a name="[2f5]"></a>__decompress</STRONG> (Thumb, 0 bytes, Stack size unknown bytes, __dczerorl2.o(.text), UNUSED)

<P><STRONG><a name="[2f6]"></a>__decompress1</STRONG> (Thumb, 92 bytes, Stack size unknown bytes, __dczerorl2.o(.text), UNUSED)

<P><STRONG><a name="[39]"></a>ADC3_IRQHander</STRONG> (Thumb, 2 bytes, Stack size 0 bytes, stm32f10x_it.o(i.ADC3_IRQHander))
<BR>[Address Reference Count : 1]<UL><LI> stm32f10x.o(RESET)
</UL>
<P><STRONG><a name="[1c]"></a>ADC_IRQHandler</STRONG> (Thumb, 2 bytes, Stack size 0 bytes, stm32f10x_it.o(i.ADC_IRQHandler))
<BR>[Address Reference Count : 1]<UL><LI> stm32f10x.o(RESET)
</UL>
<P><STRONG><a name="[4]"></a>BusFaultException</STRONG> (Thumb, 2 bytes, Stack size 0 bytes, stm32f10x_it.o(i.BusFaultException))
<BR>[Address Reference Count : 1]<UL><LI> stm32f10x.o(RESET)
</UL>
<P><STRONG><a name="[2f7]"></a>BusFault_Handler</STRONG> (Thumb, 0 bytes, Stack size 0 bytes, stm32f10x_it.o(i.BusFaultException), UNUSED)

<P><STRONG><a name="[1f]"></a>CAN_RX1_IRQHandler</STRONG> (Thumb, 2 bytes, Stack size 0 bytes, stm32f10x_it.o(i.CAN_RX1_IRQHandler))
<BR>[Address Reference Count : 1]<UL><LI> stm32f10x.o(RESET)
</UL>
<P><STRONG><a name="[20]"></a>CAN_SCE_IRQHandler</STRONG> (Thumb, 2 bytes, Stack size 0 bytes, stm32f10x_it.o(i.CAN_SCE_IRQHandler))
<BR>[Address Reference Count : 1]<UL><LI> stm32f10x.o(RESET)
</UL>
<P><STRONG><a name="[42]"></a>DMA2_Channel1_IRQHander</STRONG> (Thumb, 2 bytes, Stack size 0 bytes, stm32f10x_it.o(i.DMA2_Channel1_IRQHander))
<BR>[Address Reference Count : 1]<UL><LI> stm32f10x.o(RESET)
</UL>
<P><STRONG><a name="[43]"></a>DMA2_Channel2_IRQHander</STRONG> (Thumb, 2 bytes, Stack size 0 bytes, stm32f10x_it.o(i.DMA2_Channel2_IRQHander))
<BR>[Address Reference Count : 1]<UL><LI> stm32f10x.o(RESET)
</UL>
<P><STRONG><a name="[44]"></a>DMA2_Channel3_IRQHander</STRONG> (Thumb, 2 bytes, Stack size 0 bytes, stm32f10x_it.o(i.DMA2_Channel3_IRQHander))
<BR>[Address Reference Count : 1]<UL><LI> stm32f10x.o(RESET)
</UL>
<P><STRONG><a name="[45]"></a>DMA2_Channel4_5_IRQHander</STRONG> (Thumb, 2 bytes, Stack size 0 bytes, stm32f10x_it.o(i.DMA2_Channel4_5_IRQHander))
<BR>[Address Reference Count : 1]<UL><LI> stm32f10x.o(RESET)
</UL>
<P><STRONG><a name="[15]"></a>DMAChannel1_IRQHandler</STRONG> (Thumb, 2 bytes, Stack size 0 bytes, stm32f10x_it.o(i.DMAChannel1_IRQHandler))
<BR>[Address Reference Count : 1]<UL><LI> stm32f10x.o(RESET)
</UL>
<P><STRONG><a name="[16]"></a>DMAChannel2_IRQHandler</STRONG> (Thumb, 2 bytes, Stack size 0 bytes, stm32f10x_it.o(i.DMAChannel2_IRQHandler))
<BR>[Address Reference Count : 1]<UL><LI> stm32f10x.o(RESET)
</UL>
<P><STRONG><a name="[17]"></a>DMAChannel3_IRQHandler</STRONG> (Thumb, 2 bytes, Stack size 0 bytes, stm32f10x_it.o(i.DMAChannel3_IRQHandler))
<BR>[Address Reference Count : 1]<UL><LI> stm32f10x.o(RESET)
</UL>
<P><STRONG><a name="[18]"></a>DMAChannel4_IRQHandler</STRONG> (Thumb, 2 bytes, Stack size 0 bytes, stm32f10x_it.o(i.DMAChannel4_IRQHandler))
<BR>[Address Reference Count : 1]<UL><LI> stm32f10x.o(RESET)
</UL>
<P><STRONG><a name="[19]"></a>DMAChannel5_IRQHandler</STRONG> (Thumb, 2 bytes, Stack size 0 bytes, stm32f10x_it.o(i.DMAChannel5_IRQHandler))
<BR>[Address Reference Count : 1]<UL><LI> stm32f10x.o(RESET)
</UL>
<P><STRONG><a name="[1a]"></a>DMAChannel6_IRQHandler</STRONG> (Thumb, 2 bytes, Stack size 0 bytes, stm32f10x_it.o(i.DMAChannel6_IRQHandler))
<BR>[Address Reference Count : 1]<UL><LI> stm32f10x.o(RESET)
</UL>
<P><STRONG><a name="[1b]"></a>DMAChannel7_IRQHandler</STRONG> (Thumb, 2 bytes, Stack size 0 bytes, stm32f10x_it.o(i.DMAChannel7_IRQHandler))
<BR>[Address Reference Count : 1]<UL><LI> stm32f10x.o(RESET)
</UL>
<P><STRONG><a name="[7a]"></a>DMA_ClearFlag</STRONG> (Thumb, 16 bytes, Stack size 0 bytes, stm32f10x_dma.o(i.DMA_ClearFlag))
<BR><BR>[Called By]<UL><LI><a href="#[7d]">&gt;&gt;</a>&nbsp;&nbsp;&nbsp;DMA_TxConfiguration
<LI><a href="#[79]">&gt;&gt;</a>&nbsp;&nbsp;&nbsp;DMA_RxConfiguration
</UL>

<P><STRONG><a name="[7b]"></a>DMA_Cmd</STRONG> (Thumb, 20 bytes, Stack size 0 bytes, stm32f10x_dma.o(i.DMA_Cmd))
<BR><BR>[Called By]<UL><LI><a href="#[7d]">&gt;&gt;</a>&nbsp;&nbsp;&nbsp;DMA_TxConfiguration
<LI><a href="#[79]">&gt;&gt;</a>&nbsp;&nbsp;&nbsp;DMA_RxConfiguration
</UL>

<P><STRONG><a name="[225]"></a>DMA_GetFlagStatus</STRONG> (Thumb, 26 bytes, Stack size 0 bytes, stm32f10x_dma.o(i.DMA_GetFlagStatus))
<BR><BR>[Called By]<UL><LI><a href="#[a8]">&gt;&gt;</a>&nbsp;&nbsp;&nbsp;stm32_irq
<LI><a href="#[224]">&gt;&gt;</a>&nbsp;&nbsp;&nbsp;stm32_enable_dma
</UL>

<P><STRONG><a name="[7c]"></a>DMA_Init</STRONG> (Thumb, 58 bytes, Stack size 12 bytes, stm32f10x_dma.o(i.DMA_Init))
<BR><BR>[Stack]<UL><LI>Max Depth = 12<LI>Call Chain = DMA_Init
</UL>
<BR>[Called By]<UL><LI><a href="#[7d]">&gt;&gt;</a>&nbsp;&nbsp;&nbsp;DMA_TxConfiguration
<LI><a href="#[79]">&gt;&gt;</a>&nbsp;&nbsp;&nbsp;DMA_RxConfiguration
</UL>

<P><STRONG><a name="[2f8]"></a>DebugMon_Handler</STRONG> (Thumb, 0 bytes, Stack size 0 bytes, stm32f10x_it.o(i.DebugMonitor), UNUSED)

<P><STRONG><a name="[7]"></a>DebugMonitor</STRONG> (Thumb, 2 bytes, Stack size 0 bytes, stm32f10x_it.o(i.DebugMonitor))
<BR>[Address Reference Count : 1]<UL><LI> stm32f10x.o(RESET)
</UL>
<P><STRONG><a name="[7e]"></a>DisableIrq</STRONG> (Thumb, 32 bytes, Stack size 16 bytes, s3cmci.o(i.DisableIrq))
<BR><BR>[Stack]<UL><LI>Max Depth = 36<LI>Call Chain = DisableIrq &rArr; NVIC_Init
</UL>
<BR>[Calls]<UL><LI><a href="#[7f]">&gt;&gt;</a>&nbsp;&nbsp;&nbsp;NVIC_Init
</UL>
<BR>[Called By]<UL><LI><a href="#[5b]">&gt;&gt;</a>&nbsp;&nbsp;&nbsp;stm32_enable_sdio_irq
<LI><a href="#[214]">&gt;&gt;</a>&nbsp;&nbsp;&nbsp;stm32_enable_irq
<LI><a href="#[212]">&gt;&gt;</a>&nbsp;&nbsp;&nbsp;stm32_disable_irq
</UL>

<P><STRONG><a name="[be]"></a>ERR_PTR</STRONG> (Thumb, 2 bytes, Stack size 0 bytes, common.o(i.ERR_PTR))
<BR><BR>[Called By]<UL><LI><a href="#[b8]">&gt;&gt;</a>&nbsp;&nbsp;&nbsp;__lbs_cmd_async
</UL>

<P><STRONG><a name="[10]"></a>EXTI0_IRQHandler</STRONG> (Thumb, 2 bytes, Stack size 0 bytes, stm32f10x_it.o(i.EXTI0_IRQHandler))
<BR>[Address Reference Count : 1]<UL><LI> stm32f10x.o(RESET)
</UL>
<P><STRONG><a name="[32]"></a>EXTI15_10_IRQHandler</STRONG> (Thumb, 2 bytes, Stack size 0 bytes, stm32f10x_it.o(i.EXTI15_10_IRQHandler))
<BR>[Address Reference Count : 1]<UL><LI> stm32f10x.o(RESET)
</UL>
<P><STRONG><a name="[11]"></a>EXTI1_IRQHandler</STRONG> (Thumb, 2 bytes, Stack size 0 bytes, stm32f10x_it.o(i.EXTI1_IRQHandler))
<BR>[Address Reference Count : 1]<UL><LI> stm32f10x.o(RESET)
</UL>
<P><STRONG><a name="[12]"></a>EXTI2_IRQHandler</STRONG> (Thumb, 2 bytes, Stack size 0 bytes, stm32f10x_it.o(i.EXTI2_IRQHandler))
<BR>[Address Reference Count : 1]<UL><LI> stm32f10x.o(RESET)
</UL>
<P><STRONG><a name="[13]"></a>EXTI3_IRQHandler</STRONG> (Thumb, 2 bytes, Stack size 0 bytes, stm32f10x_it.o(i.EXTI3_IRQHandler))
<BR>[Address Reference Count : 1]<UL><LI> stm32f10x.o(RESET)
</UL>
<P><STRONG><a name="[14]"></a>EXTI4_IRQHandler</STRONG> (Thumb, 2 bytes, Stack size 0 bytes, stm32f10x_it.o(i.EXTI4_IRQHandler))
<BR>[Address Reference Count : 1]<UL><LI> stm32f10x.o(RESET)
</UL>
<P><STRONG><a name="[21]"></a>EXTI9_5_IRQHandler</STRONG> (Thumb, 2 bytes, Stack size 0 bytes, stm32f10x_it.o(i.EXTI9_5_IRQHandler))
<BR>[Address Reference Count : 1]<UL><LI> stm32f10x.o(RESET)
</UL>
<P><STRONG><a name="[80]"></a>EnableIrq</STRONG> (Thumb, 34 bytes, Stack size 16 bytes, s3cmci.o(i.EnableIrq))
<BR><BR>[Stack]<UL><LI>Max Depth = 36<LI>Call Chain = EnableIrq &rArr; NVIC_Init
</UL>
<BR>[Calls]<UL><LI><a href="#[7f]">&gt;&gt;</a>&nbsp;&nbsp;&nbsp;NVIC_Init
</UL>
<BR>[Called By]<UL><LI><a href="#[17f]">&gt;&gt;</a>&nbsp;&nbsp;&nbsp;stm32_probe
<LI><a href="#[5b]">&gt;&gt;</a>&nbsp;&nbsp;&nbsp;stm32_enable_sdio_irq
<LI><a href="#[214]">&gt;&gt;</a>&nbsp;&nbsp;&nbsp;stm32_enable_irq
</UL>

<P><STRONG><a name="[25d]"></a>FLASH_ClearFlag</STRONG> (Thumb, 6 bytes, Stack size 0 bytes, stm32f10x_flash.o(i.FLASH_ClearFlag))
<BR><BR>[Called By]<UL><LI><a href="#[25b]">&gt;&gt;</a>&nbsp;&nbsp;&nbsp;write_flash
</UL>

<P><STRONG><a name="[81]"></a>FLASH_ErasePage</STRONG> (Thumb, 60 bytes, Stack size 16 bytes, stm32f10x_flash.o(i.FLASH_ErasePage))
<BR><BR>[Stack]<UL><LI>Max Depth = 20<LI>Call Chain = FLASH_ErasePage &rArr; FLASH_WaitForLastOperation
</UL>
<BR>[Calls]<UL><LI><a href="#[82]">&gt;&gt;</a>&nbsp;&nbsp;&nbsp;FLASH_WaitForLastOperation
</UL>
<BR>[Called By]<UL><LI><a href="#[25b]">&gt;&gt;</a>&nbsp;&nbsp;&nbsp;write_flash
</UL>

<P><STRONG><a name="[84]"></a>FLASH_GetStatus</STRONG> (Thumb, 34 bytes, Stack size 0 bytes, stm32f10x_flash.o(i.FLASH_GetStatus))
<BR><BR>[Called By]<UL><LI><a href="#[82]">&gt;&gt;</a>&nbsp;&nbsp;&nbsp;FLASH_WaitForLastOperation
</UL>

<P><STRONG><a name="[e]"></a>FLASH_IRQHandler</STRONG> (Thumb, 2 bytes, Stack size 0 bytes, stm32f10x_it.o(i.FLASH_IRQHandler))
<BR>[Address Reference Count : 1]<UL><LI> stm32f10x.o(RESET)
</UL>
<P><STRONG><a name="[25e]"></a>FLASH_Lock</STRONG> (Thumb, 12 bytes, Stack size 0 bytes, stm32f10x_flash.o(i.FLASH_Lock))
<BR><BR>[Called By]<UL><LI><a href="#[25b]">&gt;&gt;</a>&nbsp;&nbsp;&nbsp;write_flash
</UL>

<P><STRONG><a name="[9e]"></a>FLASH_PrefetchBufferCmd</STRONG> (Thumb, 18 bytes, Stack size 0 bytes, stm32f10x_flash.o(i.FLASH_PrefetchBufferCmd))
<BR><BR>[Called By]<UL><LI><a href="#[96]">&gt;&gt;</a>&nbsp;&nbsp;&nbsp;RCC_Configuration
</UL>

<P><STRONG><a name="[83]"></a>FLASH_ProgramHalfWord</STRONG> (Thumb, 50 bytes, Stack size 16 bytes, stm32f10x_flash.o(i.FLASH_ProgramHalfWord))
<BR><BR>[Stack]<UL><LI>Max Depth = 20<LI>Call Chain = FLASH_ProgramHalfWord &rArr; FLASH_WaitForLastOperation
</UL>
<BR>[Calls]<UL><LI><a href="#[82]">&gt;&gt;</a>&nbsp;&nbsp;&nbsp;FLASH_WaitForLastOperation
</UL>
<BR>[Called By]<UL><LI><a href="#[25b]">&gt;&gt;</a>&nbsp;&nbsp;&nbsp;write_flash
</UL>

<P><STRONG><a name="[9d]"></a>FLASH_SetLatency</STRONG> (Thumb, 18 bytes, Stack size 0 bytes, stm32f10x_flash.o(i.FLASH_SetLatency))
<BR><BR>[Called By]<UL><LI><a href="#[96]">&gt;&gt;</a>&nbsp;&nbsp;&nbsp;RCC_Configuration
</UL>

<P><STRONG><a name="[25c]"></a>FLASH_Unlock</STRONG> (Thumb, 12 bytes, Stack size 0 bytes, stm32f10x_flash.o(i.FLASH_Unlock))
<BR><BR>[Called By]<UL><LI><a href="#[25b]">&gt;&gt;</a>&nbsp;&nbsp;&nbsp;write_flash
</UL>

<P><STRONG><a name="[82]"></a>FLASH_WaitForLastOperation</STRONG> (Thumb, 40 bytes, Stack size 4 bytes, stm32f10x_flash.o(i.FLASH_WaitForLastOperation))
<BR><BR>[Stack]<UL><LI>Max Depth = 4<LI>Call Chain = FLASH_WaitForLastOperation
</UL>
<BR>[Calls]<UL><LI><a href="#[84]">&gt;&gt;</a>&nbsp;&nbsp;&nbsp;FLASH_GetStatus
</UL>
<BR>[Called By]<UL><LI><a href="#[83]">&gt;&gt;</a>&nbsp;&nbsp;&nbsp;FLASH_ProgramHalfWord
<LI><a href="#[81]">&gt;&gt;</a>&nbsp;&nbsp;&nbsp;FLASH_ErasePage
</UL>

<P><STRONG><a name="[3a]"></a>FSMC_IRQHander</STRONG> (Thumb, 2 bytes, Stack size 0 bytes, stm32f10x_it.o(i.FSMC_IRQHander))
<BR>[Address Reference Count : 1]<UL><LI> stm32f10x.o(RESET)
</UL>
<P><STRONG><a name="[85]"></a>GPIO_Configuration</STRONG> (Thumb, 274 bytes, Stack size 8 bytes, system.o(i.GPIO_Configuration))
<BR><BR>[Stack]<UL><LI>Max Depth = 28<LI>Call Chain = GPIO_Configuration &rArr; GPIO_Init
</UL>
<BR>[Calls]<UL><LI><a href="#[87]">&gt;&gt;</a>&nbsp;&nbsp;&nbsp;GPIO_SetBits
<LI><a href="#[86]">&gt;&gt;</a>&nbsp;&nbsp;&nbsp;GPIO_Init
</UL>
<BR>[Called By]<UL><LI><a href="#[46]">&gt;&gt;</a>&nbsp;&nbsp;&nbsp;main
</UL>

<P><STRONG><a name="[86]"></a>GPIO_Init</STRONG> (Thumb, 154 bytes, Stack size 20 bytes, stm32f10x_gpio.o(i.GPIO_Init))
<BR><BR>[Stack]<UL><LI>Max Depth = 20<LI>Call Chain = GPIO_Init
</UL>
<BR>[Called By]<UL><LI><a href="#[85]">&gt;&gt;</a>&nbsp;&nbsp;&nbsp;GPIO_Configuration
</UL>

<P><STRONG><a name="[87]"></a>GPIO_SetBits</STRONG> (Thumb, 4 bytes, Stack size 0 bytes, stm32f10x_gpio.o(i.GPIO_SetBits))
<BR><BR>[Called By]<UL><LI><a href="#[85]">&gt;&gt;</a>&nbsp;&nbsp;&nbsp;GPIO_Configuration
</UL>

<P><STRONG><a name="[2]"></a>HardFaultException</STRONG> (Thumb, 10 bytes, Stack size 0 bytes, stm32f10x_it.o(i.HardFaultException))
<BR><BR>[Stack]<UL><LI>Max Depth = 24<LI>Call Chain = HardFaultException &rArr; __2printf
</UL>
<BR>[Calls]<UL><LI><a href="#[88]">&gt;&gt;</a>&nbsp;&nbsp;&nbsp;__2printf
</UL>
<BR>[Address Reference Count : 1]<UL><LI> stm32f10x.o(RESET)
</UL>
<P><STRONG><a name="[2f9]"></a>HardFault_Handler</STRONG> (Thumb, 0 bytes, Stack size 0 bytes, stm32f10x_it.o(i.HardFaultException), UNUSED)

<P><STRONG><a name="[2a]"></a>I2C1_ER_IRQHandler</STRONG> (Thumb, 2 bytes, Stack size 0 bytes, stm32f10x_it.o(i.I2C1_ER_IRQHandler))
<BR>[Address Reference Count : 1]<UL><LI> stm32f10x.o(RESET)
</UL>
<P><STRONG><a name="[29]"></a>I2C1_EV_IRQHandler</STRONG> (Thumb, 2 bytes, Stack size 0 bytes, stm32f10x_it.o(i.I2C1_EV_IRQHandler))
<BR>[Address Reference Count : 1]<UL><LI> stm32f10x.o(RESET)
</UL>
<P><STRONG><a name="[2c]"></a>I2C2_ER_IRQHandler</STRONG> (Thumb, 2 bytes, Stack size 0 bytes, stm32f10x_it.o(i.I2C2_ER_IRQHandler))
<BR>[Address Reference Count : 1]<UL><LI> stm32f10x.o(RESET)
</UL>
<P><STRONG><a name="[2b]"></a>I2C2_EV_IRQHandler</STRONG> (Thumb, 2 bytes, Stack size 0 bytes, stm32f10x_it.o(i.I2C2_EV_IRQHandler))
<BR>[Address Reference Count : 1]<UL><LI> stm32f10x.o(RESET)
</UL>
<P><STRONG><a name="[b9]"></a>IS_ERR</STRONG> (Thumb, 16 bytes, Stack size 0 bytes, common.o(i.IS_ERR))
<BR><BR>[Called By]<UL><LI><a href="#[b7]">&gt;&gt;</a>&nbsp;&nbsp;&nbsp;__lbs_cmd
</UL>

<P><STRONG><a name="[1e4]"></a>IWDG_ReloadCounter</STRONG> (Thumb, 10 bytes, Stack size 0 bytes, stm32f10x_iwdg.o(i.IWDG_ReloadCounter))
<BR><BR>[Called By]<UL><LI><a href="#[1e1]">&gt;&gt;</a>&nbsp;&nbsp;&nbsp;watch_dog_config
<LI><a href="#[46]">&gt;&gt;</a>&nbsp;&nbsp;&nbsp;main
</UL>

<P><STRONG><a name="[258]"></a>IWDG_SetPrescaler</STRONG> (Thumb, 6 bytes, Stack size 0 bytes, stm32f10x_iwdg.o(i.IWDG_SetPrescaler))
<BR><BR>[Called By]<UL><LI><a href="#[1e1]">&gt;&gt;</a>&nbsp;&nbsp;&nbsp;watch_dog_config
</UL>

<P><STRONG><a name="[259]"></a>IWDG_SetReload</STRONG> (Thumb, 6 bytes, Stack size 0 bytes, stm32f10x_iwdg.o(i.IWDG_SetReload))
<BR><BR>[Called By]<UL><LI><a href="#[1e1]">&gt;&gt;</a>&nbsp;&nbsp;&nbsp;watch_dog_config
</UL>

<P><STRONG><a name="[257]"></a>IWDG_WriteAccessCmd</STRONG> (Thumb, 6 bytes, Stack size 0 bytes, stm32f10x_iwdg.o(i.IWDG_WriteAccessCmd))
<BR><BR>[Called By]<UL><LI><a href="#[1e1]">&gt;&gt;</a>&nbsp;&nbsp;&nbsp;watch_dog_config
</UL>

<P><STRONG><a name="[89]"></a>Init_lwIP</STRONG> (Thumb, 290 bytes, Stack size 40 bytes, lwip.o(i.Init_lwIP))
<BR><BR>[Stack]<UL><LI>Max Depth = 564<LI>Call Chain = Init_lwIP &rArr; netif_add &rArr; netif_set_addr &rArr; netif_set_ipaddr &rArr; tcp_abandon &rArr; tcp_pcb_remove &rArr; tcp_output &rArr; tcp_output_segment &rArr; ip_output &rArr; ip_output_if &rArr; ip_frag &rArr; pbuf_alloc &rArr; pbuf_free &rArr; mem_free &rArr; plug_holes
</UL>
<BR>[Calls]<UL><LI><a href="#[93]">&gt;&gt;</a>&nbsp;&nbsp;&nbsp;timerbase_config
<LI><a href="#[8d]">&gt;&gt;</a>&nbsp;&nbsp;&nbsp;netif_set_default
<LI><a href="#[8c]">&gt;&gt;</a>&nbsp;&nbsp;&nbsp;netif_add
<LI><a href="#[8b]">&gt;&gt;</a>&nbsp;&nbsp;&nbsp;memp_init
<LI><a href="#[8a]">&gt;&gt;</a>&nbsp;&nbsp;&nbsp;mem_init
<LI><a href="#[90]">&gt;&gt;</a>&nbsp;&nbsp;&nbsp;htonl
<LI><a href="#[92]">&gt;&gt;</a>&nbsp;&nbsp;&nbsp;dns_setserver
<LI><a href="#[91]">&gt;&gt;</a>&nbsp;&nbsp;&nbsp;dns_init
<LI><a href="#[8f]">&gt;&gt;</a>&nbsp;&nbsp;&nbsp;dhcp_start
<LI><a href="#[8e]">&gt;&gt;</a>&nbsp;&nbsp;&nbsp;netif_set_up
<LI><a href="#[88]">&gt;&gt;</a>&nbsp;&nbsp;&nbsp;__2printf
</UL>
<BR>[Called By]<UL><LI><a href="#[46]">&gt;&gt;</a>&nbsp;&nbsp;&nbsp;main
</UL>

<P><STRONG><a name="[3]"></a>MemManageException</STRONG> (Thumb, 2 bytes, Stack size 0 bytes, stm32f10x_it.o(i.MemManageException))
<BR>[Address Reference Count : 1]<UL><LI> stm32f10x.o(RESET)
</UL>
<P><STRONG><a name="[2fa]"></a>MemManage_Handler</STRONG> (Thumb, 0 bytes, Stack size 0 bytes, stm32f10x_it.o(i.MemManageException), UNUSED)

<P><STRONG><a name="[1]"></a>NMIException</STRONG> (Thumb, 2 bytes, Stack size 0 bytes, stm32f10x_it.o(i.NMIException))
<BR>[Address Reference Count : 1]<UL><LI> stm32f10x.o(RESET)
</UL>
<P><STRONG><a name="[2fb]"></a>NMI_Handler</STRONG> (Thumb, 0 bytes, Stack size 0 bytes, stm32f10x_it.o(i.NMIException), UNUSED)

<P><STRONG><a name="[94]"></a>NVIC_Configuration</STRONG> (Thumb, 42 bytes, Stack size 8 bytes, system.o(i.NVIC_Configuration))
<BR><BR>[Stack]<UL><LI>Max Depth = 28<LI>Call Chain = NVIC_Configuration &rArr; NVIC_Init
</UL>
<BR>[Calls]<UL><LI><a href="#[95]">&gt;&gt;</a>&nbsp;&nbsp;&nbsp;NVIC_SetVectorTable
<LI><a href="#[7f]">&gt;&gt;</a>&nbsp;&nbsp;&nbsp;NVIC_Init
</UL>
<BR>[Called By]<UL><LI><a href="#[46]">&gt;&gt;</a>&nbsp;&nbsp;&nbsp;main
</UL>

<P><STRONG><a name="[152]"></a>NVIC_GenerateSystemReset</STRONG> (Thumb, 8 bytes, Stack size 0 bytes, stm32f10x_nvic.o(i.NVIC_GenerateSystemReset))
<BR><BR>[Called By]<UL><LI><a href="#[53]">&gt;&gt;</a>&nbsp;&nbsp;&nbsp;http_sent
<LI><a href="#[51]">&gt;&gt;</a>&nbsp;&nbsp;&nbsp;http_recv
</UL>

<P><STRONG><a name="[7f]"></a>NVIC_Init</STRONG> (Thumb, 116 bytes, Stack size 20 bytes, stm32f10x_nvic.o(i.NVIC_Init))
<BR><BR>[Stack]<UL><LI>Max Depth = 20<LI>Call Chain = NVIC_Init
</UL>
<BR>[Called By]<UL><LI><a href="#[94]">&gt;&gt;</a>&nbsp;&nbsp;&nbsp;NVIC_Configuration
<LI><a href="#[80]">&gt;&gt;</a>&nbsp;&nbsp;&nbsp;EnableIrq
<LI><a href="#[7e]">&gt;&gt;</a>&nbsp;&nbsp;&nbsp;DisableIrq
</UL>

<P><STRONG><a name="[95]"></a>NVIC_SetVectorTable</STRONG> (Thumb, 12 bytes, Stack size 0 bytes, stm32f10x_nvic.o(i.NVIC_SetVectorTable))
<BR><BR>[Called By]<UL><LI><a href="#[94]">&gt;&gt;</a>&nbsp;&nbsp;&nbsp;NVIC_Configuration
</UL>

<P><STRONG><a name="[ba]"></a>PTR_ERR</STRONG> (Thumb, 2 bytes, Stack size 0 bytes, common.o(i.PTR_ERR))
<BR><BR>[Called By]<UL><LI><a href="#[b7]">&gt;&gt;</a>&nbsp;&nbsp;&nbsp;__lbs_cmd
</UL>

<P><STRONG><a name="[b]"></a>PVD_IRQHandler</STRONG> (Thumb, 2 bytes, Stack size 0 bytes, stm32f10x_it.o(i.PVD_IRQHandler))
<BR>[Address Reference Count : 1]<UL><LI> stm32f10x.o(RESET)
</UL>
<P><STRONG><a name="[8]"></a>PendSVC</STRONG> (Thumb, 2 bytes, Stack size 0 bytes, stm32f10x_it.o(i.PendSVC))
<BR>[Address Reference Count : 1]<UL><LI> stm32f10x.o(RESET)
</UL>
<P><STRONG><a name="[2fc]"></a>PendSV_Handler</STRONG> (Thumb, 0 bytes, Stack size 0 bytes, stm32f10x_it.o(i.PendSVC), UNUSED)

<P><STRONG><a name="[a0]"></a>RCC_ADCCLKConfig</STRONG> (Thumb, 14 bytes, Stack size 0 bytes, stm32f10x_rcc.o(i.RCC_ADCCLKConfig))
<BR><BR>[Called By]<UL><LI><a href="#[96]">&gt;&gt;</a>&nbsp;&nbsp;&nbsp;RCC_Configuration
</UL>

<P><STRONG><a name="[a7]"></a>RCC_AHBPeriphClockCmd</STRONG> (Thumb, 18 bytes, Stack size 0 bytes, stm32f10x_rcc.o(i.RCC_AHBPeriphClockCmd))
<BR><BR>[Called By]<UL><LI><a href="#[96]">&gt;&gt;</a>&nbsp;&nbsp;&nbsp;RCC_Configuration
</UL>

<P><STRONG><a name="[a6]"></a>RCC_APB1PeriphClockCmd</STRONG> (Thumb, 18 bytes, Stack size 0 bytes, stm32f10x_rcc.o(i.RCC_APB1PeriphClockCmd))
<BR><BR>[Called By]<UL><LI><a href="#[96]">&gt;&gt;</a>&nbsp;&nbsp;&nbsp;RCC_Configuration
</UL>

<P><STRONG><a name="[a5]"></a>RCC_APB2PeriphClockCmd</STRONG> (Thumb, 18 bytes, Stack size 0 bytes, stm32f10x_rcc.o(i.RCC_APB2PeriphClockCmd))
<BR><BR>[Called By]<UL><LI><a href="#[96]">&gt;&gt;</a>&nbsp;&nbsp;&nbsp;RCC_Configuration
</UL>

<P><STRONG><a name="[96]"></a>RCC_Configuration</STRONG> (Thumb, 150 bytes, Stack size 8 bytes, system.o(i.RCC_Configuration))
<BR><BR>[Stack]<UL><LI>Max Depth = 20<LI>Call Chain = RCC_Configuration &rArr; RCC_WaitForHSEStartUp
</UL>
<BR>[Calls]<UL><LI><a href="#[99]">&gt;&gt;</a>&nbsp;&nbsp;&nbsp;RCC_WaitForHSEStartUp
<LI><a href="#[a3]">&gt;&gt;</a>&nbsp;&nbsp;&nbsp;RCC_SYSCLKConfig
<LI><a href="#[9f]">&gt;&gt;</a>&nbsp;&nbsp;&nbsp;RCC_PLLConfig
<LI><a href="#[a1]">&gt;&gt;</a>&nbsp;&nbsp;&nbsp;RCC_PLLCmd
<LI><a href="#[9b]">&gt;&gt;</a>&nbsp;&nbsp;&nbsp;RCC_PCLK2Config
<LI><a href="#[9c]">&gt;&gt;</a>&nbsp;&nbsp;&nbsp;RCC_PCLK1Config
<LI><a href="#[98]">&gt;&gt;</a>&nbsp;&nbsp;&nbsp;RCC_HSEConfig
<LI><a href="#[9a]">&gt;&gt;</a>&nbsp;&nbsp;&nbsp;RCC_HCLKConfig
<LI><a href="#[a4]">&gt;&gt;</a>&nbsp;&nbsp;&nbsp;RCC_GetSYSCLKSource
<LI><a href="#[a2]">&gt;&gt;</a>&nbsp;&nbsp;&nbsp;RCC_GetFlagStatus
<LI><a href="#[97]">&gt;&gt;</a>&nbsp;&nbsp;&nbsp;RCC_DeInit
<LI><a href="#[a5]">&gt;&gt;</a>&nbsp;&nbsp;&nbsp;RCC_APB2PeriphClockCmd
<LI><a href="#[a6]">&gt;&gt;</a>&nbsp;&nbsp;&nbsp;RCC_APB1PeriphClockCmd
<LI><a href="#[a7]">&gt;&gt;</a>&nbsp;&nbsp;&nbsp;RCC_AHBPeriphClockCmd
<LI><a href="#[a0]">&gt;&gt;</a>&nbsp;&nbsp;&nbsp;RCC_ADCCLKConfig
<LI><a href="#[9d]">&gt;&gt;</a>&nbsp;&nbsp;&nbsp;FLASH_SetLatency
<LI><a href="#[9e]">&gt;&gt;</a>&nbsp;&nbsp;&nbsp;FLASH_PrefetchBufferCmd
</UL>
<BR>[Called By]<UL><LI><a href="#[46]">&gt;&gt;</a>&nbsp;&nbsp;&nbsp;main
</UL>

<P><STRONG><a name="[97]"></a>RCC_DeInit</STRONG> (Thumb, 48 bytes, Stack size 0 bytes, stm32f10x_rcc.o(i.RCC_DeInit))
<BR><BR>[Called By]<UL><LI><a href="#[96]">&gt;&gt;</a>&nbsp;&nbsp;&nbsp;RCC_Configuration
</UL>

<P><STRONG><a name="[ae]"></a>RCC_GetClocksFreq</STRONG> (Thumb, 132 bytes, Stack size 8 bytes, stm32f10x_rcc.o(i.RCC_GetClocksFreq))
<BR><BR>[Stack]<UL><LI>Max Depth = 8<LI>Call Chain = RCC_GetClocksFreq
</UL>
<BR>[Called By]<UL><LI><a href="#[ac]">&gt;&gt;</a>&nbsp;&nbsp;&nbsp;USART_Init
</UL>

<P><STRONG><a name="[a2]"></a>RCC_GetFlagStatus</STRONG> (Thumb, 42 bytes, Stack size 0 bytes, stm32f10x_rcc.o(i.RCC_GetFlagStatus))
<BR><BR>[Called By]<UL><LI><a href="#[99]">&gt;&gt;</a>&nbsp;&nbsp;&nbsp;RCC_WaitForHSEStartUp
<LI><a href="#[96]">&gt;&gt;</a>&nbsp;&nbsp;&nbsp;RCC_Configuration
</UL>

<P><STRONG><a name="[a4]"></a>RCC_GetSYSCLKSource</STRONG> (Thumb, 10 bytes, Stack size 0 bytes, stm32f10x_rcc.o(i.RCC_GetSYSCLKSource))
<BR><BR>[Called By]<UL><LI><a href="#[96]">&gt;&gt;</a>&nbsp;&nbsp;&nbsp;RCC_Configuration
</UL>

<P><STRONG><a name="[9a]"></a>RCC_HCLKConfig</STRONG> (Thumb, 14 bytes, Stack size 0 bytes, stm32f10x_rcc.o(i.RCC_HCLKConfig))
<BR><BR>[Called By]<UL><LI><a href="#[96]">&gt;&gt;</a>&nbsp;&nbsp;&nbsp;RCC_Configuration
</UL>

<P><STRONG><a name="[98]"></a>RCC_HSEConfig</STRONG> (Thumb, 48 bytes, Stack size 0 bytes, stm32f10x_rcc.o(i.RCC_HSEConfig))
<BR><BR>[Called By]<UL><LI><a href="#[96]">&gt;&gt;</a>&nbsp;&nbsp;&nbsp;RCC_Configuration
</UL>

<P><STRONG><a name="[f]"></a>RCC_IRQHandler</STRONG> (Thumb, 2 bytes, Stack size 0 bytes, stm32f10x_it.o(i.RCC_IRQHandler))
<BR>[Address Reference Count : 1]<UL><LI> stm32f10x.o(RESET)
</UL>
<P><STRONG><a name="[9c]"></a>RCC_PCLK1Config</STRONG> (Thumb, 14 bytes, Stack size 0 bytes, stm32f10x_rcc.o(i.RCC_PCLK1Config))
<BR><BR>[Called By]<UL><LI><a href="#[96]">&gt;&gt;</a>&nbsp;&nbsp;&nbsp;RCC_Configuration
</UL>

<P><STRONG><a name="[9b]"></a>RCC_PCLK2Config</STRONG> (Thumb, 16 bytes, Stack size 0 bytes, stm32f10x_rcc.o(i.RCC_PCLK2Config))
<BR><BR>[Called By]<UL><LI><a href="#[96]">&gt;&gt;</a>&nbsp;&nbsp;&nbsp;RCC_Configuration
</UL>

<P><STRONG><a name="[a1]"></a>RCC_PLLCmd</STRONG> (Thumb, 6 bytes, Stack size 0 bytes, stm32f10x_rcc.o(i.RCC_PLLCmd))
<BR><BR>[Called By]<UL><LI><a href="#[96]">&gt;&gt;</a>&nbsp;&nbsp;&nbsp;RCC_Configuration
</UL>

<P><STRONG><a name="[9f]"></a>RCC_PLLConfig</STRONG> (Thumb, 16 bytes, Stack size 0 bytes, stm32f10x_rcc.o(i.RCC_PLLConfig))
<BR><BR>[Called By]<UL><LI><a href="#[96]">&gt;&gt;</a>&nbsp;&nbsp;&nbsp;RCC_Configuration
</UL>

<P><STRONG><a name="[a3]"></a>RCC_SYSCLKConfig</STRONG> (Thumb, 14 bytes, Stack size 0 bytes, stm32f10x_rcc.o(i.RCC_SYSCLKConfig))
<BR><BR>[Called By]<UL><LI><a href="#[96]">&gt;&gt;</a>&nbsp;&nbsp;&nbsp;RCC_Configuration
</UL>

<P><STRONG><a name="[99]"></a>RCC_WaitForHSEStartUp</STRONG> (Thumb, 46 bytes, Stack size 12 bytes, stm32f10x_rcc.o(i.RCC_WaitForHSEStartUp))
<BR><BR>[Stack]<UL><LI>Max Depth = 12<LI>Call Chain = RCC_WaitForHSEStartUp
</UL>
<BR>[Calls]<UL><LI><a href="#[a2]">&gt;&gt;</a>&nbsp;&nbsp;&nbsp;RCC_GetFlagStatus
</UL>
<BR>[Called By]<UL><LI><a href="#[96]">&gt;&gt;</a>&nbsp;&nbsp;&nbsp;RCC_Configuration
</UL>

<P><STRONG><a name="[33]"></a>RTCAlarm_IRQHandler</STRONG> (Thumb, 2 bytes, Stack size 0 bytes, stm32f10x_it.o(i.RTCAlarm_IRQHandler))
<BR>[Address Reference Count : 1]<UL><LI> stm32f10x.o(RESET)
</UL>
<P><STRONG><a name="[d]"></a>RTC_IRQHandler</STRONG> (Thumb, 2 bytes, Stack size 0 bytes, stm32f10x_it.o(i.RTC_IRQHandler))
<BR>[Address Reference Count : 1]<UL><LI> stm32f10x.o(RESET)
</UL>
<P><STRONG><a name="[139]"></a>SDIO_ClearFlag</STRONG> (Thumb, 6 bytes, Stack size 0 bytes, stm32f10x_sdio.o(i.SDIO_ClearFlag))
<BR><BR>[Called By]<UL><LI><a href="#[a8]">&gt;&gt;</a>&nbsp;&nbsp;&nbsp;stm32_irq
<LI><a href="#[22b]">&gt;&gt;</a>&nbsp;&nbsp;&nbsp;stm32_setup_data
<LI><a href="#[13b]">&gt;&gt;</a>&nbsp;&nbsp;&nbsp;stm32_send_request
<LI><a href="#[224]">&gt;&gt;</a>&nbsp;&nbsp;&nbsp;stm32_enable_dma
<LI><a href="#[137]">&gt;&gt;</a>&nbsp;&nbsp;&nbsp;finalize_request
</UL>

<P><STRONG><a name="[22f]"></a>SDIO_ClockCmd</STRONG> (Thumb, 6 bytes, Stack size 0 bytes, stm32f10x_sdio.o(i.SDIO_ClockCmd))
<BR><BR>[Called By]<UL><LI><a href="#[58]">&gt;&gt;</a>&nbsp;&nbsp;&nbsp;stm32_set_ios
</UL>

<P><STRONG><a name="[231]"></a>SDIO_DMACmd</STRONG> (Thumb, 6 bytes, Stack size 0 bytes, stm32f10x_sdio.o(i.SDIO_DMACmd))
<BR><BR>[Called By]<UL><LI><a href="#[22b]">&gt;&gt;</a>&nbsp;&nbsp;&nbsp;stm32_setup_data
</UL>

<P><STRONG><a name="[230]"></a>SDIO_DataConfig</STRONG> (Thumb, 38 bytes, Stack size 8 bytes, stm32f10x_sdio.o(i.SDIO_DataConfig))
<BR><BR>[Stack]<UL><LI>Max Depth = 8<LI>Call Chain = SDIO_DataConfig
</UL>
<BR>[Called By]<UL><LI><a href="#[22b]">&gt;&gt;</a>&nbsp;&nbsp;&nbsp;stm32_setup_data
</UL>

<P><STRONG><a name="[3b]"></a>SDIO_IRQHander</STRONG> (Thumb, 8 bytes, Stack size 8 bytes, stm32f10x_it.o(i.SDIO_IRQHander))
<BR><BR>[Stack]<UL><LI>Max Depth = 256<LI>Call Chain = SDIO_IRQHander &rArr; stm32_irq &rArr; mmc_signal_sdio_irq &rArr; sdio_irq_thread &rArr; process_sdio_pending_irqs &rArr; mmc_io_rw_direct &rArr; mmc_wait_for_cmd &rArr; mmc_wait_for_req &rArr; mmc_start_request
</UL>
<BR>[Calls]<UL><LI><a href="#[a8]">&gt;&gt;</a>&nbsp;&nbsp;&nbsp;stm32_irq
</UL>
<BR>[Address Reference Count : 1]<UL><LI> stm32f10x.o(RESET)
</UL>
<P><STRONG><a name="[11e]"></a>SDIO_ITConfig</STRONG> (Thumb, 18 bytes, Stack size 0 bytes, stm32f10x_sdio.o(i.SDIO_ITConfig))
<BR><BR>[Called By]<UL><LI><a href="#[224]">&gt;&gt;</a>&nbsp;&nbsp;&nbsp;stm32_enable_dma
<LI><a href="#[125]">&gt;&gt;</a>&nbsp;&nbsp;&nbsp;enable_imask
<LI><a href="#[11d]">&gt;&gt;</a>&nbsp;&nbsp;&nbsp;disable_imask
</UL>

<P><STRONG><a name="[22d]"></a>SDIO_Init</STRONG> (Thumb, 40 bytes, Stack size 12 bytes, stm32f10x_sdio.o(i.SDIO_Init))
<BR><BR>[Stack]<UL><LI>Max Depth = 12<LI>Call Chain = SDIO_Init
</UL>
<BR>[Called By]<UL><LI><a href="#[22c]">&gt;&gt;</a>&nbsp;&nbsp;&nbsp;stm32_set_clk
</UL>

<P><STRONG><a name="[22a]"></a>SDIO_SendCommand</STRONG> (Thumb, 34 bytes, Stack size 8 bytes, stm32f10x_sdio.o(i.SDIO_SendCommand))
<BR><BR>[Stack]<UL><LI>Max Depth = 8<LI>Call Chain = SDIO_SendCommand
</UL>
<BR>[Called By]<UL><LI><a href="#[229]">&gt;&gt;</a>&nbsp;&nbsp;&nbsp;stm32_send_command
</UL>

<P><STRONG><a name="[22e]"></a>SDIO_SetPowerState</STRONG> (Thumb, 18 bytes, Stack size 0 bytes, stm32f10x_sdio.o(i.SDIO_SetPowerState))
<BR><BR>[Called By]<UL><LI><a href="#[58]">&gt;&gt;</a>&nbsp;&nbsp;&nbsp;stm32_set_ios
</UL>

<P><STRONG><a name="[2d]"></a>SPI1_IRQHandler</STRONG> (Thumb, 2 bytes, Stack size 0 bytes, stm32f10x_it.o(i.SPI1_IRQHandler))
<BR>[Address Reference Count : 1]<UL><LI> stm32f10x.o(RESET)
</UL>
<P><STRONG><a name="[2e]"></a>SPI2_IRQHandler</STRONG> (Thumb, 2 bytes, Stack size 0 bytes, stm32f10x_it.o(i.SPI2_IRQHandler))
<BR>[Address Reference Count : 1]<UL><LI> stm32f10x.o(RESET)
</UL>
<P><STRONG><a name="[3d]"></a>SPI3_IRQHander</STRONG> (Thumb, 2 bytes, Stack size 0 bytes, stm32f10x_it.o(i.SPI3_IRQHander))
<BR>[Address Reference Count : 1]<UL><LI> stm32f10x.o(RESET)
</UL>
<P><STRONG><a name="[6]"></a>SVCHandler</STRONG> (Thumb, 2 bytes, Stack size 0 bytes, stm32f10x_it.o(i.SVCHandler))
<BR>[Address Reference Count : 1]<UL><LI> stm32f10x.o(RESET)
</UL>
<P><STRONG><a name="[2fd]"></a>SVC_Handler</STRONG> (Thumb, 0 bytes, Stack size 0 bytes, stm32f10x_it.o(i.SVCHandler), UNUSED)

<P><STRONG><a name="[9]"></a>SysTickHandler</STRONG> (Thumb, 2 bytes, Stack size 0 bytes, stm32f10x_it.o(i.SysTickHandler))
<BR>[Address Reference Count : 1]<UL><LI> stm32f10x.o(RESET)
</UL>
<P><STRONG><a name="[2fe]"></a>SysTick_Handler</STRONG> (Thumb, 0 bytes, Stack size 0 bytes, stm32f10x_it.o(i.SysTickHandler), UNUSED)

<P><STRONG><a name="[c]"></a>TAMPER_IRQHandler</STRONG> (Thumb, 2 bytes, Stack size 0 bytes, stm32f10x_it.o(i.TAMPER_IRQHandler))
<BR>[Address Reference Count : 1]<UL><LI> stm32f10x.o(RESET)
</UL>
<P><STRONG><a name="[22]"></a>TIM1_BRK_IRQHandler</STRONG> (Thumb, 2 bytes, Stack size 0 bytes, stm32f10x_it.o(i.TIM1_BRK_IRQHandler))
<BR>[Address Reference Count : 1]<UL><LI> stm32f10x.o(RESET)
</UL>
<P><STRONG><a name="[25]"></a>TIM1_CC_IRQHandler</STRONG> (Thumb, 2 bytes, Stack size 0 bytes, stm32f10x_it.o(i.TIM1_CC_IRQHandler))
<BR>[Address Reference Count : 1]<UL><LI> stm32f10x.o(RESET)
</UL>
<P><STRONG><a name="[24]"></a>TIM1_TRG_COM_IRQHandler</STRONG> (Thumb, 2 bytes, Stack size 0 bytes, stm32f10x_it.o(i.TIM1_TRG_COM_IRQHandler))
<BR>[Address Reference Count : 1]<UL><LI> stm32f10x.o(RESET)
</UL>
<P><STRONG><a name="[23]"></a>TIM1_UP_IRQHandler</STRONG> (Thumb, 2 bytes, Stack size 0 bytes, stm32f10x_it.o(i.TIM1_UP_IRQHandler))
<BR>[Address Reference Count : 1]<UL><LI> stm32f10x.o(RESET)
</UL>
<P><STRONG><a name="[26]"></a>TIM2_IRQHandler</STRONG> (Thumb, 8 bytes, Stack size 8 bytes, stm32f10x_it.o(i.TIM2_IRQHandler))
<BR><BR>[Stack]<UL><LI>Max Depth = 16<LI>Call Chain = TIM2_IRQHandler &rArr; timer2_int
</UL>
<BR>[Calls]<UL><LI><a href="#[a9]">&gt;&gt;</a>&nbsp;&nbsp;&nbsp;timer2_int
</UL>
<BR>[Address Reference Count : 1]<UL><LI> stm32f10x.o(RESET)
</UL>
<P><STRONG><a name="[27]"></a>TIM3_IRQHandler</STRONG> (Thumb, 2 bytes, Stack size 0 bytes, stm32f10x_it.o(i.TIM3_IRQHandler))
<BR>[Address Reference Count : 1]<UL><LI> stm32f10x.o(RESET)
</UL>
<P><STRONG><a name="[28]"></a>TIM4_IRQHandler</STRONG> (Thumb, 2 bytes, Stack size 0 bytes, stm32f10x_it.o(i.TIM4_IRQHandler))
<BR>[Address Reference Count : 1]<UL><LI> stm32f10x.o(RESET)
</UL>
<P><STRONG><a name="[3c]"></a>TIM5_IRQHander</STRONG> (Thumb, 2 bytes, Stack size 0 bytes, stm32f10x_it.o(i.TIM5_IRQHander))
<BR>[Address Reference Count : 1]<UL><LI> stm32f10x.o(RESET)
</UL>
<P><STRONG><a name="[40]"></a>TIM6_IRQHander</STRONG> (Thumb, 2 bytes, Stack size 0 bytes, stm32f10x_it.o(i.TIM6_IRQHander))
<BR>[Address Reference Count : 1]<UL><LI> stm32f10x.o(RESET)
</UL>
<P><STRONG><a name="[41]"></a>TIM7_IRQHander</STRONG> (Thumb, 2 bytes, Stack size 0 bytes, stm32f10x_it.o(i.TIM7_IRQHander))
<BR>[Address Reference Count : 1]<UL><LI> stm32f10x.o(RESET)
</UL>
<P><STRONG><a name="[35]"></a>TIM8_BRK_IRQHander</STRONG> (Thumb, 2 bytes, Stack size 0 bytes, stm32f10x_it.o(i.TIM8_BRK_IRQHander))
<BR>[Address Reference Count : 1]<UL><LI> stm32f10x.o(RESET)
</UL>
<P><STRONG><a name="[38]"></a>TIM8_CC_IRQHander</STRONG> (Thumb, 2 bytes, Stack size 0 bytes, stm32f10x_it.o(i.TIM8_CC_IRQHander))
<BR>[Address Reference Count : 1]<UL><LI> stm32f10x.o(RESET)
</UL>
<P><STRONG><a name="[37]"></a>TIM8_TRG_COM_IRQHander</STRONG> (Thumb, 2 bytes, Stack size 0 bytes, stm32f10x_it.o(i.TIM8_TRG_COM_IRQHander))
<BR>[Address Reference Count : 1]<UL><LI> stm32f10x.o(RESET)
</UL>
<P><STRONG><a name="[36]"></a>TIM8_UP_IRQHander</STRONG> (Thumb, 2 bytes, Stack size 0 bytes, stm32f10x_it.o(i.TIM8_UP_IRQHander))
<BR>[Address Reference Count : 1]<UL><LI> stm32f10x.o(RESET)
</UL>
<P><STRONG><a name="[253]"></a>TIM_ClearITPendingBit</STRONG> (Thumb, 6 bytes, Stack size 0 bytes, stm32f10x_tim.o(i.TIM_ClearITPendingBit))
<BR><BR>[Called By]<UL><LI><a href="#[a9]">&gt;&gt;</a>&nbsp;&nbsp;&nbsp;timer2_int
</UL>

<P><STRONG><a name="[120]"></a>TIM_Cmd</STRONG> (Thumb, 22 bytes, Stack size 0 bytes, stm32f10x_tim.o(i.TIM_Cmd))
<BR><BR>[Called By]<UL><LI><a href="#[93]">&gt;&gt;</a>&nbsp;&nbsp;&nbsp;timerbase_config
<LI><a href="#[126]">&gt;&gt;</a>&nbsp;&nbsp;&nbsp;enable_timer
<LI><a href="#[11f]">&gt;&gt;</a>&nbsp;&nbsp;&nbsp;disable_timer
</UL>

<P><STRONG><a name="[252]"></a>TIM_GetITStatus</STRONG> (Thumb, 24 bytes, Stack size 0 bytes, stm32f10x_tim.o(i.TIM_GetITStatus))
<BR><BR>[Called By]<UL><LI><a href="#[a9]">&gt;&gt;</a>&nbsp;&nbsp;&nbsp;timer2_int
</UL>

<P><STRONG><a name="[256]"></a>TIM_ITConfig</STRONG> (Thumb, 16 bytes, Stack size 0 bytes, stm32f10x_tim.o(i.TIM_ITConfig))
<BR><BR>[Called By]<UL><LI><a href="#[93]">&gt;&gt;</a>&nbsp;&nbsp;&nbsp;timerbase_config
</UL>

<P><STRONG><a name="[255]"></a>TIM_PrescalerConfig</STRONG> (Thumb, 6 bytes, Stack size 0 bytes, stm32f10x_tim.o(i.TIM_PrescalerConfig))
<BR><BR>[Called By]<UL><LI><a href="#[93]">&gt;&gt;</a>&nbsp;&nbsp;&nbsp;timerbase_config
</UL>

<P><STRONG><a name="[254]"></a>TIM_TimeBaseInit</STRONG> (Thumb, 50 bytes, Stack size 0 bytes, stm32f10x_tim.o(i.TIM_TimeBaseInit))
<BR><BR>[Called By]<UL><LI><a href="#[93]">&gt;&gt;</a>&nbsp;&nbsp;&nbsp;timerbase_config
</UL>

<P><STRONG><a name="[3e]"></a>UART4_IRQHander</STRONG> (Thumb, 2 bytes, Stack size 0 bytes, stm32f10x_it.o(i.UART4_IRQHander))
<BR>[Address Reference Count : 1]<UL><LI> stm32f10x.o(RESET)
</UL>
<P><STRONG><a name="[3f]"></a>UART5_IRQHander</STRONG> (Thumb, 2 bytes, Stack size 0 bytes, stm32f10x_it.o(i.UART5_IRQHander))
<BR>[Address Reference Count : 1]<UL><LI> stm32f10x.o(RESET)
</UL>
<P><STRONG><a name="[2f]"></a>USART1_IRQHandler</STRONG> (Thumb, 2 bytes, Stack size 0 bytes, stm32f10x_it.o(i.USART1_IRQHandler))
<BR>[Address Reference Count : 1]<UL><LI> stm32f10x.o(RESET)
</UL>
<P><STRONG><a name="[30]"></a>USART2_IRQHandler</STRONG> (Thumb, 2 bytes, Stack size 0 bytes, stm32f10x_it.o(i.USART2_IRQHandler))
<BR>[Address Reference Count : 1]<UL><LI> stm32f10x.o(RESET)
</UL>
<P><STRONG><a name="[31]"></a>USART3_IRQHandler</STRONG> (Thumb, 2 bytes, Stack size 0 bytes, stm32f10x_it.o(i.USART3_IRQHandler))
<BR>[Address Reference Count : 1]<UL><LI> stm32f10x.o(RESET)
</UL>
<P><STRONG><a name="[ab]"></a>USART_ClockInit</STRONG> (Thumb, 30 bytes, Stack size 8 bytes, stm32f10x_usart.o(i.USART_ClockInit))
<BR><BR>[Stack]<UL><LI>Max Depth = 8<LI>Call Chain = USART_ClockInit
</UL>
<BR>[Called By]<UL><LI><a href="#[aa]">&gt;&gt;</a>&nbsp;&nbsp;&nbsp;USART_Configuration
</UL>

<P><STRONG><a name="[ad]"></a>USART_Cmd</STRONG> (Thumb, 20 bytes, Stack size 0 bytes, stm32f10x_usart.o(i.USART_Cmd))
<BR><BR>[Called By]<UL><LI><a href="#[aa]">&gt;&gt;</a>&nbsp;&nbsp;&nbsp;USART_Configuration
</UL>

<P><STRONG><a name="[aa]"></a>USART_Configuration</STRONG> (Thumb, 88 bytes, Stack size 32 bytes, system.o(i.USART_Configuration))
<BR><BR>[Stack]<UL><LI>Max Depth = 72<LI>Call Chain = USART_Configuration &rArr; USART_Init &rArr; RCC_GetClocksFreq
</UL>
<BR>[Calls]<UL><LI><a href="#[ac]">&gt;&gt;</a>&nbsp;&nbsp;&nbsp;USART_Init
<LI><a href="#[ad]">&gt;&gt;</a>&nbsp;&nbsp;&nbsp;USART_Cmd
<LI><a href="#[ab]">&gt;&gt;</a>&nbsp;&nbsp;&nbsp;USART_ClockInit
</UL>
<BR>[Called By]<UL><LI><a href="#[46]">&gt;&gt;</a>&nbsp;&nbsp;&nbsp;main
</UL>

<P><STRONG><a name="[13f]"></a>USART_GetFlagStatus</STRONG> (Thumb, 14 bytes, Stack size 0 bytes, stm32f10x_usart.o(i.USART_GetFlagStatus))
<BR><BR>[Called By]<UL><LI><a href="#[4a]">&gt;&gt;</a>&nbsp;&nbsp;&nbsp;fputc
</UL>

<P><STRONG><a name="[ac]"></a>USART_Init</STRONG> (Thumb, 134 bytes, Stack size 32 bytes, stm32f10x_usart.o(i.USART_Init))
<BR><BR>[Stack]<UL><LI>Max Depth = 40<LI>Call Chain = USART_Init &rArr; RCC_GetClocksFreq
</UL>
<BR>[Calls]<UL><LI><a href="#[ae]">&gt;&gt;</a>&nbsp;&nbsp;&nbsp;RCC_GetClocksFreq
</UL>
<BR>[Called By]<UL><LI><a href="#[aa]">&gt;&gt;</a>&nbsp;&nbsp;&nbsp;USART_Configuration
</UL>

<P><STRONG><a name="[140]"></a>USART_SendData</STRONG> (Thumb, 8 bytes, Stack size 0 bytes, stm32f10x_usart.o(i.USART_SendData))
<BR><BR>[Called By]<UL><LI><a href="#[4a]">&gt;&gt;</a>&nbsp;&nbsp;&nbsp;fputc
</UL>

<P><STRONG><a name="[34]"></a>USBWakeUp_IRQHandler</STRONG> (Thumb, 2 bytes, Stack size 0 bytes, stm32f10x_it.o(i.USBWakeUp_IRQHandler))
<BR>[Address Reference Count : 1]<UL><LI> stm32f10x.o(RESET)
</UL>
<P><STRONG><a name="[1d]"></a>USB_HP_CAN_TX_IRQHandler</STRONG> (Thumb, 2 bytes, Stack size 0 bytes, stm32f10x_it.o(i.USB_HP_CAN_TX_IRQHandler))
<BR>[Address Reference Count : 1]<UL><LI> stm32f10x.o(RESET)
</UL>
<P><STRONG><a name="[1e]"></a>USB_LP_CAN_RX0_IRQHandler</STRONG> (Thumb, 2 bytes, Stack size 0 bytes, stm32f10x_it.o(i.USB_LP_CAN_RX0_IRQHandler))
<BR>[Address Reference Count : 1]<UL><LI> stm32f10x.o(RESET)
</UL>
<P><STRONG><a name="[5]"></a>UsageFaultException</STRONG> (Thumb, 2 bytes, Stack size 0 bytes, stm32f10x_it.o(i.UsageFaultException))
<BR>[Address Reference Count : 1]<UL><LI> stm32f10x.o(RESET)
</UL>
<P><STRONG><a name="[2ff]"></a>UsageFault_Handler</STRONG> (Thumb, 0 bytes, Stack size 0 bytes, stm32f10x_it.o(i.UsageFaultException), UNUSED)

<P><STRONG><a name="[a]"></a>WWDG_IRQHandler</STRONG> (Thumb, 2 bytes, Stack size 0 bytes, stm32f10x_it.o(i.WWDG_IRQHandler))
<BR>[Address Reference Count : 1]<UL><LI> stm32f10x.o(RESET)
</UL>
<P><STRONG><a name="[af]"></a>__0printf$8</STRONG> (Thumb, 22 bytes, Stack size 24 bytes, printf8.o(i.__0printf$8), UNUSED)
<BR><BR>[Calls]<UL><LI><a href="#[b0]">&gt;&gt;</a>&nbsp;&nbsp;&nbsp;_printf_core
</UL>

<P><STRONG><a name="[300]"></a>__1printf$8</STRONG> (Thumb, 0 bytes, Stack size 24 bytes, printf8.o(i.__0printf$8), UNUSED)

<P><STRONG><a name="[88]"></a>__2printf</STRONG> (Thumb, 0 bytes, Stack size 24 bytes, printf8.o(i.__0printf$8))
<BR><BR>[Stack]<UL><LI>Max Depth = 24<LI>Call Chain = __2printf
</UL>
<BR>[Called By]<UL><LI><a href="#[25b]">&gt;&gt;</a>&nbsp;&nbsp;&nbsp;write_flash
<LI><a href="#[a8]">&gt;&gt;</a>&nbsp;&nbsp;&nbsp;stm32_irq
<LI><a href="#[2]">&gt;&gt;</a>&nbsp;&nbsp;&nbsp;HardFaultException
<LI><a href="#[221]">&gt;&gt;</a>&nbsp;&nbsp;&nbsp;sdio_read_cis
<LI><a href="#[66]">&gt;&gt;</a>&nbsp;&nbsp;&nbsp;cistpl_funce
<LI><a href="#[203]">&gt;&gt;</a>&nbsp;&nbsp;&nbsp;sdio_read_cccr
<LI><a href="#[217]">&gt;&gt;</a>&nbsp;&nbsp;&nbsp;process_sdio_pending_irqs
<LI><a href="#[1ef]">&gt;&gt;</a>&nbsp;&nbsp;&nbsp;mmc_sdio_init_card
<LI><a href="#[22b]">&gt;&gt;</a>&nbsp;&nbsp;&nbsp;stm32_setup_data
<LI><a href="#[58]">&gt;&gt;</a>&nbsp;&nbsp;&nbsp;stm32_set_ios
<LI><a href="#[13b]">&gt;&gt;</a>&nbsp;&nbsp;&nbsp;stm32_send_request
<LI><a href="#[211]">&gt;&gt;</a>&nbsp;&nbsp;&nbsp;pio_tasklet
<LI><a href="#[137]">&gt;&gt;</a>&nbsp;&nbsp;&nbsp;finalize_request
<LI><a href="#[1ed]">&gt;&gt;</a>&nbsp;&nbsp;&nbsp;mmc_attach_sdio
<LI><a href="#[16f]">&gt;&gt;</a>&nbsp;&nbsp;&nbsp;if_sdio_probe
<LI><a href="#[181]">&gt;&gt;</a>&nbsp;&nbsp;&nbsp;sdio_bus_probe
<LI><a href="#[180]">&gt;&gt;</a>&nbsp;&nbsp;&nbsp;mmc_rescan
<LI><a href="#[13d]">&gt;&gt;</a>&nbsp;&nbsp;&nbsp;mmc_request_done
<LI><a href="#[1ea]">&gt;&gt;</a>&nbsp;&nbsp;&nbsp;mmc_add_card
<LI><a href="#[1a5]">&gt;&gt;</a>&nbsp;&nbsp;&nbsp;wpa_printf
<LI><a href="#[143]">&gt;&gt;</a>&nbsp;&nbsp;&nbsp;lbs_hex
<LI><a href="#[cc]">&gt;&gt;</a>&nbsp;&nbsp;&nbsp;_wpa_hexdump
<LI><a href="#[48]">&gt;&gt;</a>&nbsp;&nbsp;&nbsp;ethernet_input
<LI><a href="#[91]">&gt;&gt;</a>&nbsp;&nbsp;&nbsp;dns_init
<LI><a href="#[8f]">&gt;&gt;</a>&nbsp;&nbsp;&nbsp;dhcp_start
<LI><a href="#[89]">&gt;&gt;</a>&nbsp;&nbsp;&nbsp;Init_lwIP
<LI><a href="#[b7]">&gt;&gt;</a>&nbsp;&nbsp;&nbsp;__lbs_cmd
<LI><a href="#[1b6]">&gt;&gt;</a>&nbsp;&nbsp;&nbsp;xdbug_buf
<LI><a href="#[5e]">&gt;&gt;</a>&nbsp;&nbsp;&nbsp;lbs_ret_80211_scan
<LI><a href="#[1ca]">&gt;&gt;</a>&nbsp;&nbsp;&nbsp;lbs_process_bss
<LI><a href="#[1b2]">&gt;&gt;</a>&nbsp;&nbsp;&nbsp;lbs_do_scan
<LI><a href="#[1df]">&gt;&gt;</a>&nbsp;&nbsp;&nbsp;wait_for_data_end
<LI><a href="#[1d3]">&gt;&gt;</a>&nbsp;&nbsp;&nbsp;lbs_rev_pkt
<LI><a href="#[17e]">&gt;&gt;</a>&nbsp;&nbsp;&nbsp;init_marvell_driver
<LI><a href="#[16a]">&gt;&gt;</a>&nbsp;&nbsp;&nbsp;lbs_process_rxed_packet
<LI><a href="#[174]">&gt;&gt;</a>&nbsp;&nbsp;&nbsp;lbs_add_card
<LI><a href="#[178]">&gt;&gt;</a>&nbsp;&nbsp;&nbsp;if_sdio_prog_real
<LI><a href="#[177]">&gt;&gt;</a>&nbsp;&nbsp;&nbsp;if_sdio_prog_helper
<LI><a href="#[173]">&gt;&gt;</a>&nbsp;&nbsp;&nbsp;if_sdio_prog_firmware
<LI><a href="#[169]">&gt;&gt;</a>&nbsp;&nbsp;&nbsp;if_sdio_handle_event
<LI><a href="#[161]">&gt;&gt;</a>&nbsp;&nbsp;&nbsp;if_sdio_card_to_host
<LI><a href="#[1bc]">&gt;&gt;</a>&nbsp;&nbsp;&nbsp;lbs_scan_networks
<LI><a href="#[19a]">&gt;&gt;</a>&nbsp;&nbsp;&nbsp;lbs_prepare_and_send_command
<LI><a href="#[1a3]">&gt;&gt;</a>&nbsp;&nbsp;&nbsp;lbs_association_worker
<LI><a href="#[1a9]">&gt;&gt;</a>&nbsp;&nbsp;&nbsp;should_deauth_infrastructure
<LI><a href="#[1d9]">&gt;&gt;</a>&nbsp;&nbsp;&nbsp;lbs_set_authentication
<LI><a href="#[1a2]">&gt;&gt;</a>&nbsp;&nbsp;&nbsp;lbs_associate
<LI><a href="#[1a1]">&gt;&gt;</a>&nbsp;&nbsp;&nbsp;lbs_assoc_post
<LI><a href="#[db]">&gt;&gt;</a>&nbsp;&nbsp;&nbsp;lbs_adhoc_start
<LI><a href="#[19d]">&gt;&gt;</a>&nbsp;&nbsp;&nbsp;lbs_adhoc_post
<LI><a href="#[d5]">&gt;&gt;</a>&nbsp;&nbsp;&nbsp;lbs_adhoc_join
<LI><a href="#[195]">&gt;&gt;</a>&nbsp;&nbsp;&nbsp;iw_auth_to_ieee_auth
<LI><a href="#[192]">&gt;&gt;</a>&nbsp;&nbsp;&nbsp;is_network_compatible
<LI><a href="#[17d]">&gt;&gt;</a>&nbsp;&nbsp;&nbsp;init_marvel_adhoc_assoc
<LI><a href="#[144]">&gt;&gt;</a>&nbsp;&nbsp;&nbsp;get_common_rates
<LI><a href="#[de]">&gt;&gt;</a>&nbsp;&nbsp;&nbsp;assoc_helper_secinfo
<LI><a href="#[d1]">&gt;&gt;</a>&nbsp;&nbsp;&nbsp;assoc_helper_essid
<LI><a href="#[d6]">&gt;&gt;</a>&nbsp;&nbsp;&nbsp;assoc_helper_channel
<LI><a href="#[d0]">&gt;&gt;</a>&nbsp;&nbsp;&nbsp;assoc_helper_bssid
<LI><a href="#[18f]">&gt;&gt;</a>&nbsp;&nbsp;&nbsp;pbuf_cat
<LI><a href="#[20e]">&gt;&gt;</a>&nbsp;&nbsp;&nbsp;tcp_abandon
<LI><a href="#[4e]">&gt;&gt;</a>&nbsp;&nbsp;&nbsp;dns_recv
<LI><a href="#[11c]">&gt;&gt;</a>&nbsp;&nbsp;&nbsp;pbuf_copy_partial
<LI><a href="#[11b]">&gt;&gt;</a>&nbsp;&nbsp;&nbsp;dhcp_stop
<LI><a href="#[115]">&gt;&gt;</a>&nbsp;&nbsp;&nbsp;dhcp_unfold_reply
<LI><a href="#[104]">&gt;&gt;</a>&nbsp;&nbsp;&nbsp;dhcp_option_trailer
<LI><a href="#[108]">&gt;&gt;</a>&nbsp;&nbsp;&nbsp;dhcp_delete_request
<LI><a href="#[ff]">&gt;&gt;</a>&nbsp;&nbsp;&nbsp;dhcp_create_request
<LI><a href="#[f7]">&gt;&gt;</a>&nbsp;&nbsp;&nbsp;dhcp_bind
<LI><a href="#[12a]">&gt;&gt;</a>&nbsp;&nbsp;&nbsp;pbuf_header
<LI><a href="#[12f]">&gt;&gt;</a>&nbsp;&nbsp;&nbsp;pbuf_copy
<LI><a href="#[131]">&gt;&gt;</a>&nbsp;&nbsp;&nbsp;memp_malloc
<LI><a href="#[f5]">&gt;&gt;</a>&nbsp;&nbsp;&nbsp;dhcp_arp_reply
<LI><a href="#[129]">&gt;&gt;</a>&nbsp;&nbsp;&nbsp;etharp_ip_input
<LI><a href="#[127]">&gt;&gt;</a>&nbsp;&nbsp;&nbsp;etharp_arp_input
<LI><a href="#[134]">&gt;&gt;</a>&nbsp;&nbsp;&nbsp;low_level_init
<LI><a href="#[250]">&gt;&gt;</a>&nbsp;&nbsp;&nbsp;tcp_slowtmr
<LI><a href="#[242]">&gt;&gt;</a>&nbsp;&nbsp;&nbsp;tcp_fasttmr
<LI><a href="#[60]">&gt;&gt;</a>&nbsp;&nbsp;&nbsp;server_recv
<LI><a href="#[150]">&gt;&gt;</a>&nbsp;&nbsp;&nbsp;tcp_write
<LI><a href="#[249]">&gt;&gt;</a>&nbsp;&nbsp;&nbsp;tcp_output_segment
<LI><a href="#[18a]">&gt;&gt;</a>&nbsp;&nbsp;&nbsp;tcp_input
<LI><a href="#[24c]">&gt;&gt;</a>&nbsp;&nbsp;&nbsp;tcp_receive
<LI><a href="#[245]">&gt;&gt;</a>&nbsp;&nbsp;&nbsp;tcp_process
<LI><a href="#[248]">&gt;&gt;</a>&nbsp;&nbsp;&nbsp;tcp_parseopt
<LI><a href="#[244]">&gt;&gt;</a>&nbsp;&nbsp;&nbsp;tcp_listen_input
<LI><a href="#[251]">&gt;&gt;</a>&nbsp;&nbsp;&nbsp;tcp_zero_window_probe
<LI><a href="#[235]">&gt;&gt;</a>&nbsp;&nbsp;&nbsp;tcp_rst
<LI><a href="#[23d]">&gt;&gt;</a>&nbsp;&nbsp;&nbsp;tcp_output
<LI><a href="#[246]">&gt;&gt;</a>&nbsp;&nbsp;&nbsp;tcp_keepalive
<LI><a href="#[241]">&gt;&gt;</a>&nbsp;&nbsp;&nbsp;tcp_enqueue
<LI><a href="#[14f]">&gt;&gt;</a>&nbsp;&nbsp;&nbsp;tcp_recved
<LI><a href="#[24b]">&gt;&gt;</a>&nbsp;&nbsp;&nbsp;tcp_pcb_purge
<LI><a href="#[157]">&gt;&gt;</a>&nbsp;&nbsp;&nbsp;tcp_listen_with_backlog
<LI><a href="#[23b]">&gt;&gt;</a>&nbsp;&nbsp;&nbsp;tcp_debug_print_state
<LI><a href="#[23f]">&gt;&gt;</a>&nbsp;&nbsp;&nbsp;tcp_debug_print_flags
<LI><a href="#[23e]">&gt;&gt;</a>&nbsp;&nbsp;&nbsp;tcp_debug_print
<LI><a href="#[f4]">&gt;&gt;</a>&nbsp;&nbsp;&nbsp;tcp_close
<LI><a href="#[156]">&gt;&gt;</a>&nbsp;&nbsp;&nbsp;tcp_bind
<LI><a href="#[236]">&gt;&gt;</a>&nbsp;&nbsp;&nbsp;tcp_alloc
<LI><a href="#[237]">&gt;&gt;</a>&nbsp;&nbsp;&nbsp;tcp_kill_timewait
<LI><a href="#[238]">&gt;&gt;</a>&nbsp;&nbsp;&nbsp;tcp_kill_prio
<LI><a href="#[46]">&gt;&gt;</a>&nbsp;&nbsp;&nbsp;main
<LI><a href="#[51]">&gt;&gt;</a>&nbsp;&nbsp;&nbsp;http_recv
<LI><a href="#[196]">&gt;&gt;</a>&nbsp;&nbsp;&nbsp;lbs_init_adapter
<LI><a href="#[1b7]">&gt;&gt;</a>&nbsp;&nbsp;&nbsp;lbs_execute_next_command
<LI><a href="#[1ae]">&gt;&gt;</a>&nbsp;&nbsp;&nbsp;lbs_cmd_async
<LI><a href="#[145]">&gt;&gt;</a>&nbsp;&nbsp;&nbsp;handle_cmd_response
<LI><a href="#[b8]">&gt;&gt;</a>&nbsp;&nbsp;&nbsp;__lbs_cmd_async
</UL>

<P><STRONG><a name="[b1]"></a>__0snprintf$8</STRONG> (Thumb, 36 bytes, Stack size 32 bytes, printf8.o(i.__0snprintf$8), UNUSED)
<BR><BR>[Calls]<UL><LI><a href="#[b0]">&gt;&gt;</a>&nbsp;&nbsp;&nbsp;_printf_core
</UL>

<P><STRONG><a name="[301]"></a>__1snprintf$8</STRONG> (Thumb, 0 bytes, Stack size 32 bytes, printf8.o(i.__0snprintf$8), UNUSED)

<P><STRONG><a name="[216]"></a>__2snprintf</STRONG> (Thumb, 0 bytes, Stack size 32 bytes, printf8.o(i.__0snprintf$8))
<BR><BR>[Stack]<UL><LI>Max Depth = 32<LI>Call Chain = __2snprintf
</UL>
<BR>[Called By]<UL><LI><a href="#[1a4]">&gt;&gt;</a>&nbsp;&nbsp;&nbsp;print_ssid
</UL>

<P><STRONG><a name="[b2]"></a>__0sprintf$8</STRONG> (Thumb, 34 bytes, Stack size 24 bytes, printf8.o(i.__0sprintf$8), UNUSED)
<BR><BR>[Calls]<UL><LI><a href="#[4c]">&gt;&gt;</a>&nbsp;&nbsp;&nbsp;_sputc
<LI><a href="#[b0]">&gt;&gt;</a>&nbsp;&nbsp;&nbsp;_printf_core
</UL>

<P><STRONG><a name="[302]"></a>__1sprintf$8</STRONG> (Thumb, 0 bytes, Stack size 24 bytes, printf8.o(i.__0sprintf$8), UNUSED)

<P><STRONG><a name="[14d]"></a>__2sprintf</STRONG> (Thumb, 0 bytes, Stack size 24 bytes, printf8.o(i.__0sprintf$8))
<BR><BR>[Stack]<UL><LI>Max Depth = 24<LI>Call Chain = __2sprintf
</UL>
<BR>[Called By]<UL><LI><a href="#[174]">&gt;&gt;</a>&nbsp;&nbsp;&nbsp;lbs_add_card
<LI><a href="#[14c]">&gt;&gt;</a>&nbsp;&nbsp;&nbsp;html_cgi
</UL>

<P><STRONG><a name="[b3]"></a>__0vprintf</STRONG> (Thumb, 8 bytes, Stack size 0 bytes, printfa.o(i.__0vprintf), UNUSED)
<BR><BR>[Calls]<UL><LI><a href="#[b4]">&gt;&gt;</a>&nbsp;&nbsp;&nbsp;_printf_core
</UL>

<P><STRONG><a name="[303]"></a>__1vprintf</STRONG> (Thumb, 0 bytes, Stack size 0 bytes, printfa.o(i.__0vprintf), UNUSED)

<P><STRONG><a name="[304]"></a>__2vprintf</STRONG> (Thumb, 0 bytes, Stack size 0 bytes, printfa.o(i.__0vprintf), UNUSED)

<P><STRONG><a name="[25a]"></a>__c89vprintf</STRONG> (Thumb, 0 bytes, Stack size 0 bytes, printfa.o(i.__0vprintf))
<BR><BR>[Called By]<UL><LI><a href="#[1a5]">&gt;&gt;</a>&nbsp;&nbsp;&nbsp;wpa_printf
</UL>

<P><STRONG><a name="[305]"></a>vprintf</STRONG> (Thumb, 0 bytes, Stack size 0 bytes, printfa.o(i.__0vprintf), UNUSED)

<P><STRONG><a name="[b7]"></a>__lbs_cmd</STRONG> (Thumb, 200 bytes, Stack size 64 bytes, cmd.o(i.__lbs_cmd))
<BR><BR>[Stack]<UL><LI>Max Depth = 3464<LI>Call Chain = __lbs_cmd &rArr; if_sdio_interrupt &rArr; if_sdio_card_to_host &rArr; sdio_io_rw_ext_helper &rArr; mmc_io_rw_extended &rArr; mmc_wait_for_req &rArr; mmc_start_request
</UL>
<BR>[Calls]<UL><LI><a href="#[bc]">&gt;&gt;</a>&nbsp;&nbsp;&nbsp;time_after
<LI><a href="#[ba]">&gt;&gt;</a>&nbsp;&nbsp;&nbsp;PTR_ERR
<LI><a href="#[b9]">&gt;&gt;</a>&nbsp;&nbsp;&nbsp;IS_ERR
<LI><a href="#[bd]">&gt;&gt;</a>&nbsp;&nbsp;&nbsp;lbs_thread
<LI><a href="#[bb]">&gt;&gt;</a>&nbsp;&nbsp;&nbsp;pool_sdio_interrupt
<LI><a href="#[55]">&gt;&gt;</a>&nbsp;&nbsp;&nbsp;if_sdio_interrupt
<LI><a href="#[b8]">&gt;&gt;</a>&nbsp;&nbsp;&nbsp;__lbs_cmd_async
<LI><a href="#[b5]">&gt;&gt;</a>&nbsp;&nbsp;&nbsp;__lbs_cleanup_and_insert_cmd
<LI><a href="#[88]">&gt;&gt;</a>&nbsp;&nbsp;&nbsp;__2printf
</UL>
<BR>[Called By]<UL><LI><a href="#[1b2]">&gt;&gt;</a>&nbsp;&nbsp;&nbsp;lbs_do_scan
<LI><a href="#[19c]">&gt;&gt;</a>&nbsp;&nbsp;&nbsp;lbs_cmd_with_response
</UL>

<P><STRONG><a name="[306]"></a>__scatterload_copy</STRONG> (Thumb, 14 bytes, Stack size unknown bytes, handlers.o(i.__scatterload_copy), UNUSED)

<P><STRONG><a name="[307]"></a>__scatterload_null</STRONG> (Thumb, 2 bytes, Stack size unknown bytes, handlers.o(i.__scatterload_null), UNUSED)

<P><STRONG><a name="[308]"></a>__scatterload_zeroinit</STRONG> (Thumb, 14 bytes, Stack size unknown bytes, handlers.o(i.__scatterload_zeroinit), UNUSED)

<P><STRONG><a name="[e5]"></a>clear_bit</STRONG> (Thumb, 12 bytes, Stack size 0 bytes, assoc.o(i.clear_bit))
<BR><BR>[Called By]<UL><LI><a href="#[e4]">&gt;&gt;</a>&nbsp;&nbsp;&nbsp;assoc_helper_wpa_keys
</UL>

<P><STRONG><a name="[ed]"></a>clear_wpa_wpa2_info</STRONG> (Thumb, 52 bytes, Stack size 16 bytes, cmd.o(i.clear_wpa_wpa2_info))
[...]
<LI><a href="#[150]">&gt;&gt;</a>&nbsp;&nbsp;&nbsp;tcp_write
<LI><a href="#[f1]">&gt;&gt;</a>&nbsp;&nbsp;&nbsp;tcp_sent
<LI><a href="#[14f]">&gt;&gt;</a>&nbsp;&nbsp;&nbsp;tcp_recved
<LI><a href="#[151]">&gt;&gt;</a>&nbsp;&nbsp;&nbsp;write_flash_config
<LI><a href="#[152]">&gt;&gt;</a>&nbsp;&nbsp;&nbsp;NVIC_GenerateSystemReset
<LI><a href="#[153]">&gt;&gt;</a>&nbsp;&nbsp;&nbsp;send_data
<LI><a href="#[14c]">&gt;&gt;</a>&nbsp;&nbsp;&nbsp;html_cgi
<LI><a href="#[ef]">&gt;&gt;</a>&nbsp;&nbsp;&nbsp;close_conn
<LI><a href="#[14b]">&gt;&gt;</a>&nbsp;&nbsp;&nbsp;memcmp
<LI><a href="#[eb]">&gt;&gt;</a>&nbsp;&nbsp;&nbsp;strlen
<LI><a href="#[88]">&gt;&gt;</a>&nbsp;&nbsp;&nbsp;__2printf
</UL>
<BR>[Address Reference Count : 1]<UL><LI> sample_http.o(i.http_accept)
</UL>
<P><STRONG><a name="[53]"></a>http_sent</STRONG> (Thumb, 64 bytes, Stack size 24 bytes, sample_http.o(i.http_sent))
<BR><BR>[Stack]<UL><LI>Max Depth = 444<LI>Call Chain = http_sent &rArr; close_conn &rArr; tcp_close &rArr; tcp_pcb_remove &rArr; tcp_output &rArr; tcp_output_segment &rArr; ip_output &rArr; ip_output_if &rArr; ip_frag &rArr; pbuf_alloc &rArr; pbuf_free &rArr; mem_free &rArr; plug_holes
</UL>
<BR>[Calls]<UL><LI><a href="#[152]">&gt;&gt;</a>&nbsp;&nbsp;&nbsp;NVIC_GenerateSystemReset
<LI><a href="#[153]">&gt;&gt;</a>&nbsp;&nbsp;&nbsp;send_data
<LI><a href="#[14c]">&gt;&gt;</a>&nbsp;&nbsp;&nbsp;html_cgi
<LI><a href="#[ef]">&gt;&gt;</a>&nbsp;&nbsp;&nbsp;close_conn
</UL>
<BR>[Address Reference Count : 1]<UL><LI> sample_http.o(i.http_recv)
</UL>
<P><STRONG><a name="[153]"></a>send_data</STRONG> (Thumb, 56 bytes, Stack size 24 bytes, sample_http.o(i.send_data))
<BR><BR>[Stack]<UL><LI>Max Depth = 228<LI>Call Chain = send_data &rArr; tcp_write &rArr; tcp_enqueue &rArr; pbuf_alloc &rArr; pbuf_free &rArr; mem_free &rArr; plug_holes
</UL>
<BR>[Calls]<UL><LI><a href="#[150]">&gt;&gt;</a>&nbsp;&nbsp;&nbsp;tcp_write
</UL>
<BR>[Called By]<UL><LI><a href="#[53]">&gt;&gt;</a>&nbsp;&nbsp;&nbsp;http_sent
<LI><a href="#[51]">&gt;&gt;</a>&nbsp;&nbsp;&nbsp;http_recv
</UL>

<P><STRONG><a name="[142]"></a>generate_domain_info_11d</STRONG> (Thumb, 266 bytes, Stack size 48 bytes, 11d.o(i.generate_domain_info_11d))
<BR><BR>[Stack]<UL><LI>Max Depth = 96<LI>Call Chain = generate_domain_info_11d &rArr; lbs_hex &rArr; __2printf
</UL>
<BR>[Calls]<UL><LI><a href="#[143]">&gt;&gt;</a>&nbsp;&nbsp;&nbsp;lbs_hex
</UL>
<BR>[Called By]<UL><LI><a href="#[19b]">&gt;&gt;</a>&nbsp;&nbsp;&nbsp;lbs_parse_dnld_countryinfo_11d
</UL>

<P><STRONG><a name="[20f]"></a>lbs_get_chan_11d</STRONG> (Thumb, 76 bytes, Stack size 20 bytes, 11d.o(i.lbs_get_chan_11d))
<BR><BR>[Stack]<UL><LI>Max Depth = 20<LI>Call Chain = lbs_get_chan_11d
</UL>
<BR>[Called By]<UL><LI><a href="#[1c3]">&gt;&gt;</a>&nbsp;&nbsp;&nbsp;parse_domain_info_11d
</UL>

<P><STRONG><a name="[1ce]"></a>lbs_region_2_code</STRONG> (Thumb, 74 bytes, Stack size 16 bytes, 11d.o(i.lbs_region_2_code))
<BR><BR>[Stack]<UL><LI>Max Depth = 28<LI>Call Chain = lbs_region_2_code &rArr; memcmp
</UL>
<BR>[Calls]<UL><LI><a href="#[14b]">&gt;&gt;</a>&nbsp;&nbsp;&nbsp;memcmp
<LI><a href="#[1cf]">&gt;&gt;</a>&nbsp;&nbsp;&nbsp;toupper
</UL>
<BR>[Called By]<UL><LI><a href="#[1c3]">&gt;&gt;</a>&nbsp;&nbsp;&nbsp;parse_domain_info_11d
</UL>

<P><STRONG><a name="[1d0]"></a>lbs_region_chan_supported_11d</STRONG> (Thumb, 88 bytes, Stack size 32 bytes, 11d.o(i.lbs_region_chan_supported_11d))
<BR><BR>[Stack]<UL><LI>Max Depth = 44<LI>Call Chain = lbs_region_chan_supported_11d &rArr; lbs_get_region_cfp_table
</UL>
<BR>[Calls]<UL><LI><a href="#[1d1]">&gt;&gt;</a>&nbsp;&nbsp;&nbsp;lbs_get_region_cfp_table
</UL>
<BR>[Called By]<UL><LI><a href="#[1c3]">&gt;&gt;</a>&nbsp;&nbsp;&nbsp;parse_domain_info_11d
</UL>

<P><STRONG><a name="[1c3]"></a>parse_domain_info_11d</STRONG> (Thumb, 270 bytes, Stack size 56 bytes, 11d.o(i.parse_domain_info_11d))
<BR><BR>[Stack]<UL><LI>Max Depth = 104<LI>Call Chain = parse_domain_info_11d &rArr; lbs_hex &rArr; __2printf
</UL>
<BR>[Calls]<UL><LI><a href="#[143]">&gt;&gt;</a>&nbsp;&nbsp;&nbsp;lbs_hex
<LI><a href="#[1d0]">&gt;&gt;</a>&nbsp;&nbsp;&nbsp;lbs_region_chan_supported_11d
<LI><a href="#[1ce]">&gt;&gt;</a>&nbsp;&nbsp;&nbsp;lbs_region_2_code
<LI><a href="#[20f]">&gt;&gt;</a>&nbsp;&nbsp;&nbsp;lbs_get_chan_11d
</UL>
<BR>[Called By]<UL><LI><a href="#[19b]">&gt;&gt;</a>&nbsp;&nbsp;&nbsp;lbs_parse_dnld_countryinfo_11d
</UL>

<P><STRONG><a name="[1c4]"></a>set_domain_info_11d</STRONG> (Thumb, 38 bytes, Stack size 24 bytes, 11d.o(i.set_domain_info_11d))
<BR><BR>[Stack]<UL><LI>Max Depth = 3488<LI>Call Chain = set_domain_info_11d &rArr; lbs_prepare_and_send_command &rArr; if_sdio_interrupt &rArr; if_sdio_card_to_host &rArr; sdio_io_rw_ext_helper &rArr; mmc_io_rw_extended &rArr; mmc_wait_for_req &rArr; mmc_start_request
</UL>
<BR>[Calls]<UL><LI><a href="#[19a]">&gt;&gt;</a>&nbsp;&nbsp;&nbsp;lbs_prepare_and_send_command
</UL>
<BR>[Called By]<UL><LI><a href="#[19b]">&gt;&gt;</a>&nbsp;&nbsp;&nbsp;lbs_parse_dnld_countryinfo_11d
</UL>

<P><STRONG><a name="[b5]"></a>__lbs_cleanup_and_insert_cmd</STRONG> (Thumb, 40 bytes, Stack size 16 bytes, cmd.o(i.__lbs_cleanup_and_insert_cmd))
<BR><BR>[Stack]<UL><LI>Max Depth = 32<LI>Call Chain = __lbs_cleanup_and_insert_cmd &rArr; list_add_tail
</UL>
<BR>[Calls]<UL><LI><a href="#[69]">&gt;&gt;</a>&nbsp;&nbsp;&nbsp;__aeabi_memclr
<LI><a href="#[b6]">&gt;&gt;</a>&nbsp;&nbsp;&nbsp;list_add_tail
</UL>
<BR>[Called By]<UL><LI><a href="#[b7]">&gt;&gt;</a>&nbsp;&nbsp;&nbsp;__lbs_cmd
<LI><a href="#[1b1]">&gt;&gt;</a>&nbsp;&nbsp;&nbsp;lbs_complete_command
<LI><a href="#[1a0]">&gt;&gt;</a>&nbsp;&nbsp;&nbsp;lbs_cleanup_and_insert_cmd
</UL>

<P><STRONG><a name="[b8]"></a>__lbs_cmd_async</STRONG> (Thumb, 144 bytes, Stack size 32 bytes, cmd.o(i.__lbs_cmd_async))
<BR><BR>[Stack]<UL><LI>Max Depth = 144<LI>Call Chain = __lbs_cmd_async &rArr; lbs_thread &rArr; lbs_process_command_response &rArr; lbs_complete_command &rArr; __lbs_cleanup_and_insert_cmd &rArr; list_add_tail
</UL>
<BR>[Calls]<UL><LI><a href="#[be]">&gt;&gt;</a>&nbsp;&nbsp;&nbsp;ERR_PTR
<LI><a href="#[bd]">&gt;&gt;</a>&nbsp;&nbsp;&nbsp;lbs_thread
<LI><a href="#[c0]">&gt;&gt;</a>&nbsp;&nbsp;&nbsp;__aeabi_memcpy
<LI><a href="#[c1]">&gt;&gt;</a>&nbsp;&nbsp;&nbsp;lbs_queue_cmd
<LI><a href="#[bf]">&gt;&gt;</a>&nbsp;&nbsp;&nbsp;lbs_get_cmd_ctrl_node
<LI><a href="#[88]">&gt;&gt;</a>&nbsp;&nbsp;&nbsp;__2printf
</UL>
<BR>[Called By]<UL><LI><a href="#[b7]">&gt;&gt;</a>&nbsp;&nbsp;&nbsp;__lbs_cmd
<LI><a href="#[1ae]">&gt;&gt;</a>&nbsp;&nbsp;&nbsp;lbs_cmd_async
</UL>

<P><STRONG><a name="[1cd]"></a>__list_add</STRONG> (Thumb, 10 bytes, Stack size 0 bytes, cmd.o(i.__list_add))
<BR><BR>[Called By]<UL><LI><a href="#[b6]">&gt;&gt;</a>&nbsp;&nbsp;&nbsp;list_add_tail
<LI><a href="#[c1]">&gt;&gt;</a>&nbsp;&nbsp;&nbsp;lbs_queue_cmd
</UL>

<P><STRONG><a name="[145]"></a>handle_cmd_response</STRONG> (Thumb, 306 bytes, Stack size 24 bytes, cmd.o(i.handle_cmd_response))
<BR><BR>[Stack]<UL><LI>Max Depth = 48<LI>Call Chain = handle_cmd_response &rArr; __2printf
</UL>
<BR>[Calls]<UL><LI><a href="#[147]">&gt;&gt;</a>&nbsp;&nbsp;&nbsp;__aeabi_memmove
<LI><a href="#[c0]">&gt;&gt;</a>&nbsp;&nbsp;&nbsp;__aeabi_memcpy
<LI><a href="#[146]">&gt;&gt;</a>&nbsp;&nbsp;&nbsp;lbs_ret_reg_access
<LI><a href="#[148]">&gt;&gt;</a>&nbsp;&nbsp;&nbsp;lbs_ret_802_11_rssi
<LI><a href="#[149]">&gt;&gt;</a>&nbsp;&nbsp;&nbsp;lbs_ret_802_11_bcn_ctrl
<LI><a href="#[88]">&gt;&gt;</a>&nbsp;&nbsp;&nbsp;__2printf
</UL>
<BR>[Called By]<UL><LI><a href="#[1cc]">&gt;&gt;</a>&nbsp;&nbsp;&nbsp;lbs_process_command_response
</UL>

<P><STRONG><a name="[1b9]"></a>is_command_allowed_in_ps</STRONG> (Thumb, 18 bytes, Stack size 0 bytes, cmd.o(i.is_command_allowed_in_ps))
<BR><BR>[Called By]<UL><LI><a href="#[1b7]">&gt;&gt;</a>&nbsp;&nbsp;&nbsp;lbs_execute_next_command
</UL>

<P><STRONG><a name="[1a0]"></a>lbs_cleanup_and_insert_cmd</STRONG> (Thumb, 16 bytes, Stack size 16 bytes, cmd.o(i.lbs_cleanup_and_insert_cmd))
<BR><BR>[Stack]<UL><LI>Max Depth = 48<LI>Call Chain = lbs_cleanup_and_insert_cmd &rArr; __lbs_cleanup_and_insert_cmd &rArr; list_add_tail
</UL>
<BR>[Calls]<UL><LI><a href="#[b5]">&gt;&gt;</a>&nbsp;&nbsp;&nbsp;__lbs_cleanup_and_insert_cmd
</UL>
<BR>[Called By]<UL><LI><a href="#[19a]">&gt;&gt;</a>&nbsp;&nbsp;&nbsp;lbs_prepare_and_send_command
<LI><a href="#[19f]">&gt;&gt;</a>&nbsp;&nbsp;&nbsp;lbs_allocate_cmd_buffer
</UL>

<P><STRONG><a name="[1c7]"></a>lbs_cmd_802_11_monitor_mode</STRONG> (Thumb, 30 bytes, Stack size 8 bytes, cmd.o(i.lbs_cmd_802_11_monitor_mode))
<BR><BR>[Stack]<UL><LI>Max Depth = 8<LI>Call Chain = lbs_cmd_802_11_monitor_mode
</UL>
<BR>[Called By]<UL><LI><a href="#[19a]">&gt;&gt;</a>&nbsp;&nbsp;&nbsp;lbs_prepare_and_send_command
</UL>

<P><STRONG><a name="[1c5]"></a>lbs_cmd_802_11_ps_mode</STRONG> (Thumb, 60 bytes, Stack size 0 bytes, cmd.o(i.lbs_cmd_802_11_ps_mode))
<BR><BR>[Called By]<UL><LI><a href="#[19a]">&gt;&gt;</a>&nbsp;&nbsp;&nbsp;lbs_prepare_and_send_command
</UL>

<P><STRONG><a name="[1c8]"></a>lbs_cmd_802_11_rssi</STRONG> (Thumb, 56 bytes, Stack size 0 bytes, cmd.o(i.lbs_cmd_802_11_rssi))
<BR><BR>[Called By]<UL><LI><a href="#[19a]">&gt;&gt;</a>&nbsp;&nbsp;&nbsp;lbs_prepare_and_send_command
</UL>

<P><STRONG><a name="[5c]"></a>lbs_cmd_async_callback</STRONG> (Thumb, 6 bytes, Stack size 0 bytes, cmd.o(i.lbs_cmd_async_callback))
<BR>[Address Reference Count : 2]<UL><LI> cmd.o(i.lbs_cmd_async)
<LI> cmd.o(i.lbs_complete_command)
</UL>
<P><STRONG><a name="[1c9]"></a>lbs_cmd_bcn_ctrl</STRONG> (Thumb, 36 bytes, Stack size 8 bytes, cmd.o(i.lbs_cmd_bcn_ctrl))
<BR><BR>[Stack]<UL><LI>Max Depth = 8<LI>Call Chain = lbs_cmd_bcn_ctrl
</UL>
<BR>[Called By]<UL><LI><a href="#[19a]">&gt;&gt;</a>&nbsp;&nbsp;&nbsp;lbs_prepare_and_send_command
</UL>

<P><STRONG><a name="[1af]"></a>lbs_cmd_bt_access</STRONG> (Thumb, 130 bytes, Stack size 24 bytes, cmd.o(i.lbs_cmd_bt_access))
<BR><BR>[Stack]<UL><LI>Max Depth = 72<LI>Call Chain = lbs_cmd_bt_access &rArr; lbs_hex &rArr; __2printf
</UL>
<BR>[Calls]<UL><LI><a href="#[143]">&gt;&gt;</a>&nbsp;&nbsp;&nbsp;lbs_hex
</UL>
<BR>[Called By]<UL><LI><a href="#[19a]">&gt;&gt;</a>&nbsp;&nbsp;&nbsp;lbs_prepare_and_send_command
</UL>

<P><STRONG><a name="[1b0]"></a>lbs_cmd_fwt_access</STRONG> (Thumb, 56 bytes, Stack size 24 bytes, cmd.o(i.lbs_cmd_fwt_access))
<BR><BR>[Stack]<UL><LI>Max Depth = 32<LI>Call Chain = lbs_cmd_fwt_access &rArr; __aeabi_memcpy
</UL>
<BR>[Calls]<UL><LI><a href="#[69]">&gt;&gt;</a>&nbsp;&nbsp;&nbsp;__aeabi_memclr
<LI><a href="#[c0]">&gt;&gt;</a>&nbsp;&nbsp;&nbsp;__aeabi_memcpy
</UL>
<BR>[Called By]<UL><LI><a href="#[19a]">&gt;&gt;</a>&nbsp;&nbsp;&nbsp;lbs_prepare_and_send_command
</UL>

<P><STRONG><a name="[1c6]"></a>lbs_cmd_reg_access</STRONG> (Thumb, 92 bytes, Stack size 12 bytes, cmd.o(i.lbs_cmd_reg_access))
<BR><BR>[Stack]<UL><LI>Max Depth = 12<LI>Call Chain = lbs_cmd_reg_access
</UL>
<BR>[Called By]<UL><LI><a href="#[19a]">&gt;&gt;</a>&nbsp;&nbsp;&nbsp;lbs_prepare_and_send_command
</UL>

<P><STRONG><a name="[bf]"></a>lbs_get_cmd_ctrl_node</STRONG> (Thumb, 40 bytes, Stack size 16 bytes, cmd.o(i.lbs_get_cmd_ctrl_node))
<BR><BR>[Stack]<UL><LI>Max Depth = 16<LI>Call Chain = lbs_get_cmd_ctrl_node
</UL>
<BR>[Calls]<UL><LI><a href="#[1b8]">&gt;&gt;</a>&nbsp;&nbsp;&nbsp;list_empty
<LI><a href="#[1ba]">&gt;&gt;</a>&nbsp;&nbsp;&nbsp;list_del
</UL>
<BR>[Called By]<UL><LI><a href="#[19a]">&gt;&gt;</a>&nbsp;&nbsp;&nbsp;lbs_prepare_and_send_command
<LI><a href="#[b8]">&gt;&gt;</a>&nbsp;&nbsp;&nbsp;__lbs_cmd_async
</UL>

<P><STRONG><a name="[c1]"></a>lbs_queue_cmd</STRONG> (Thumb, 94 bytes, Stack size 24 bytes, cmd.o(i.lbs_queue_cmd))
<BR><BR>[Stack]<UL><LI>Max Depth = 40<LI>Call Chain = lbs_queue_cmd &rArr; list_add_tail
</UL>
<BR>[Calls]<UL><LI><a href="#[b6]">&gt;&gt;</a>&nbsp;&nbsp;&nbsp;list_add_tail
<LI><a href="#[1cd]">&gt;&gt;</a>&nbsp;&nbsp;&nbsp;__list_add
</UL>
<BR>[Called By]<UL><LI><a href="#[19a]">&gt;&gt;</a>&nbsp;&nbsp;&nbsp;lbs_prepare_and_send_command
<LI><a href="#[b8]">&gt;&gt;</a>&nbsp;&nbsp;&nbsp;__lbs_cmd_async
</UL>

<P><STRONG><a name="[149]"></a>lbs_ret_802_11_bcn_ctrl</STRONG> (Thumb, 28 bytes, Stack size 0 bytes, cmd.o(i.lbs_ret_802_11_bcn_ctrl))
<BR><BR>[Called By]<UL><LI><a href="#[145]">&gt;&gt;</a>&nbsp;&nbsp;&nbsp;handle_cmd_response
</UL>

<P><STRONG><a name="[148]"></a>lbs_ret_802_11_rssi</STRONG> (Thumb, 94 bytes, Stack size 12 bytes, cmd.o(i.lbs_ret_802_11_rssi))
<BR><BR>[Stack]<UL><LI>Max Depth = 12<LI>Call Chain = lbs_ret_802_11_rssi
</UL>
<BR>[Called By]<UL><LI><a href="#[145]">&gt;&gt;</a>&nbsp;&nbsp;&nbsp;handle_cmd_response
</UL>

<P><STRONG><a name="[146]"></a>lbs_ret_reg_access</STRONG> (Thumb, 78 bytes, Stack size 16 bytes, cmd.o(i.lbs_ret_reg_access))
<BR><BR>[Stack]<UL><LI>Max Depth = 16<LI>Call Chain = lbs_ret_reg_access
</UL>
<BR>[Called By]<UL><LI><a href="#[145]">&gt;&gt;</a>&nbsp;&nbsp;&nbsp;handle_cmd_response
</UL>

<P><STRONG><a name="[1bb]"></a>lbs_submit_command</STRONG> (Thumb, 40 bytes, Stack size 24 bytes, cmd.o(i.lbs_submit_command))
<BR><BR>[Stack]<UL><LI>Max Depth = 24<LI>Call Chain = lbs_submit_command
</UL>
<BR>[Called By]<UL><LI><a href="#[1b7]">&gt;&gt;</a>&nbsp;&nbsp;&nbsp;lbs_execute_next_command
</UL>

<P><STRONG><a name="[b6]"></a>list_add_tail</STRONG> (Thumb, 18 bytes, Stack size 16 bytes, cmd.o(i.list_add_tail))
<BR><BR>[Stack]<UL><LI>Max Depth = 16<LI>Call Chain = list_add_tail
</UL>
<BR>[Calls]<UL><LI><a href="#[1cd]">&gt;&gt;</a>&nbsp;&nbsp;&nbsp;__list_add
</UL>
<BR>[Called By]<UL><LI><a href="#[c1]">&gt;&gt;</a>&nbsp;&nbsp;&nbsp;lbs_queue_cmd
<LI><a href="#[b5]">&gt;&gt;</a>&nbsp;&nbsp;&nbsp;__lbs_cleanup_and_insert_cmd
</UL>

<P><STRONG><a name="[1ba]"></a>list_del</STRONG> (Thumb, 16 bytes, Stack size 0 bytes, cmd.o(i.list_del))
<BR><BR>[Called By]<UL><LI><a href="#[1b7]">&gt;&gt;</a>&nbsp;&nbsp;&nbsp;lbs_execute_next_command
<LI><a href="#[bf]">&gt;&gt;</a>&nbsp;&nbsp;&nbsp;lbs_get_cmd_ctrl_node
</UL>

<P><STRONG><a name="[1b8]"></a>list_empty</STRONG> (Thumb, 16 bytes, Stack size 0 bytes, cmd.o(i.list_empty))
<BR><BR>[Called By]<UL><LI><a href="#[1b7]">&gt;&gt;</a>&nbsp;&nbsp;&nbsp;lbs_execute_next_command
<LI><a href="#[bf]">&gt;&gt;</a>&nbsp;&nbsp;&nbsp;lbs_get_cmd_ctrl_node
</UL>

<P><STRONG><a name="[1ad]"></a>set_one_wpa_key</STRONG> (Thumb, 86 bytes, Stack size 16 bytes, cmd.o(i.set_one_wpa_key))
<BR><BR>[Stack]<UL><LI>Max Depth = 24<LI>Call Chain = set_one_wpa_key &rArr; __aeabi_memcpy
</UL>
<BR>[Calls]<UL><LI><a href="#[c0]">&gt;&gt;</a>&nbsp;&nbsp;&nbsp;__aeabi_memcpy
</UL>
<BR>[Called By]<UL><LI><a href="#[e6]">&gt;&gt;</a>&nbsp;&nbsp;&nbsp;lbs_cmd_802_11_key_material
</UL>

<P><STRONG><a name="[1c1]"></a>INIT_LIST_HEAD</STRONG> (Thumb, 6 bytes, Stack size 0 bytes, marvel_main.o(i.INIT_LIST_HEAD))
<BR><BR>[Called By]<UL><LI><a href="#[196]">&gt;&gt;</a>&nbsp;&nbsp;&nbsp;lbs_init_adapter
</UL>

<P><STRONG><a name="[1c2]"></a>__list_add</STRONG> (Thumb, 10 bytes, Stack size 0 bytes, marvel_main.o(i.__list_add))
<BR><BR>[Called By]<UL><LI><a href="#[bd]">&gt;&gt;</a>&nbsp;&nbsp;&nbsp;lbs_thread
<LI><a href="#[196]">&gt;&gt;</a>&nbsp;&nbsp;&nbsp;lbs_init_adapter
</UL>

<P><STRONG><a name="[196]"></a>lbs_init_adapter</STRONG> (Thumb, 216 bytes, Stack size 32 bytes, marvel_main.o(i.lbs_init_adapter))
<BR><BR>[Stack]<UL><LI>Max Depth = 104<LI>Call Chain = lbs_init_adapter &rArr; lbs_allocate_cmd_buffer &rArr; lbs_cleanup_and_insert_cmd &rArr; __lbs_cleanup_and_insert_cmd &rArr; list_add_tail
</UL>
<BR>[Calls]<UL><LI><a href="#[c5]">&gt;&gt;</a>&nbsp;&nbsp;&nbsp;__aeabi_memclr4
<LI><a href="#[6a]">&gt;&gt;</a>&nbsp;&nbsp;&nbsp;__aeabi_memset
<LI><a href="#[1c2]">&gt;&gt;</a>&nbsp;&nbsp;&nbsp;__list_add
<LI><a href="#[1c1]">&gt;&gt;</a>&nbsp;&nbsp;&nbsp;INIT_LIST_HEAD
<LI><a href="#[19f]">&gt;&gt;</a>&nbsp;&nbsp;&nbsp;lbs_allocate_cmd_buffer
<LI><a href="#[88]">&gt;&gt;</a>&nbsp;&nbsp;&nbsp;__2printf
</UL>
<BR>[Called By]<UL><LI><a href="#[174]">&gt;&gt;</a>&nbsp;&nbsp;&nbsp;lbs_add_card
</UL>

<P><STRONG><a name="[1db]"></a>lbs_setup_firmware</STRONG> (Thumb, 92 bytes, Stack size 24 bytes, marvel_main.o(i.lbs_setup_firmware))
<BR><BR>[Stack]<UL><LI>Max Depth = 3584<LI>Call Chain = lbs_setup_firmware &rArr; lbs_update_hw_spec &rArr; lbs_cmd_with_response &rArr; __lbs_cmd &rArr; if_sdio_interrupt &rArr; if_sdio_card_to_host &rArr; sdio_io_rw_ext_helper &rArr; mmc_io_rw_extended &rArr; mmc_wait_for_req &rArr; mmc_start_request
</UL>
<BR>[Calls]<UL><LI><a href="#[df]">&gt;&gt;</a>&nbsp;&nbsp;&nbsp;lbs_set_mac_control
<LI><a href="#[6a]">&gt;&gt;</a>&nbsp;&nbsp;&nbsp;__aeabi_memset
<LI><a href="#[1dc]">&gt;&gt;</a>&nbsp;&nbsp;&nbsp;lbs_update_hw_spec
<LI><a href="#[1bf]">&gt;&gt;</a>&nbsp;&nbsp;&nbsp;lbs_get_tx_power
</UL>
<BR>[Called By]<UL><LI><a href="#[176]">&gt;&gt;</a>&nbsp;&nbsp;&nbsp;lbs_start_card
</UL>

<P><STRONG><a name="[b0]"></a>_printf_core</STRONG> (Thumb, 1064 bytes, Stack size 104 bytes, printf8.o(i._printf_core), UNUSED)
<BR><BR>[Calls]<UL><LI><a href="#[6c]">&gt;&gt;</a>&nbsp;&nbsp;&nbsp;__aeabi_uldivmod
<LI><a href="#[c7]">&gt;&gt;</a>&nbsp;&nbsp;&nbsp;_printf_pre_padding
<LI><a href="#[c8]">&gt;&gt;</a>&nbsp;&nbsp;&nbsp;_printf_post_padding
</UL>
<BR>[Called By]<UL><LI><a href="#[b2]">&gt;&gt;</a>&nbsp;&nbsp;&nbsp;__0sprintf$8
<LI><a href="#[b1]">&gt;&gt;</a>&nbsp;&nbsp;&nbsp;__0snprintf$8
<LI><a href="#[af]">&gt;&gt;</a>&nbsp;&nbsp;&nbsp;__0printf$8
</UL>

<P><STRONG><a name="[c8]"></a>_printf_post_padding</STRONG> (Thumb, 38 bytes, Stack size 24 bytes, printf8.o(i._printf_post_padding), UNUSED)
<BR><BR>[Called By]<UL><LI><a href="#[b0]">&gt;&gt;</a>&nbsp;&nbsp;&nbsp;_printf_core
</UL>

<P><STRONG><a name="[c7]"></a>_printf_pre_padding</STRONG> (Thumb, 46 bytes, Stack size 24 bytes, printf8.o(i._printf_pre_padding), UNUSED)
<BR><BR>[Called By]<UL><LI><a href="#[b0]">&gt;&gt;</a>&nbsp;&nbsp;&nbsp;_printf_core
</UL>

<P><STRONG><a name="[4b]"></a>_snputc</STRONG> (Thumb, 22 bytes, Stack size 0 bytes, printf8.o(i._snputc))
<BR>[Address Reference Count : 1]<UL><LI> printf8.o(i.__0snprintf$8)
</UL>
<P><STRONG><a name="[4c]"></a>_sputc</STRONG> (Thumb, 10 bytes, Stack size 0 bytes, printf8.o(i._sputc))
<BR><BR>[Called By]<UL><LI><a href="#[b2]">&gt;&gt;</a>&nbsp;&nbsp;&nbsp;__0sprintf$8
</UL>
<BR>[Address Reference Count : 1]<UL><LI> printf8.o(i.__0sprintf$8)
</UL>
<P><STRONG><a name="[c2]"></a>_fp_digits</STRONG> (Thumb, 318 bytes, Stack size 56 bytes, printfa.o(i._fp_digits), UNUSED)
<BR><BR>[Calls]<UL><LI><a href="#[6c]">&gt;&gt;</a>&nbsp;&nbsp;&nbsp;__aeabi_uldivmod
<LI><a href="#[75]">&gt;&gt;</a>&nbsp;&nbsp;&nbsp;__aeabi_dmul
<LI><a href="#[76]">&gt;&gt;</a>&nbsp;&nbsp;&nbsp;__aeabi_ddiv
<LI><a href="#[6f]">&gt;&gt;</a>&nbsp;&nbsp;&nbsp;__aeabi_dadd
<LI><a href="#[77]">&gt;&gt;</a>&nbsp;&nbsp;&nbsp;__aeabi_d2ulz
<LI><a href="#[c3]">&gt;&gt;</a>&nbsp;&nbsp;&nbsp;__aeabi_cdrcmple
</UL>
<BR>[Called By]<UL><LI><a href="#[b4]">&gt;&gt;</a>&nbsp;&nbsp;&nbsp;_printf_core
</UL>

<P><STRONG><a name="[b4]"></a>_printf_core</STRONG> (Thumb, 1734 bytes, Stack size 136 bytes, printfa.o(i._printf_core), UNUSED)
<BR><BR>[Calls]<UL><LI><a href="#[6c]">&gt;&gt;</a>&nbsp;&nbsp;&nbsp;__aeabi_uldivmod
<LI><a href="#[cb]">&gt;&gt;</a>&nbsp;&nbsp;&nbsp;__aeabi_uidivmod
<LI><a href="#[c9]">&gt;&gt;</a>&nbsp;&nbsp;&nbsp;_printf_pre_padding
<LI><a href="#[ca]">&gt;&gt;</a>&nbsp;&nbsp;&nbsp;_printf_post_padding
<LI><a href="#[c2]">&gt;&gt;</a>&nbsp;&nbsp;&nbsp;_fp_digits
</UL>
<BR>[Called By]<UL><LI><a href="#[b3]">&gt;&gt;</a>&nbsp;&nbsp;&nbsp;__0vprintf
</UL>

<P><STRONG><a name="[ca]"></a>_printf_post_padding</STRONG> (Thumb, 38 bytes, Stack size 24 bytes, printfa.o(i._printf_post_padding), UNUSED)
<BR><BR>[Called By]<UL><LI><a href="#[b4]">&gt;&gt;</a>&nbsp;&nbsp;&nbsp;_printf_core
</UL>

<P><STRONG><a name="[c9]"></a>_printf_pre_padding</STRONG> (Thumb, 46 bytes, Stack size 24 bytes, printfa.o(i._printf_pre_padding), UNUSED)
<BR><BR>[Called By]<UL><LI><a href="#[b4]">&gt;&gt;</a>&nbsp;&nbsp;&nbsp;_printf_core
</UL>
<P>
<H3>
Undefined Global Symbols
</H3><HR></body></html>
